Archive member included to satisfy reference by file (symbol)

../../../stack/ble/lib/libble_b92.a(ble.o)
                              ./apps/common/tlkapi_debug.o (symbol from plugin) (tlk_strlen)
../../../stack/ble/lib/libble_b92.a(ll.o)
                              ./apps/common/zigbee_ble_switch.o (symbol from plugin) (get_ble_next_event_tick)
../../../stack/ble/lib/libble_b92.a(ll_misc.o)
                              ll.o (symbol from plugin) (blt_calBit1Number)
../../../stack/ble/lib/libble_b92.a(ll_sche.o)
                              ll.o (symbol from plugin) (bltPri)
../../../stack/ble/lib/libble_b92.a(ll_system.o)
                              ./apps/sampleLight_concurrent/sampleLightBLE.o (symbol from plugin) (blc_sdk_main_loop)
../../../stack/ble/lib/libble_b92.a(acl_central.o)
                              ./apps/sampleLight_concurrent/sampleLightBLE.o (symbol from plugin) (blc_ll_initAclCentralTxFifo)
../../../stack/ble/lib/libble_b92.a(acl_conn.o)
                              acl_central.o (symbol from plugin) (AA_blms)
../../../stack/ble/lib/libble_b92.a(acl_conn_2.o)
                              ./lighting_cbb/bsp/tlsr92x/common/lds_ble_advertise.o (symbol from plugin) (blc_ll_setMaxConnectionNumber)
../../../stack/ble/lib/libble_b92.a(acl_peripheral.o)
                              acl_conn.o (symbol from plugin) (bls_conn_sel)
../../../stack/ble/lib/libble_b92.a(acl_phy.o)
                              acl_conn.o (symbol from plugin) (blt_cfg_conn_phy_param)
../../../stack/ble/lib/libble_b92.a(adv.o)
                              acl_peripheral.o (symbol from plugin) (blc_rcvd_connReq_tick)
../../../stack/ble/lib/libble_b92.a(ext_adv.o)
                              acl_peripheral.o (symbol from plugin) (blt_pextadv)
../../../stack/ble/lib/libble_b92.a(ext_adv_2.o)
                              ext_adv.o (symbol from plugin) (blt_updateExtAdvSet)
../../../stack/ble/lib/libble_b92.a(leg_adv.o)
                              ext_adv.o (symbol from plugin) (bltLegAdv)
../../../stack/ble/lib/libble_b92.a(chn_class.o)
                              acl_conn.o (symbol from plugin) (ll_acl_chnclass_ctrl_handler)
../../../stack/ble/lib/libble_b92.a(init.o)
                              acl_central.o (symbol from plugin) (pkt_init)
../../../stack/ble/lib/libble_b92.a(leg_init.o)
                              acl_central.o (symbol from plugin) (bltInit)
../../../stack/ble/lib/libble_b92.a(leg_scan.o)
                              ./lighting_cbb/bsp/tlsr92x/common/lds_ble_advertise.o (symbol from plugin) (blc_ll_initLegacyScanning_module)
../../../stack/ble/lib/libble_b92.a(scan.o)
                              ll_sche.o (symbol from plugin) (bltScn)
../../../stack/ble/lib/libble_b92.a(phy.o)
                              ll_system.o (symbol from plugin) (bltPHYs)
../../../stack/ble/lib/libble_b92.a(phy_2.o)
                              ll.o (symbol from plugin) (blt_ll_phy_param_reset)
../../../stack/ble/lib/libble_b92.a(resolvelist.o)
                              scan.o (symbol from plugin) (blRslvLst)
../../../stack/ble/lib/libble_b92.a(whitelist.o)
                              ll.o (symbol from plugin) (blc_ll_clearWhiteList)
../../../stack/ble/lib/libble_b92.a(darwin_fmn.o)
                              leg_adv.o (symbol from plugin) (custom_darwin_fmn)
../../../stack/ble/lib/libble_b92.a(debug.o)
                              acl_conn.o (symbol from plugin) (stkLog_mask)
../../../stack/ble/lib/libble_b92.a(hci.o)
                              ll.o (symbol from plugin) (bltHci_rxAclfifo)
../../../stack/ble/lib/libble_b92.a(hci_event.o)
                              acl_conn.o (symbol from plugin) (hci_disconnectionComplete_evt)
../../../stack/ble/lib/libble_b92.a(hci_vendor.o)
                              hci.o (symbol from plugin) (hci_vendor_getCurrentEventCode)
../../../stack/ble/lib/libble_b92.a(host.o)
                              ./apps/sampleLight_concurrent/sampleLightBLE.o (symbol from plugin) (blc_host_checkHostInitialization)
../../../stack/ble/lib/libble_b92.a(att_v0.o)
                              ./apps/sampleLight_concurrent/sampleLightBLE.o (symbol from plugin) (bls_att_setAttributeTable)
../../../stack/ble/lib/libble_b92.a(gatt_v0.o)
                              att_v0.o (symbol from plugin) (blt_gatt_requestServiceAccess)
../../../stack/ble/lib/libble_b92.a(gap.o)
                              att_v0.o (symbol from plugin) (blc_gap_getMasterSlavePara)
../../../stack/ble/lib/libble_b92.a(gap_event.o)
                              ./lighting_cbb/bsp/tlsr92x/common/lds_ble_advertise.o (symbol from plugin) (blc_gap_setEventMask)
../../../stack/ble/lib/libble_b92.a(gattc.o)
                              att_v0.o (symbol from plugin) (blt_gattc_mtuSizeExchangeReq)
../../../stack/ble/lib/libble_b92.a(tlk_list.o)
                              host.o (symbol from plugin) (sList_headInsertNode)
../../../stack/ble/lib/libble_b92.a(tlk_malloc.o)
[...]
Memory Configuration

Name             Origin             Length             Attributes
*default*        0x0000000000000000 0xffffffffffffffff

Linker script and memory map

LOAD /cygdrive/c/Users/huangli/AppData/Local/Temp/concurrent_sampleLight_b92.elf.AVwNMG.ltrans0.ltrans.o
LOAD /cygdrive/c/Users/huangli/AppData/Local/Temp/concurrent_sampleLight_b92.elf.AVwNMG.ltrans1.ltrans.o
LOAD /cygdrive/c/Users/huangli/AppData/Local/Temp/concurrent_sampleLight_b92.elf.AVwNMG.ltrans2.ltrans.o
LOAD /cygdrive/c/Users/huangli/AppData/Local/Temp/concurrent_sampleLight_b92.elf.AVwNMG.ltrans3.ltrans.o
LOAD /cygdrive/c/Users/huangli/AppData/Local/Temp/concurrent_sampleLight_b92.elf.AVwNMG.ltrans4.ltrans.o
LOAD /cygdrive/c/Users/huangli/AppData/Local/Temp/concurrent_sampleLight_b92.elf.AVwNMG.ltrans5.ltrans.o
LOAD /cygdrive/c/Users/huangli/AppData/Local/Temp/concurrent_sampleLight_b92.elf.AVwNMG.ltrans6.ltrans.o
LOAD /cygdrive/c/Users/huangli/AppData/Local/Temp/concurrent_sampleLight_b92.elf.AVwNMG.ltrans7.ltrans.o
LOAD ./platform/boot/b92/cstartup_b92.o
LOAD ./platform/boot/link_cfg.o
LOAD ../../../stack/ble/lib/libble_b92.a
LOAD ../../../platform/lib/libdrivers_b92.a
LOAD ../../../stack/zigbee/lib/riscv_gcc10/libzb_router.a
LOAD C:\TelinkIoTStudio\RDS\V5.1.2\toolchains\nds32le-elf-mculib-v5f\riscv32-elf\lib/libm.a
LOAD /cygdrive/c/TelinkIoTStudio/RDS/V5.1.2/toolchains/nds32le-elf-mculib-v5f/bin/../lib/gcc/riscv32-elf/10.3.0/mext-dsp/libgcc.a
START GROUP
LOAD C:\TelinkIoTStudio\RDS\V5.1.2\toolchains\nds32le-elf-mculib-v5f\riscv32-elf\lib/libc.a
LOAD C:\TelinkIoTStudio\RDS\V5.1.2\toolchains\nds32le-elf-mculib-v5f\riscv32-elf\lib/libgloss.a
END GROUP
LOAD /cygdrive/c/TelinkIoTStudio/RDS/V5.1.2/toolchains/nds32le-elf-mculib-v5f/bin/../lib/gcc/riscv32-elf/10.3.0/mext-dsp/libgcc.a
                0x0000000020000000                NDS_SAG_LMA_FLASH = 0x20000000
                0x0000000020154000                . = (0x20000000 + __FW_OFFSET)
                0x0000000020154000                PROVIDE (BIN_BEGIN = .)

.vectors        0x0000000020154000      0x12a
 *(.vectors)
 .vectors       0x0000000020154000      0x12a ./platform/boot/b92/cstartup_b92.o
                0x0000000020154000                _RESET_ENTRY
                0x0000000000000000                . = 0x0

.retention_reset
                0x0000000000000000      0x130 load address 0x0000000020154130
 *(.retention_reset)
 .retention_reset
                0x0000000000000000      0x130 ./platform/boot/b92/cstartup_b92.o
                0x0000000000000000                _IRESET_ENTRY
                0x0000000000000000                PROVIDE (_RETENTION_RESET_VMA_START = ADDR (.retention_reset))
                0x0000000020154130                PROVIDE (_RETENTION_RESET_LMA_START = LOADADDR (.retention_reset))
                0x0000000000000130                PROVIDE (_RETENTION_RESET_VMA_END = .)
                0x0000000000000130                . = ALIGN (0x8)
                0x0000000000000130                PROVIDE (_AES_VMA_START = .)

.aes_data       0x0000000000000130       0x20 load address 0x0000000020154260
 *(.aes_data)
 .aes_data      0x0000000000000130       0x20 /cygdrive/c/Users/huangli/AppData/Local/Temp/concurrent_sampleLight_b92.elf.AVwNMG.ltrans3.ltrans.o
                0x0000000000000130                aes_data_buff
                0x0000000000000150                PROVIDE (_AES_VMA_END = .)
                0x0000000000000150                . = ALIGN (0x8)

.ram_code       0x0000000000000200     0xa002 load address 0x0000000020154260
 *(.ram_code)
 .ram_code      0x0000000000000200      0x5b4 /cygdrive/c/Users/huangli/AppData/Local/Temp/concurrent_sampleLight_b92.elf.AVwNMG.ltrans0.ltrans.o
                0x0000000000000204                mac_currentTickGet
                0x0000000000000210                rf_setTrxState
                0x000000000000034c                rf_performCCA
                0x00000000000003ec                rf802154_tx
                0x0000000000000434                rf_rx_irq_handler
                0x0000000000000760                rf_tx_irq_handler
 *fill*         0x00000000000007b4        0x0 
 .ram_code      0x00000000000007b4      0xb36 /cygdrive/c/Users/huangli/AppData/Local/Temp/concurrent_sampleLight_b92.elf.AVwNMG.ltrans1.ltrans.o
                0x0000000000000a2c                drv_gpio_write
                0x0000000000000a60                core_interrupt_disable.lto_priv.6.lto_priv.0
                0x0000000000000a60                core_interrupt_disable.lto_priv.12.lto_priv.0
                0x0000000000000a60                core_interrupt_disable.lto_priv.16.lto_priv.0
                0x0000000000000a60                core_interrupt_disable.lto_priv.1.lto_priv.0
                0x0000000000000a60                core_interrupt_disable.lto_priv.11.lto_priv.0
                0x0000000000000a60                core_interrupt_disable.lto_priv.7.lto_priv.0
                0x0000000000000a60                core_interrupt_disable.lto_priv.0.lto_priv.0
                0x0000000000000a60                core_interrupt_disable.lto_priv.9.lto_priv.0
                0x0000000000000a60                core_interrupt_disable.lto_priv.10.lto_priv.0
                0x0000000000000a60                core_interrupt_disable.lto_priv.2.lto_priv.0
                0x0000000000000a60                core_interrupt_disable.lto_priv.4.lto_priv.0
                0x0000000000000a60                core_interrupt_disable.lto_priv.5.lto_priv.0
                0x0000000000000a60                core_interrupt_disable.lto_priv.14.lto_priv.0
                0x0000000000000a60                core_interrupt_disable.lto_priv.8.lto_priv.0
                0x0000000000000a60                core_interrupt_disable.lto_priv.13.lto_priv.0
                0x0000000000000a60                core_interrupt_disable.lto_priv.15.lto_priv.0
                0x0000000000000a60                core_interrupt_disable.lto_priv.3.lto_priv.0
                0x0000000000000a78                drv_disable_irq
                0x0000000000000a7c                trap_entry
                0x0000000000000abc                entry_irq19
                0x0000000000000bc4                entry_irq15
                0x0000000000000cc4                entry_irq3
                0x0000000000000dcc                entry_irq4
                0x0000000000000ed4                entry_irq1
                0x0000000000000fd4                entry_irq25
                0x00000000000010dc                entry_irq26
                0x00000000000011e4                entry_irq27
 *fill*         0x00000000000012ea        0x2 
 .ram_code      0x00000000000012ec     0x3afe /cygdrive/c/Users/huangli/AppData/Local/Temp/concurrent_sampleLight_b92.elf.AVwNMG.ltrans2.ltrans.o
                0x0000000000001300                blt_event_callback_func
                0x0000000000001494                blt_ll_incSchedulerTaskPriority
                0x00000000000017d0                blt_ll_resolvSetRpaInUse
                0x0000000000001d08                blt_leg_adv_interrupt_task
                0x000000000000207c                blt_prichn_scan_interrupt_task
                0x00000000000020c0                switch_to_ble_context
                0x000000000000216c                tlk_mem_cpy
                0x0000000000002598                __lshrdi3
                0x00000000000025c8                __ashldi3
                0x00000000000025f8                blt_ll_record_identity_address
                0x0000000000002608                blt_ll_addr_set_peer_address
                0x0000000000002624                blt_ll_calculate_sSlot_next
                0x0000000000002670                blc_sdk_irq_handler
                0x0000000000003058                blt_ll_calMasterInitiateTiming
                0x0000000000003204                blms_post_pre_process
                0x0000000000003248                blms_post_common_1
                0x00000000000033b8                blt_llms_saveTxfifoRptr
                0x0000000000003428                blc_ll_acl_recordRSSI
                0x0000000000003444                blc_ll_acl_recordLatestRSSI
                0x0000000000003454                blt_ll_storePeerDeviceRpa
                0x0000000000003464                blt_ll_searchResolvingListEntry
                0x00000000000034dc                blt_ll_resolve_rpa
                0x0000000000003c40                blt_prichn_procInitPkt
                0x0000000000003c78                irq_scan_rx_primary_channel
                0x000000000000433c                tlkapi_send_str_data
                0x0000000000004340                blt_ll_conn_chn_phy_update
                0x0000000000004b8c                blt_acl_slave_rx_procUpdateReq
                0x0000000000004d14                blt_acl_conn_interrupt_task
 *fill*         0x0000000000004dea        0x2 
 .ram_code      0x0000000000004dec     0x22e6 /cygdrive/c/Users/huangli/AppData/Local/Temp/concurrent_sampleLight_b92.elf.AVwNMG.ltrans3.ltrans.o
                0x000000000000523c                blt_csa1_calculateChannelTable
                0x00000000000052fc                csa2_calculateMapInfo
                0x0000000000005374                clock_get_32k_tick
                0x00000000000053a0                delay_us
                0x00000000000053c0                delay_ms
                0x00000000000053e4                pm_retention_register_recover
                0x000000000000543c                rf_set_chn
                0x00000000000054e0                rf_set_rxmode
                0x0000000000005728                rf_set_power_level_index
                0x0000000000005790                trng_rand
                0x00000000000057d4                ble_rf_set_rx_dma
                0x0000000000005828                ble_rf_set_tx_dma
                0x0000000000005888                rf_set_ble_channel
                0x0000000000005970                tl_zbMacHdrSize
                0x00000000000059b4                zb_macDataFilter
                0x0000000000005b7c                sys_reboot_ram
                0x0000000000005b98                mspi_wait.lto_priv.0.lto_priv.0
                0x0000000000005b98                mspi_wait.lto_priv.1.lto_priv.0
                0x0000000000005d40                mspi_stop_xip.lto_priv.0.lto_priv.0
                0x0000000000005d7c                flash_mspi_read_ram
                0x0000000000005e24                flash_mspi_write_ram
                0x0000000000005ed4                analog_wait.lto_priv.0
                0x0000000000005f40                analog_read_reg8
                0x0000000000005f88                wd_32k_get_status
                0x0000000000005fa0                analog_write_reg8
                0x0000000000005fe8                wd_32k_stop
                0x0000000000006004                pm_wait_bbpll_done
                0x000000000000644c                crystal_manual_settle
                0x0000000000006490                rf_drv_ble_init
                0x0000000000006630                clock_cal_24m_rc
                0x0000000000006728                aes_encryption_le
                0x00000000000067fc                aes_encryption_be
                0x0000000000006868                aes_resolve_irk_rpa
                0x0000000000006918                zb_buf_get
                0x0000000000006a38                tl_getRxBuf
                0x0000000000006a50                tl_zbTaskQPush
                0x0000000000006ce8                mac_trxTask.lto_priv.0
                0x0000000000007034                zb_macDataRecvHandler
                0x00000000000070cc                zb_macDataSendHandler
 *fill*         0x00000000000070d2        0x2 
 .ram_code      0x00000000000070d4     0x186e /cygdrive/c/Users/huangli/AppData/Local/Temp/concurrent_sampleLight_b92.elf.AVwNMG.ltrans6.ltrans.o
                0x0000000000007114                blt_ll_calCenTaskConcentratedInitTiming.constprop.0
                0x000000000000725c                blt_ll_set_tx_power_by_strategy.constprop.0
                0x0000000000007260                tlk_mem_set4.constprop.0
                0x000000000000726c                tlk_mem_set.constprop.0
                0x000000000000727c                tlkapi_send_str_u32s.constprop.0
                0x00000000000072b4                tlk_mem_cmp.constprop.0
                0x00000000000072dc                blt_ll_searchAddrInWhiteListTbl.constprop.0
                0x0000000000007344                clock_init_ram.constprop.0
                0x0000000000007490                pm_wait_xtal_ready.constprop.0
                0x0000000000007c94                gpio_init.constprop.0
                0x0000000000007dbc                tl_zbMacPendingDataCheck.constprop.0
                0x0000000000007e44                aes_ccmBaseTran.constprop.0.isra.0
                0x0000000000007f24                aes_ccmAuthTran.constprop.0.isra.0
                0x0000000000008080                aes_ll_ccm_decryption.constprop.0
                0x0000000000008164                blt_ll_set_slave_conn_interval_level.constprop.0.isra.0
                0x0000000000008168                rf_set_trx_state.isra.0
                0x0000000000008234                blt_ll_addScanRspDevice.isra.0
                0x000000000000829c                blt_ll_buildLegacyAdvTask.isra.0
                0x00000000000084e8                analog_read_reg32.constprop.0
                0x000000000000852c                blt_quick_tx_prepare.constprop.0.isra.0
                0x00000000000085dc                zb_buf_free.isra.0
                0x0000000000008768                tl_zbTaskPost.isra.0
                0x000000000000883c                mac_csmaStart.constprop.0.isra.0
                0x000000000000891c                flash_send_cmd.constprop.0
 *fill*         0x0000000000008942        0x2 
 .ram_code      0x0000000000008944     0x179c /cygdrive/c/Users/huangli/AppData/Local/Temp/concurrent_sampleLight_b92.elf.AVwNMG.ltrans7.ltrans.o
                0x00000000000089d4                blt_ll_build_acl_slave_schedule.isra.0
                0x0000000000008ee0                blt_brx_post.isra.0
                0x000000000000931c                irq_acl_conn_rx.isra.0
                0x0000000000009578                blms_start_common_2.isra.0
                0x0000000000009630                blt_ll_set_interval_level.isra.0
                0x00000000000096a8                blms_connect_common.isra.0
                0x0000000000009904                core_restore_interrupt.isra.0
                0x0000000000009914                drv_restore_irq.isra.0
                0x0000000000009918                blt_ll_send_adv.isra.0
 *fill*         0x000000000000a0e0       0x20 
 .ram_code      0x000000000000a100      0x102 ./platform/boot/b92/cstartup_b92.o
                0x000000000000a100                __vectors
                0x000000000000a202                PROVIDE (_RAMCODE_VMA_END = .)
                0x0000000000000200                PROVIDE (_RAMCODE_VMA_START = ADDR (.ram_code))
                0x0000000020154260                PROVIDE (_RAMCODE_LMA_START = LOADADDR (.ram_code))
                [!provide]                        PROVIDE (_RAMCODE_SIZE = SIZEOF (.ram_code))
                0x000000002015e268                . = ALIGN ((LOADADDR (.ram_code) + SIZEOF (.ram_code)), 0x8)

.text           0x000000002015e268    0x37db4
 *(.text .stub .text.* .gnu.linkonce.t.*)
 .text.zdp_txCnfCb.lto_priv.0
                0x000000002015e268        0x2 /cygdrive/c/Users/huangli/AppData/Local/Temp/concurrent_sampleLight_b92.elf.AVwNMG.ltrans0.ltrans.o
                0x000000002015e268                zdp_txCnfCb.lto_priv.0
 *fill*         0x000000002015e26a        0x2 
 .text.ll_zllAttrClr
                0x000000002015e26c        0xe /cygdrive/c/Users/huangli/AppData/Local/Temp/concurrent_sampleLight_b92.elf.AVwNMG.ltrans0.ltrans.o
                0x000000002015e26c                ll_zllAttrClr
 *fill*         0x000000002015e27a        0x2 
 .text.zcl_basic_cmdHandler
                0x000000002015e27c       0x28 /cygdrive/c/Users/huangli/AppData/Local/Temp/concurrent_sampleLight_b92.elf.AVwNMG.ltrans0.ltrans.o
 .text.zcl_scene_findAllSceneByGroup
                0x000000002015e2a4       0x50 /cygdrive/c/Users/huangli/AppData/Local/Temp/concurrent_sampleLight_b92.elf.AVwNMG.ltrans0.ltrans.o
 .text.reportAttrTimerCb
                0x000000002015e2f4       0xc4 /cygdrive/c/Users/huangli/AppData/Local/Temp/concurrent_sampleLight_b92.elf.AVwNMG.ltrans0.ltrans.o
 .text.rf_setRxBuf
                0x000000002015e3b8       0x2e /cygdrive/c/Users/huangli/AppData/Local/Temp/concurrent_sampleLight_b92.elf.AVwNMG.ltrans0.ltrans.o
 *fill*         0x000000002015e3e6        0x2 
 .text.rf_setTxPower
                0x000000002015e3e8        0xa /cygdrive/c/Users/huangli/AppData/Local/Temp/concurrent_sampleLight_b92.elf.AVwNMG.ltrans0.ltrans.o
                0x000000002015e3e8                rf_setTxPower
 *fill*         0x000000002015e3f2        0x2 
 .text.rf_edDetect.part.0
                0x000000002015e3f4       0x1a /cygdrive/c/Users/huangli/AppData/Local/Temp/concurrent_sampleLight_b92.elf.AVwNMG.ltrans0.ltrans.o
 *fill*         0x000000002015e40e        0x2 
 .text.rf_edDetect.lto_priv.0
                0x000000002015e410       0x32 /cygdrive/c/Users/huangli/AppData/Local/Temp/concurrent_sampleLight_b92.elf.AVwNMG.ltrans0.ltrans.o
                0x000000002015e410                rf_edDetect.lto_priv.0
 *fill*         0x000000002015e442        0x2 
 .text.zcl_gp_sinkTabReqPrc
                0x000000002015e444       0x9a /cygdrive/c/Users/huangli/AppData/Local/Temp/concurrent_sampleLight_b92.elf.AVwNMG.ltrans0.ltrans.o
 *fill*         0x000000002015e4de        0x2 
 .text.zcl_gp_cmdHandler
                0x000000002015e4e0      0x938 /cygdrive/c/Users/huangli/AppData/Local/Temp/concurrent_sampleLight_b92.elf.AVwNMG.ltrans0.ltrans.o
 .text.zdp_rxDataIndication.lto_priv.0
                0x000000002015ee18      0x294 /cygdrive/c/Users/huangli/AppData/Local/Temp/concurrent_sampleLight_b92.elf.AVwNMG.ltrans0.ltrans.o
                0x000000002015ee18                zdp_rxDataIndication.lto_priv.0
 .text.ll_decrypt_network_key
                0x000000002015f0ac       0xf0 /cygdrive/c/Users/huangli/AppData/Local/Temp/concurrent_sampleLight_b92.elf.AVwNMG.ltrans0.ltrans.o
 .text.zcl_rx_handler
                0x000000002015f19c       0x12 /cygdrive/c/Users/huangli/AppData/Local/Temp/concurrent_sampleLight_b92.elf.AVwNMG.ltrans0.ltrans.o
                0x000000002015f19c                zcl_rx_handler
 *fill*         0x000000002015f1ae        0x2 
 .text.zcl_zllTouchLinkDeviceInformationRequest
                0x000000002015f1b0       0x74 /cygdrive/c/Users/huangli/AppData/Local/Temp/concurrent_sampleLight_b92.elf.AVwNMG.ltrans0.ltrans.o
 .text.zcl_zllRejoinStart
                0x000000002015f224       0xa8 /cygdrive/c/Users/huangli/AppData/Local/Temp/concurrent_sampleLight_b92.elf.AVwNMG.ltrans0.ltrans.o
 .text.touchlink_discovery_network
                0x000000002015f2cc       0xca /cygdrive/c/Users/huangli/AppData/Local/Temp/concurrent_sampleLight_b92.elf.AVwNMG.ltrans0.ltrans.o
 *fill*         0x000000002015f396        0x2 
 .text.zcl_register
                0x000000002015f398       0x52 /cygdrive/c/Users/huangli/AppData/Local/Temp/concurrent_sampleLight_b92.elf.AVwNMG.ltrans0.ltrans.o
                0x000000002015f398                zcl_register
 *fill*         0x000000002015f3ea        0x2 
 .text.zcl_registerCluster
                0x000000002015f3ec       0x72 /cygdrive/c/Users/huangli/AppData/Local/Temp/concurrent_sampleLight_b92.elf.AVwNMG.ltrans0.ltrans.o
                0x000000002015f3ec                zcl_registerCluster
 *fill*         0x000000002015f45e        0x2 
 .text.zcl_basic_register
                0x000000002015f460       0x14 /cygdrive/c/Users/huangli/AppData/Local/Temp/concurrent_sampleLight_b92.elf.AVwNMG.ltrans0.ltrans.o
                0x000000002015f460                zcl_basic_register
 *fill*         0x000000002015f474        0x0 
 .text.zcl_gp_register
                0x000000002015f474       0x18 /cygdrive/c/Users/huangli/AppData/Local/Temp/concurrent_sampleLight_b92.elf.AVwNMG.ltrans0.ltrans.o
                0x000000002015f474                zcl_gp_register
 *fill*         0x000000002015f48c        0x0 
 .text.zcl_group_register
                0x000000002015f48c       0x14 /cygdrive/c/Users/huangli/AppData/Local/Temp/concurrent_sampleLight_b92.elf.AVwNMG.ltrans0.ltrans.o
                0x000000002015f48c                zcl_group_register
 *fill*         0x000000002015f4a0        0x0 
 .text.zcl_identify_register
                0x000000002015f4a0       0x14 /cygdrive/c/Users/huangli/AppData/Local/Temp/concurrent_sampleLight_b92.elf.AVwNMG.ltrans0.ltrans.o
                0x000000002015f4a0                zcl_identify_register
 *fill*         0x000000002015f4b4        0x0 
 .text.zcl_getAttrSize
                0x000000002015f4b4       0xa8 /cygdrive/c/Users/huangli/AppData/Local/Temp/concurrent_sampleLight_b92.elf.AVwNMG.ltrans0.ltrans.o
                0x000000002015f4b4                zcl_getAttrSize
 .text.zcl_parseInWriteCmd
                0x000000002015f55c       0xe6 /cygdrive/c/Users/huangli/AppData/Local/Temp/concurrent_sampleLight_b92.elf.AVwNMG.ltrans0.ltrans.o
 *fill*         0x000000002015f642        0x2 
 .text.zcl_findAttribute
                0x000000002015f644       0x56 /cygdrive/c/Users/huangli/AppData/Local/Temp/concurrent_sampleLight_b92.elf.AVwNMG.ltrans0.ltrans.o
                0x000000002015f644                zcl_findAttribute
 *fill*         0x000000002015f69a        0x2 
 .text.zcl_getAttrVal
                0x000000002015f69c       0x4e /cygdrive/c/Users/huangli/AppData/Local/Temp/concurrent_sampleLight_b92.elf.AVwNMG.ltrans0.ltrans.o
                0x000000002015f69c                zcl_getAttrVal
 *fill*         0x000000002015f6ea        0x2 
 .text.zcl_lightColorCtrl_register
                0x000000002015f6ec       0xd0 /cygdrive/c/Users/huangli/AppData/Local/Temp/concurrent_sampleLight_b92.elf.AVwNMG.ltrans0.ltrans.o
                0x000000002015f6ec                zcl_lightColorCtrl_register
 *fill*         0x000000002015f7bc        0x0 
 .text.zcl_lightColorCtrl_cmdHandler
                0x000000002015f7bc      0x540 /cygdrive/c/Users/huangli/AppData/Local/Temp/concurrent_sampleLight_b92.elf.AVwNMG.ltrans0.ltrans.o
 .text.zcl_level_register
                0x000000002015fcfc       0xe4 /cygdrive/c/Users/huangli/AppData/Local/Temp/concurrent_sampleLight_b92.elf.AVwNMG.ltrans0.ltrans.o
                0x000000002015fcfc                zcl_level_register
 .text.zcl_level_cmdHandler
                0x000000002015fde0      0x230 /cygdrive/c/Users/huangli/AppData/Local/Temp/concurrent_sampleLight_b92.elf.AVwNMG.ltrans0.ltrans.o
 .text.zcl_onOff_register
                0x0000000020160010      0x100 /cygdrive/c/Users/huangli/AppData/Local/Temp/concurrent_sampleLight_b92.elf.AVwNMG.ltrans0.ltrans.o
                0x0000000020160010                zcl_onOff_register
 .text.zcl_onOff_cmdHandler
                0x0000000020160110      0x106 /cygdrive/c/Users/huangli/AppData/Local/Temp/concurrent_sampleLight_b92.elf.AVwNMG.ltrans0.ltrans.o
 *fill*         0x0000000020160216        0x2 
 .text.zcl_scene_updateSceneCntAttr
                0x0000000020160218       0x8e /cygdrive/c/Users/huangli/AppData/Local/Temp/concurrent_sampleLight_b92.elf.AVwNMG.ltrans0.ltrans.o
 *fill*         0x00000000201602a6        0x2 
 .text.zcl_scene_register
                0x00000000201602a8       0xae /cygdrive/c/Users/huangli/AppData/Local/Temp/concurrent_sampleLight_b92.elf.AVwNMG.ltrans0.ltrans.o
                0x00000000201602a8                zcl_scene_register
 *fill*         0x0000000020160356        0x2 
 .text.zcl_scene_removeAllSceneEntry
                0x0000000020160358       0xc8 /cygdrive/c/Users/huangli/AppData/Local/Temp/concurrent_sampleLight_b92.elf.AVwNMG.ltrans0.ltrans.o
 *fill*         0x0000000020160420        0x0 
 .text.zcl_attrWrite
                0x0000000020160420       0x92 /cygdrive/c/Users/huangli/AppData/Local/Temp/concurrent_sampleLight_b92.elf.AVwNMG.ltrans0.ltrans.o
 *fill*         0x00000000201604b2        0x2 
 .text.zcl_writeHandler
                0x00000000201604b4      0x18c /cygdrive/c/Users/huangli/AppData/Local/Temp/concurrent_sampleLight_b92.elf.AVwNMG.ltrans0.ltrans.o
 *fill*         0x0000000020160640        0x0 
 .text.zcl_sendCmd
                0x0000000020160640       0xd8 /cygdrive/c/Users/huangli/AppData/Local/Temp/concurrent_sampleLight_b92.elf.AVwNMG.ltrans0.ltrans.o
                0x0000000020160640                zcl_sendCmd
 .text.zcl_group_cmdHandler
                0x0000000020160718      0x76a /cygdrive/c/Users/huangli/AppData/Local/Temp/concurrent_sampleLight_b92.elf.AVwNMG.ltrans0.ltrans.o
 *fill*         0x0000000020160e82        0x2 
 .text.zcl_identify_cmdHandler
                0x0000000020160e84      0x178 /cygdrive/c/Users/huangli/AppData/Local/Temp/concurrent_sampleLight_b92.elf.AVwNMG.ltrans0.ltrans.o
 .text.zcl_scene_cmdHandler
                0x0000000020160ffc     0x10ca /cygdrive/c/Users/huangli/AppData/Local/Temp/concurrent_sampleLight_b92.elf.AVwNMG.ltrans0.ltrans.o
 *fill*         0x00000000201620c6        0x2 
 .text.reportAttrTimerStart.part.0
                0x00000000201620c8       0xb0 /cygdrive/c/Users/huangli/AppData/Local/Temp/concurrent_sampleLight_b92.elf.AVwNMG.ltrans0.ltrans.o
                0x00000000201620c8                reportAttrTimerStart.part.0
 .text.zcl_configureReporting
                0x0000000020162178      0x2c2 /cygdrive/c/Users/huangli/AppData/Local/Temp/concurrent_sampleLight_b92.elf.AVwNMG.ltrans0.ltrans.o
                0x0000000020162178                zcl_configureReporting
 *fill*         0x000000002016243a        0x2 
 .text.zcl_cmdHandler
                0x000000002016243c     0x1a62 /cygdrive/c/Users/huangli/AppData/Local/Temp/concurrent_sampleLight_b92.elf.AVwNMG.ltrans0.ltrans.o
 *fill*         0x0000000020163e9e        0x2 
 .text.zb_rfTxDoing
                0x0000000020163ea0        0xa /cygdrive/c/Users/huangli/AppData/Local/Temp/concurrent_sampleLight_b92.elf.AVwNMG.ltrans0.ltrans.o
                0x0000000020163ea0                zb_rfTxDoing
 *fill*         0x0000000020163eaa        0x2 
 .text.rf_setChannel.part.0
                0x0000000020163eac       0x92 /cygdrive/c/Users/huangli/AppData/Local/Temp/concurrent_sampleLight_b92.elf.AVwNMG.ltrans0.ltrans.o
                0x0000000020163eac                rf_setChannel.part.0
 *fill*         0x0000000020163f3e        0x2 
 .text.rf_setChannel
                0x0000000020163f40       0x12 /cygdrive/c/Users/huangli/AppData/Local/Temp/concurrent_sampleLight_b92.elf.AVwNMG.ltrans0.ltrans.o
                0x0000000020163f40                rf_setChannel
 *fill*         0x0000000020163f52        0x2 
 .text.rf_reset
                0x0000000020163f54       0xf4 /cygdrive/c/Users/huangli/AppData/Local/Temp/concurrent_sampleLight_b92.elf.AVwNMG.ltrans0.ltrans.o
                0x0000000020163f54                rf_reset
 *fill*         0x0000000020164048        0x0 
 .text.zcl_touchLinkScanStart.lto_priv.0
                0x0000000020164048      0x168 /cygdrive/c/Users/huangli/AppData/Local/Temp/concurrent_sampleLight_b92.elf.AVwNMG.ltrans0.ltrans.o
                0x0000000020164048                zcl_touchLinkScanStart.lto_priv.0
 .text.tl_zbNwkZllCommissionScanConfirm
                0x00000000201641b0      0x248 /cygdrive/c/Users/huangli/AppData/Local/Temp/concurrent_sampleLight_b92.elf.AVwNMG.ltrans0.ltrans.o
 .text.zcl_zllTouchLinkStartRouteRequest
                0x00000000201643f8       0xcc /cygdrive/c/Users/huangli/AppData/Local/Temp/concurrent_sampleLight_b92.elf.AVwNMG.ltrans0.ltrans.o
 .text.zcl_zllTouchLinkNetworkJoinRealjoin
                0x00000000201644c4      0x142 /cygdrive/c/Users/huangli/AppData/Local/Temp/concurrent_sampleLight_b92.elf.AVwNMG.ltrans0.ltrans.o
 *fill*         0x0000000020164606        0x2 
 .text.zcl_zllTouchLinkLeaveCnfCb
                0x0000000020164608       0x3c /cygdrive/c/Users/huangli/AppData/Local/Temp/concurrent_sampleLight_b92.elf.AVwNMG.ltrans0.ltrans.o
                0x0000000020164608                zcl_zllTouchLinkLeaveCnfCb
 *fill*         0x0000000020164644        0x0 
 .text.zcl_zllTouchLinkNetworkStartOrJoinNwkLeave
                0x0000000020164644       0x96 /cygdrive/c/Users/huangli/AppData/Local/Temp/concurrent_sampleLight_b92.elf.AVwNMG.ltrans0.ltrans.o
 *fill*         0x00000000201646da        0x2 
 .text.zcl_zllTouchLinkFinish
                0x00000000201646dc      0x142 /cygdrive/c/Users/huangli/AppData/Local/Temp/concurrent_sampleLight_b92.elf.AVwNMG.ltrans0.ltrans.o
                0x00000000201646dc                zcl_zllTouchLinkFinish
 *fill*         0x000000002016481e        0x2 
 .text.zcl_touchLinkIdentifyRequestDone
                0x0000000020164820       0x16 /cygdrive/c/Users/huangli/AppData/Local/Temp/concurrent_sampleLight_b92.elf.AVwNMG.ltrans0.ltrans.o
 *fill*         0x0000000020164836        0x2 
 .text.zcl_zllTouchLinkIdentifyRequest
                0x0000000020164838      0x1fc /cygdrive/c/Users/huangli/AppData/Local/Temp/concurrent_sampleLight_b92.elf.AVwNMG.ltrans0.ltrans.o
 .text.zcl_zllTouchLinkNetworkStartOrJoin
                0x0000000020164a34      0x41a /cygdrive/c/Users/huangli/AppData/Local/Temp/concurrent_sampleLight_b92.elf.AVwNMG.ltrans0.ltrans.o
                0x0000000020164a34                zcl_zllTouchLinkNetworkStartOrJoin
 *fill*         0x0000000020164e4e        0x2 
 .text.zcl_zllTouchLinkDiscoverydone
                0x0000000020164e50      0x110 /cygdrive/c/Users/huangli/AppData/Local/Temp/concurrent_sampleLight_b92.elf.AVwNMG.ltrans0.ltrans.o
 .text.zcl_zllTouchLinNetworkStartRespCmdSend
                0x0000000020164f60       0xd2 /cygdrive/c/Users/huangli/AppData/Local/Temp/concurrent_sampleLight_b92.elf.AVwNMG.ltrans0.ltrans.o
 *fill*         0x0000000020165032        0x2 
 .text.zcl_zllTouchLinkStartNetworkStartOrJoinTimeout
                0x0000000020165034       0x18 /cygdrive/c/Users/huangli/AppData/Local/Temp/concurrent_sampleLight_b92.elf.AVwNMG.ltrans0.ltrans.o
 .text.zcl_zllTouchLinkNetworkStartDirectJoin
                0x000000002016504c       0xd0 /cygdrive/c/Users/huangli/AppData/Local/Temp/concurrent_sampleLight_b92.elf.AVwNMG.ltrans0.ltrans.o
                0x000000002016504c                zcl_zllTouchLinkNetworkStartDirectJoin
 .text.zcl_zllTouchLinkNetworkStartResponseHandler
                0x000000002016511c       0x60 /cygdrive/c/Users/huangli/AppData/Local/Temp/concurrent_sampleLight_b92.elf.AVwNMG.ltrans0.ltrans.o
 .text.zcl_zllTouchLinkNetwokJoinResponseHandler
                0x000000002016517c       0x14 /cygdrive/c/Users/huangli/AppData/Local/Temp/concurrent_sampleLight_b92.elf.AVwNMG.ltrans0.ltrans.o
 .text.zcl_zllTouchLinkTimeout
                0x0000000020165190       0x18 /cygdrive/c/Users/huangli/AppData/Local/Temp/concurrent_sampleLight_b92.elf.AVwNMG.ltrans0.ltrans.o
                0x0000000020165190                zcl_zllTouchLinkTimeout
 .text.zcl_touchLinkCmdHandler
                0x00000000201651a8     0x1048 /cygdrive/c/Users/huangli/AppData/Local/Temp/concurrent_sampleLight_b92.elf.AVwNMG.ltrans0.ltrans.o
                0x00000000201651a8                zcl_touchLinkCmdHandler
 .text.gpChangleChannelReqCb
                0x00000000201661f0        0x6 /cygdrive/c/Users/huangli/AppData/Local/Temp/concurrent_sampleLight_b92.elf.AVwNMG.ltrans1.ltrans.o
                0x00000000201661f0                gpChangleChannelReqCb
 *fill*         0x00000000201661f6        0x2 
 .text.gpDataCnfPrc
                0x00000000201661f8        0x2 /cygdrive/c/Users/huangli/AppData/Local/Temp/concurrent_sampleLight_b92.elf.AVwNMG.ltrans1.ltrans.o
 *fill*         0x00000000201661fa        0x2 
 .text.gp_getProxyTabEntryLen
                0x00000000201661fc       0xa2 /cygdrive/c/Users/huangli/AppData/Local/Temp/concurrent_sampleLight_b92.elf.AVwNMG.ltrans1.ltrans.o
 *fill*         0x000000002016629e        0x2 
 .text.gp_buildProxyTabEntryFormat
                0x00000000201662a0      0x20e /cygdrive/c/Users/huangli/AppData/Local/Temp/concurrent_sampleLight_b92.elf.AVwNMG.ltrans1.ltrans.o
 *fill*         0x00000000201664ae        0x2 
 .text.gp_getProxyTabByGpdId
                0x00000000201664b0       0x9a /cygdrive/c/Users/huangli/AppData/Local/Temp/concurrent_sampleLight_b92.elf.AVwNMG.ltrans1.ltrans.o
 *fill*         0x000000002016654a        0x2 
 .text.zclGpProxyTabAttrUpdate.part.0
                0x000000002016654c       0xde /cygdrive/c/Users/huangli/AppData/Local/Temp/concurrent_sampleLight_b92.elf.AVwNMG.ltrans1.ltrans.o
 *fill*         0x000000002016662a        0x2 
 .text.bdb_findBindIdentifyQueryTimeout
                0x000000002016662c       0x5e /cygdrive/c/Users/huangli/AppData/Local/Temp/concurrent_sampleLight_b92.elf.AVwNMG.ltrans1.ltrans.o
 *fill*         0x000000002016668a        0x2 
 .text.bdb_task_delay
                0x000000002016668c       0x20 /cygdrive/c/Users/huangli/AppData/Local/Temp/concurrent_sampleLight_b92.elf.AVwNMG.ltrans1.ltrans.o
 .text.bdb_commssionUtilityCallback
                0x00000000201666ac        0x2 /cygdrive/c/Users/huangli/AppData/Local/Temp/concurrent_sampleLight_b92.elf.AVwNMG.ltrans1.ltrans.o
 *fill*         0x00000000201666ae        0x2 
 .text.ev_timer_nearestUpdate
                0x00000000201666b0       0x26 /cygdrive/c/Users/huangli/AppData/Local/Temp/concurrent_sampleLight_b92.elf.AVwNMG.ltrans1.ltrans.o
                0x00000000201666b0                ev_timer_nearestUpdate
 *fill*         0x00000000201666d6        0x2 
 .text.adc_get_voltage_dma
                0x00000000201666d8      0x20e /cygdrive/c/Users/huangli/AppData/Local/Temp/concurrent_sampleLight_b92.elf.AVwNMG.ltrans1.ltrans.o
 *fill*         0x00000000201668e6        0x2 
 .text.flash_write
                0x00000000201668e8        0x6 /cygdrive/c/Users/huangli/AppData/Local/Temp/concurrent_sampleLight_b92.elf.AVwNMG.ltrans1.ltrans.o
                0x00000000201668e8                flash_write
 *fill*         0x00000000201668ee        0x2 
 .text.drv_gpio_irq_process.part.0
                0x00000000201668f0       0x22 /cygdrive/c/Users/huangli/AppData/Local/Temp/concurrent_sampleLight_b92.elf.AVwNMG.ltrans1.ltrans.o
 *fill*         0x0000000020166912        0x2 
 .text.drv_gpio_irq_process
                0x0000000020166914        0xe /cygdrive/c/Users/huangli/AppData/Local/Temp/concurrent_sampleLight_b92.elf.AVwNMG.ltrans1.ltrans.o
 *fill*         0x0000000020166922        0x2 
 .text.drv_gpio_irq_handler
                0x0000000020166924        0x6 /cygdrive/c/Users/huangli/AppData/Local/Temp/concurrent_sampleLight_b92.elf.AVwNMG.ltrans1.ltrans.o
 *fill*         0x000000002016692a        0x2 
 .text.drv_gpio_irq_risc0_handler
                0x000000002016692c        0x6 /cygdrive/c/Users/huangli/AppData/Local/Temp/concurrent_sampleLight_b92.elf.AVwNMG.ltrans1.ltrans.o
 *fill*         0x0000000020166932        0x2 
 .text.drv_gpio_irq_risc1_handler
                0x0000000020166934        0x6 /cygdrive/c/Users/huangli/AppData/Local/Temp/concurrent_sampleLight_b92.elf.AVwNMG.ltrans1.ltrans.o
 *fill*         0x000000002016693a        0x2 
 .text.randInit
                0x000000002016693c       0x8e /cygdrive/c/Users/huangli/AppData/Local/Temp/concurrent_sampleLight_b92.elf.AVwNMG.ltrans1.ltrans.o
 *fill*         0x00000000201669ca        0x2 
 .text.xcrc32   0x00000000201669cc       0x34 /cygdrive/c/Users/huangli/AppData/Local/Temp/concurrent_sampleLight_b92.elf.AVwNMG.ltrans1.ltrans.o
                0x00000000201669cc                xcrc32
 .text.timer_set_cap_tick
                0x0000000020166a00       0x16 /cygdrive/c/Users/huangli/AppData/Local/Temp/concurrent_sampleLight_b92.elf.AVwNMG.ltrans1.ltrans.o
 *fill*         0x0000000020166a16        0x2 
 .text.hwTimerStop
                0x0000000020166a18       0x22 /cygdrive/c/Users/huangli/AppData/Local/Temp/concurrent_sampleLight_b92.elf.AVwNMG.ltrans1.ltrans.o
 *fill*         0x0000000020166a3a        0x2 
 .text.drv_uart_rx_irq_handler
                0x0000000020166a3c       0xa2 /cygdrive/c/Users/huangli/AppData/Local/Temp/concurrent_sampleLight_b92.elf.AVwNMG.ltrans1.ltrans.o
 *fill*         0x0000000020166ade        0x2 
 .text.uart_dma_send
                0x0000000020166ae0       0x84 /cygdrive/c/Users/huangli/AppData/Local/Temp/concurrent_sampleLight_b92.elf.AVwNMG.ltrans1.ltrans.o
 .text.gpio_irq_handler
                0x0000000020166b64       0x1a /cygdrive/c/Users/huangli/AppData/Local/Temp/concurrent_sampleLight_b92.elf.AVwNMG.ltrans1.ltrans.o
 *fill*         0x0000000020166b7e        0x2 
 .text.gpio_risc0_irq_handler
                0x0000000020166b80       0x1a /cygdrive/c/Users/huangli/AppData/Local/Temp/concurrent_sampleLight_b92.elf.AVwNMG.ltrans1.ltrans.o
 *fill*         0x0000000020166b9a        0x2 
 .text.gpio_risc1_irq_handler
                0x0000000020166b9c       0x1a /cygdrive/c/Users/huangli/AppData/Local/Temp/concurrent_sampleLight_b92.elf.AVwNMG.ltrans1.ltrans.o
 *fill*         0x0000000020166bb6        0x2 
 .text.ldsDataMoveCheck.lto_priv.0
                0x0000000020166bb8       0x2a /cygdrive/c/Users/huangli/AppData/Local/Temp/concurrent_sampleLight_b92.elf.AVwNMG.ltrans1.ltrans.o
 *fill*         0x0000000020166be2        0x2 
 .text.ldsMfgTokenCctDriverModeGet
                0x0000000020166be4       0x16 /cygdrive/c/Users/huangli/AppData/Local/Temp/concurrent_sampleLight_b92.elf.AVwNMG.ltrans1.ltrans.o
 *fill*         0x0000000020166bfa        0x2 
 .text.ldsDeviceAdcVoltageGet
                0x0000000020166bfc        0x6 /cygdrive/c/Users/huangli/AppData/Local/Temp/concurrent_sampleLight_b92.elf.AVwNMG.ltrans1.ltrans.o
 *fill*         0x0000000020166c02        0x2 
 .text.ldsDriverPwmInit
                0x0000000020166c04       0x7a /cygdrive/c/Users/huangli/AppData/Local/Temp/concurrent_sampleLight_b92.elf.AVwNMG.ltrans1.ltrans.o
 *fill*         0x0000000020166c7e        0x2 
 .text.ldsMfgTokenGetModelID
                0x0000000020166c80       0x46 /cygdrive/c/Users/huangli/AppData/Local/Temp/concurrent_sampleLight_b92.elf.AVwNMG.ltrans1.ltrans.o
 *fill*         0x0000000020166cc6        0x2 
 .text.ldsMfgTokenDriverMinDutyCycle
                0x0000000020166cc8       0x1a /cygdrive/c/Users/huangli/AppData/Local/Temp/concurrent_sampleLight_b92.elf.AVwNMG.ltrans1.ltrans.o
 *fill*         0x0000000020166ce2        0x2 
 .text.ldsMfgTokenDriverMaxDutyCycle
                0x0000000020166ce4       0x1c /cygdrive/c/Users/huangli/AppData/Local/Temp/concurrent_sampleLight_b92.elf.AVwNMG.ltrans1.ltrans.o
 .text.ldsTokenWwOutputLimit
                0x0000000020166d00       0x1a /cygdrive/c/Users/huangli/AppData/Local/Temp/concurrent_sampleLight_b92.elf.AVwNMG.ltrans1.ltrans.o
 *fill*         0x0000000020166d1a        0x2 
 .text.ldsTokenCwOutputLimit
                0x0000000020166d1c       0x1a /cygdrive/c/Users/huangli/AppData/Local/Temp/concurrent_sampleLight_b92.elf.AVwNMG.ltrans1.ltrans.o
 *fill*         0x0000000020166d36        0x2 
 .text.ldsTokenMediumOutputLimit
                0x0000000020166d38       0x1a /cygdrive/c/Users/huangli/AppData/Local/Temp/concurrent_sampleLight_b92.elf.AVwNMG.ltrans1.ltrans.o
 *fill*         0x0000000020166d52        0x2 
 .text.ldsGetDriverTypeIsPwm
                0x0000000020166d54        0xa /cygdrive/c/Users/huangli/AppData/Local/Temp/concurrent_sampleLight_b92.elf.AVwNMG.ltrans1.ltrans.o
                0x0000000020166d54                ldsGetDriverTypeIsPwm
 *fill*         0x0000000020166d5e        0x2 
 .text.ldsBdbCommissionSettingParamsUpdate
                0x0000000020166d60       0x5e /cygdrive/c/Users/huangli/AppData/Local/Temp/concurrent_sampleLight_b92.elf.AVwNMG.ltrans1.ltrans.o
 *fill*         0x0000000020166dbe        0x2 
 .text.spp_onReceiveData
                0x0000000020166dc0        0x6 /cygdrive/c/Users/huangli/AppData/Local/Temp/concurrent_sampleLight_b92.elf.AVwNMG.ltrans1.ltrans.o
 *fill*         0x0000000020166dc6        0x2 
 .text.gpCommissioningModeCb
                0x0000000020166dc8       0x30 /cygdrive/c/Users/huangli/AppData/Local/Temp/concurrent_sampleLight_b92.elf.AVwNMG.ltrans1.ltrans.o
 .text.bdb_nwkDiscCnfCb
                0x0000000020166df8       0x72 /cygdrive/c/Users/huangli/AppData/Local/Temp/concurrent_sampleLight_b92.elf.AVwNMG.ltrans1.ltrans.o
 *fill*         0x0000000020166e6a        0x2 
 .text.gpAliasConflictTimeoutCb
                0x0000000020166e6c       0x78 /cygdrive/c/Users/huangli/AppData/Local/Temp/concurrent_sampleLight_b92.elf.AVwNMG.ltrans1.ltrans.o
 .text.drv_u32Rand
                0x0000000020166ee4        0xa /cygdrive/c/Users/huangli/AppData/Local/Temp/concurrent_sampleLight_b92.elf.AVwNMG.ltrans1.ltrans.o
                0x0000000020166ee4                drv_u32Rand
 *fill*         0x0000000020166eee        0x2 
 .text.uart0_irq_handler
                0x0000000020166ef0       0x84 /cygdrive/c/Users/huangli/AppData/Local/Temp/concurrent_sampleLight_b92.elf.AVwNMG.ltrans1.ltrans.o
 .text.gpCommissioningWindowTimeoutCb
                0x0000000020166f74       0x4e /cygdrive/c/Users/huangli/AppData/Local/Temp/concurrent_sampleLight_b92.elf.AVwNMG.ltrans1.ltrans.o
 *fill*         0x0000000020166fc2        0x2 
 .text.bdb_binding
                0x0000000020166fc4      0x1c4 /cygdrive/c/Users/huangli/AppData/Local/Temp/concurrent_sampleLight_b92.elf.AVwNMG.ltrans1.ltrans.o
 .text.bdb_ieeeAddrResp
                0x0000000020167188       0x56 /cygdrive/c/Users/huangli/AppData/Local/Temp/concurrent_sampleLight_b92.elf.AVwNMG.ltrans1.ltrans.o
 *fill*         0x00000000201671de        0x2 
 .text.bdb_simpleDescReqTimeoutCb
                0x00000000201671e0       0x88 /cygdrive/c/Users/huangli/AppData/Local/Temp/concurrent_sampleLight_b92.elf.AVwNMG.ltrans1.ltrans.o
 .text.bdb_findBindIdentifyTimeout
                0x0000000020167268       0x84 /cygdrive/c/Users/huangli/AppData/Local/Temp/concurrent_sampleLight_b92.elf.AVwNMG.ltrans1.ltrans.o
 .text.wd_turn_off_vbus_timer
                0x00000000201672ec       0x12 /cygdrive/c/Users/huangli/AppData/Local/Temp/concurrent_sampleLight_b92.elf.AVwNMG.ltrans1.ltrans.o
 *fill*         0x00000000201672fe        0x2 
 .text.usb_get_vbus_detect_status
                0x0000000020167300       0x1a /cygdrive/c/Users/huangli/AppData/Local/Temp/concurrent_sampleLight_b92.elf.AVwNMG.ltrans1.ltrans.o
 *fill*         0x000000002016731a        0x2 
 .text.drv_vbusWatchdogClose
                0x000000002016731c       0x66 /cygdrive/c/Users/huangli/AppData/Local/Temp/concurrent_sampleLight_b92.elf.AVwNMG.ltrans1.ltrans.o
 *fill*         0x0000000020167382        0x2 
 .text.internalFlashSizeCheck
                0x0000000020167384       0x90 /cygdrive/c/Users/huangli/AppData/Local/Temp/concurrent_sampleLight_b92.elf.AVwNMG.ltrans1.ltrans.o
 .text.platform_wakeup_init
                0x0000000020167414      0x3f6 /cygdrive/c/Users/huangli/AppData/Local/Temp/concurrent_sampleLight_b92.elf.AVwNMG.ltrans1.ltrans.o
 *fill*         0x000000002016780a        0x2 
 .text.drv_enable_irq
                0x000000002016780c       0x16 /cygdrive/c/Users/huangli/AppData/Local/Temp/concurrent_sampleLight_b92.elf.AVwNMG.ltrans1.ltrans.o
 *fill*         0x0000000020167822        0x2 
 .text.hwTimerSet
                0x0000000020167824       0x22 /cygdrive/c/Users/huangli/AppData/Local/Temp/concurrent_sampleLight_b92.elf.AVwNMG.ltrans1.ltrans.o
 *fill*         0x0000000020167846        0x2 
 .text.ldsI2cKp18057ChipDataTransform.part.0
                0x0000000020167848      0x200 /cygdrive/c/Users/huangli/AppData/Local/Temp/concurrent_sampleLight_b92.elf.AVwNMG.ltrans1.ltrans.o
 .text.ldsDeviceCurrentOnoffState
                0x0000000020167a48       0x22 /cygdrive/c/Users/huangli/AppData/Local/Temp/concurrent_sampleLight_b92.elf.AVwNMG.ltrans1.ltrans.o
 *fill*         0x0000000020167a6a        0x2 
 .text.ldsSetAttrWhenReachTarget.part.0
                0x0000000020167a6c       0x6c /cygdrive/c/Users/huangli/AppData/Local/Temp/concurrent_sampleLight_b92.elf.AVwNMG.ltrans1.ltrans.o
 .text.ldsSetAttrWhenReachTarget
                0x0000000020167ad8       0xe2 /cygdrive/c/Users/huangli/AppData/Local/Temp/concurrent_sampleLight_b92.elf.AVwNMG.ltrans1.ltrans.o
 *fill*         0x0000000020167bba        0x2 
 .text.ldsDeviceAdcInit
                0x0000000020167bbc      0x312 /cygdrive/c/Users/huangli/AppData/Local/Temp/concurrent_sampleLight_b92.elf.AVwNMG.ltrans1.ltrans.o
 *fill*         0x0000000020167ece        0x2 
 .text.ldsDriverCommonInit
                0x0000000020167ed0      0x1e0 /cygdrive/c/Users/huangli/AppData/Local/Temp/concurrent_sampleLight_b92.elf.AVwNMG.ltrans1.ltrans.o
 .text.sampleLightAttrsStoreTimerCb
                0x00000000201680b0       0x1e /cygdrive/c/Users/huangli/AppData/Local/Temp/concurrent_sampleLight_b92.elf.AVwNMG.ltrans1.ltrans.o
 *fill*         0x00000000201680ce        0x2 
 .text.sampleLightSysException
                0x00000000201680d0       0x12 /cygdrive/c/Users/huangli/AppData/Local/Temp/concurrent_sampleLight_b92.elf.AVwNMG.ltrans1.ltrans.o
 *fill*         0x00000000201680e2        0x2 
 .text.memcmp   0x00000000201680e4       0x28 /cygdrive/c/Users/huangli/AppData/Local/Temp/concurrent_sampleLight_b92.elf.AVwNMG.ltrans1.ltrans.o
                0x00000000201680e4                memcmp
 .text.memset   0x000000002016810c       0xac /cygdrive/c/Users/huangli/AppData/Local/Temp/concurrent_sampleLight_b92.elf.AVwNMG.ltrans1.ltrans.o
                0x000000002016810c                memset
 .text.gpSecReqPrc
                0x00000000201681b8      0x3a2 /cygdrive/c/Users/huangli/AppData/Local/Temp/concurrent_sampleLight_b92.elf.AVwNMG.ltrans1.ltrans.o
 *fill*         0x000000002016855a        0x2 
 .text.ev_buf_reset
                0x000000002016855c       0xf0 /cygdrive/c/Users/huangli/AppData/Local/Temp/concurrent_sampleLight_b92.elf.AVwNMG.ltrans1.ltrans.o
 .text.drv_hwTmr_irq_process
                0x000000002016864c       0xb6 /cygdrive/c/Users/huangli/AppData/Local/Temp/concurrent_sampleLight_b92.elf.AVwNMG.ltrans1.ltrans.o
 *fill*         0x0000000020168702        0x2 
 .text.timer0_irq_handler
                0x0000000020168704       0x1e /cygdrive/c/Users/huangli/AppData/Local/Temp/concurrent_sampleLight_b92.elf.AVwNMG.ltrans1.ltrans.o
 *fill*         0x0000000020168722        0x2 
 .text.timer1_irq_handler
                0x0000000020168724       0x1e /cygdrive/c/Users/huangli/AppData/Local/Temp/concurrent_sampleLight_b92.elf.AVwNMG.ltrans1.ltrans.o
 *fill*         0x0000000020168742        0x2 
 .text.aps_groupEntryDel.lto_priv.0
                0x0000000020168744       0x70 /cygdrive/c/Users/huangli/AppData/Local/Temp/concurrent_sampleLight_b92.elf.AVwNMG.ltrans1.ltrans.o
                0x0000000020168744                aps_groupEntryDel.lto_priv.0
 .text.aps_group_search_by_addr
                0x00000000201687b4       0xbc /cygdrive/c/Users/huangli/AppData/Local/Temp/concurrent_sampleLight_b92.elf.AVwNMG.ltrans1.ltrans.o
                0x00000000201687b4                aps_group_search_by_addr
 .text.aps_group_ep_find
                0x0000000020168870       0xb6 /cygdrive/c/Users/huangli/AppData/Local/Temp/concurrent_sampleLight_b92.elf.AVwNMG.ltrans1.ltrans.o
                0x0000000020168870                aps_group_ep_find
 *fill*         0x0000000020168926        0x2 
 .text.aps_me_group_add_req
                0x0000000020168928      0x13a /cygdrive/c/Users/huangli/AppData/Local/Temp/concurrent_sampleLight_b92.elf.AVwNMG.ltrans1.ltrans.o
                0x0000000020168928                aps_me_group_add_req
 *fill*         0x0000000020168a62        0x2 
 .text.af_clsuterIdMatched
                0x0000000020168a64       0x5a /cygdrive/c/Users/huangli/AppData/Local/Temp/concurrent_sampleLight_b92.elf.AVwNMG.ltrans1.ltrans.o
                0x0000000020168a64                af_clsuterIdMatched
 *fill*         0x0000000020168abe        0x2 
 .text.ev_rtc_update
                0x0000000020168ac0      0x204 /cygdrive/c/Users/huangli/AppData/Local/Temp/concurrent_sampleLight_b92.elf.AVwNMG.ltrans1.ltrans.o
                0x0000000020168ac0                ev_rtc_update
 .text.flash_writeWithCheck
                0x0000000020168cc4       0x5c /cygdrive/c/Users/huangli/AppData/Local/Temp/concurrent_sampleLight_b92.elf.AVwNMG.ltrans1.ltrans.o
                0x0000000020168cc4                flash_writeWithCheck
 .text.nv_write_item
                0x0000000020168d20      0x484 /cygdrive/c/Users/huangli/AppData/Local/Temp/concurrent_sampleLight_b92.elf.AVwNMG.ltrans1.ltrans.o
 .text.flash_read
                0x00000000201691a4        0x6 /cygdrive/c/Users/huangli/AppData/Local/Temp/concurrent_sampleLight_b92.elf.AVwNMG.ltrans1.ltrans.o
                0x00000000201691a4                flash_read
 *fill*         0x00000000201691aa        0x2 
 .text.generateIEEEAddr
                0x00000000201691ac      0x18a /cygdrive/c/Users/huangli/AppData/Local/Temp/concurrent_sampleLight_b92.elf.AVwNMG.ltrans1.ltrans.o
                0x00000000201691ac                generateIEEEAddr
 *fill*         0x0000000020169336        0x2 
 .text.drv_calib_freq_offset
                0x0000000020169338       0x54 /cygdrive/c/Users/huangli/AppData/Local/Temp/concurrent_sampleLight_b92.elf.AVwNMG.ltrans1.ltrans.o
 .text.drv_calibration
                0x000000002016938c       0xaa /cygdrive/c/Users/huangli/AppData/Local/Temp/concurrent_sampleLight_b92.elf.AVwNMG.ltrans1.ltrans.o
 *fill*         0x0000000020169436        0x2 
 .text.ldsDeviceInformationInfo
                0x0000000020169438       0x6c /cygdrive/c/Users/huangli/AppData/Local/Temp/concurrent_sampleLight_b92.elf.AVwNMG.ltrans1.ltrans.o
 .text.ev_on_timer
                0x00000000201694a4       0x7c /cygdrive/c/Users/huangli/AppData/Local/Temp/concurrent_sampleLight_b92.elf.AVwNMG.ltrans1.ltrans.o
                0x00000000201694a4                ev_on_timer
 .text.ldsTrfTimerSchedule
                0x0000000020169520      0x2f6 /cygdrive/c/Users/huangli/AppData/Local/Temp/concurrent_sampleLight_b92.elf.AVwNMG.ltrans1.ltrans.o
 *fill*         0x0000000020169816        0x2 
 .text.drv_platform_init
                0x0000000020169818       0xca /cygdrive/c/Users/huangli/AppData/Local/Temp/concurrent_sampleLight_b92.elf.AVwNMG.ltrans1.ltrans.o
 *fill*         0x00000000201698e2        0x2 
 .text.ev_buf_allocate
                0x00000000201698e4       0x90 /cygdrive/c/Users/huangli/AppData/Local/Temp/concurrent_sampleLight_b92.elf.AVwNMG.ltrans1.ltrans.o
                0x00000000201698e4                ev_buf_allocate
 .text.gpCommissioningNotificationCmdSend
                0x0000000020169974      0x18a /cygdrive/c/Users/huangli/AppData/Local/Temp/concurrent_sampleLight_b92.elf.AVwNMG.ltrans1.ltrans.o
 *fill*         0x0000000020169afe        0x2 
 .text.ev_unon_timer
                0x0000000020169b00       0xce /cygdrive/c/Users/huangli/AppData/Local/Temp/concurrent_sampleLight_b92.elf.AVwNMG.ltrans1.ltrans.o
                0x0000000020169b00                ev_unon_timer
 *fill*         0x0000000020169bce        0x2 
 .text.bdb_SimpleDescResp
                0x0000000020169bd0      0x2a2 /cygdrive/c/Users/huangli/AppData/Local/Temp/concurrent_sampleLight_b92.elf.AVwNMG.ltrans1.ltrans.o
 *fill*         0x0000000020169e72        0x2 
 .text.bdb_nodeDescRespHandler
                0x0000000020169e74       0xae /cygdrive/c/Users/huangli/AppData/Local/Temp/concurrent_sampleLight_b92.elf.AVwNMG.ltrans1.ltrans.o
 *fill*         0x0000000020169f22        0x2 
 .text.bdb_retrieveTcLinkKeyTimeout
                0x0000000020169f24      0x114 /cygdrive/c/Users/huangli/AppData/Local/Temp/concurrent_sampleLight_b92.elf.AVwNMG.ltrans1.ltrans.o
 .text.bdb_touchLinkCallback
                0x000000002016a038       0xe0 /cygdrive/c/Users/huangli/AppData/Local/Temp/concurrent_sampleLight_b92.elf.AVwNMG.ltrans1.ltrans.o
 .text.ev_timer_taskPost
                0x000000002016a118       0xaa /cygdrive/c/Users/huangli/AppData/Local/Temp/concurrent_sampleLight_b92.elf.AVwNMG.ltrans1.ltrans.o
                0x000000002016a118                ev_timer_taskPost
 *fill*         0x000000002016a1c2        0x2 
 .text.gpDevAnnceCheckCb
                0x000000002016a1c4      0x1c6 /cygdrive/c/Users/huangli/AppData/Local/Temp/concurrent_sampleLight_b92.elf.AVwNMG.ltrans1.ltrans.o
                0x000000002016a1c4                gpDevAnnceCheckCb
 *fill*         0x000000002016a38a        0x2 
 .text.gpDataIndPrc
                0x000000002016a38c      0x83a /cygdrive/c/Users/huangli/AppData/Local/Temp/concurrent_sampleLight_b92.elf.AVwNMG.ltrans1.ltrans.o
 *fill*         0x000000002016abc6        0x2 
 .text.bdb_simpleDescReqSend
                0x000000002016abc8       0xb4 /cygdrive/c/Users/huangli/AppData/Local/Temp/concurrent_sampleLight_b92.elf.AVwNMG.ltrans1.ltrans.o
 .text.bdb_retrieveTcLinkKeyStart
                0x000000002016ac7c       0xc6 /cygdrive/c/Users/huangli/AppData/Local/Temp/concurrent_sampleLight_b92.elf.AVwNMG.ltrans1.ltrans.o
 *fill*         0x000000002016ad42        0x2 
 .text.bdb_commissioningFindBind.part.0
                0x000000002016ad44       0xd4 /cygdrive/c/Users/huangli/AppData/Local/Temp/concurrent_sampleLight_b92.elf.AVwNMG.ltrans1.ltrans.o
 .text.bdb_commissioningNetworkFormation
                0x000000002016ae18      0x194 /cygdrive/c/Users/huangli/AppData/Local/Temp/concurrent_sampleLight_b92.elf.AVwNMG.ltrans1.ltrans.o
 .text.sampleLightAttrsStoreTimerStart
                0x000000002016afac       0x3a /cygdrive/c/Users/huangli/AppData/Local/Temp/concurrent_sampleLight_b92.elf.AVwNMG.ltrans1.ltrans.o
 *fill*         0x000000002016afe6        0x2 
 .text.app_task
                0x000000002016afe8      0x648 /cygdrive/c/Users/huangli/AppData/Local/Temp/concurrent_sampleLight_b92.elf.AVwNMG.ltrans1.ltrans.o
 .text.nv_itemLengthCheckAdd
                0x000000002016b630       0x6c /cygdrive/c/Users/huangli/AppData/Local/Temp/concurrent_sampleLight_b92.elf.AVwNMG.ltrans1.ltrans.o
                0x000000002016b630                nv_itemLengthCheckAdd
 .text.nv_index_read_op.lto_priv.0
                0x000000002016b69c      0x148 /cygdrive/c/Users/huangli/AppData/Local/Temp/concurrent_sampleLight_b92.elf.AVwNMG.ltrans1.ltrans.o
                0x000000002016b69c                nv_index_read_op.lto_priv.0
 .text.nv_flashReadByIndex
                0x000000002016b7e4      0x22c /cygdrive/c/Users/huangli/AppData/Local/Temp/concurrent_sampleLight_b92.elf.AVwNMG.ltrans1.ltrans.o
                0x000000002016b7e4                nv_flashReadByIndex
 .text.nv_flashWriteNewHandler.lto_priv.0
                0x000000002016ba10      0x70a /cygdrive/c/Users/huangli/AppData/Local/Temp/concurrent_sampleLight_b92.elf.AVwNMG.ltrans1.ltrans.o
                0x000000002016ba10                nv_flashWriteNewHandler.lto_priv.0
 *fill*         0x000000002016c11a        0x2 
 .text.nv_flashWriteNew
                0x000000002016c11c       0x62 /cygdrive/c/Users/huangli/AppData/Local/Temp/concurrent_sampleLight_b92.elf.AVwNMG.ltrans1.ltrans.o
                0x000000002016c11c                nv_flashWriteNew
 *fill*         0x000000002016c17e        0x2 
 .text.zcl_gpCb
                0x000000002016c180      0xc5c /cygdrive/c/Users/huangli/AppData/Local/Temp/concurrent_sampleLight_b92.elf.AVwNMG.ltrans1.ltrans.o
 .text.gp_proxyTabSave2Flash
                0x000000002016cddc       0x44 /cygdrive/c/Users/huangli/AppData/Local/Temp/concurrent_sampleLight_b92.elf.AVwNMG.ltrans1.ltrans.o
 .text.aps_groupTblSave2Flash
                0x000000002016ce20       0x3e /cygdrive/c/Users/huangli/AppData/Local/Temp/concurrent_sampleLight_b92.elf.AVwNMG.ltrans1.ltrans.o
                0x000000002016ce20                aps_groupTblSave2Flash
 *fill*         0x000000002016ce5e        0x2 
 .text.nv_flashReadNew
                0x000000002016ce60       0xf6 /cygdrive/c/Users/huangli/AppData/Local/Temp/concurrent_sampleLight_b92.elf.AVwNMG.ltrans1.ltrans.o
                0x000000002016ce60                nv_flashReadNew
 *fill*         0x000000002016cf56        0x2 
 .text.bdb_zdoStartDevCnf
                0x000000002016cf58      0x31a /cygdrive/c/Users/huangli/AppData/Local/Temp/concurrent_sampleLight_b92.elf.AVwNMG.ltrans1.ltrans.o
 *fill*         0x000000002016d272        0x2 
 .text.nv_nwkFrameCountSaveToFlashHandler
                0x000000002016d274      0x246 /cygdrive/c/Users/huangli/AppData/Local/Temp/concurrent_sampleLight_b92.elf.AVwNMG.ltrans1.ltrans.o
                0x000000002016d274                nv_nwkFrameCountSaveToFlashHandler
 *fill*         0x000000002016d4ba        0x2 
 .text.bdb_commissioningInfoSave
                0x000000002016d4bc       0xbc /cygdrive/c/Users/huangli/AppData/Local/Temp/concurrent_sampleLight_b92.elf.AVwNMG.ltrans1.ltrans.o
 .text.bdb_mgmtPermitJoiningConfirm
                0x000000002016d578      0x13a /cygdrive/c/Users/huangli/AppData/Local/Temp/concurrent_sampleLight_b92.elf.AVwNMG.ltrans1.ltrans.o
 *fill*         0x000000002016d6b2        0x2 
 .text.nv_facrotyNewRstFlagCheck
                0x000000002016d6b4       0x2a /cygdrive/c/Users/huangli/AppData/Local/Temp/concurrent_sampleLight_b92.elf.AVwNMG.ltrans1.ltrans.o
                0x000000002016d6b4                nv_facrotyNewRstFlagCheck
 *fill*         0x000000002016d6de        0x2 
 .text.nv_facrotyNewRstFlagSet
                0x000000002016d6e0       0x24 /cygdrive/c/Users/huangli/AppData/Local/Temp/concurrent_sampleLight_b92.elf.AVwNMG.ltrans1.ltrans.o
                0x000000002016d6e0                nv_facrotyNewRstFlagSet
 .text.strcpy   0x000000002016d704       0x16 /cygdrive/c/Users/huangli/AppData/Local/Temp/concurrent_sampleLight_b92.elf.AVwNMG.ltrans1.ltrans.o
                0x000000002016d704                strcpy
 *fill*         0x000000002016d71a        0x2 
 .text._write   0x000000002016d71c       0x4c /cygdrive/c/Users/huangli/AppData/Local/Temp/concurrent_sampleLight_b92.elf.AVwNMG.ltrans1.ltrans.o
                0x000000002016d71c                _write
 .text.LDS_LOG  0x000000002016d768       0x66 /cygdrive/c/Users/huangli/AppData/Local/Temp/concurrent_sampleLight_b92.elf.AVwNMG.ltrans1.ltrans.o
                0x000000002016d768                LDS_LOG
 *fill*         0x000000002016d7ce        0x2 
 .text.ldsDeivceNtcInit
                0x000000002016d7d0       0x7a /cygdrive/c/Users/huangli/AppData/Local/Temp/concurrent_sampleLight_b92.elf.AVwNMG.ltrans1.ltrans.o
 *fill*         0x000000002016d84a        0x2 
 .text.ldsMinitrimEventHandler.lto_priv.0
                0x000000002016d84c       0x70 /cygdrive/c/Users/huangli/AppData/Local/Temp/concurrent_sampleLight_b92.elf.AVwNMG.ltrans1.ltrans.o
                0x000000002016d84c                ldsMinitrimEventHandler.lto_priv.0
 .text.ldsGetMfgTokenColorTemperaturePercentage
                0x000000002016d8bc       0x42 /cygdrive/c/Users/huangli/AppData/Local/Temp/concurrent_sampleLight_b92.elf.AVwNMG.ltrans1.ltrans.o
 *fill*         0x000000002016d8fe        0x2 
 .text.ldsDeviceFactoryTestLidSet.lto_priv.0
                0x000000002016d900       0x4a /cygdrive/c/Users/huangli/AppData/Local/Temp/concurrent_sampleLight_b92.elf.AVwNMG.ltrans1.ltrans.o
                0x000000002016d900                ldsDeviceFactoryTestLidSet.lto_priv.0
 *fill*         0x000000002016d94a        0x2 
 .text.ldsFactoryTestExit
                0x000000002016d94c       0x74 /cygdrive/c/Users/huangli/AppData/Local/Temp/concurrent_sampleLight_b92.elf.AVwNMG.ltrans1.ltrans.o
                0x000000002016d94c                ldsFactoryTestExit
 .text.ldsDeviceAgingTestInit
                0x000000002016d9c0       0x42 /cygdrive/c/Users/huangli/AppData/Local/Temp/concurrent_sampleLight_b92.elf.AVwNMG.ltrans1.ltrans.o
 *fill*         0x000000002016da02        0x2 
 .text.ldsAgingTestExit
                0x000000002016da04       0x6c /cygdrive/c/Users/huangli/AppData/Local/Temp/concurrent_sampleLight_b92.elf.AVwNMG.ltrans1.ltrans.o
                0x000000002016da04                ldsAgingTestExit
 .text.ldsLightPwmLowBrightnessOpenOptimization
                0x000000002016da70      0x1ae /cygdrive/c/Users/huangli/AppData/Local/Temp/concurrent_sampleLight_b92.elf.AVwNMG.ltrans1.ltrans.o
                0x000000002016da70                ldsLightPwmLowBrightnessOpenOptimization
 *fill*         0x000000002016dc1e        0x2 
 .text.ldsLightEffectFactoryResetStart
                0x000000002016dc20       0x44 /cygdrive/c/Users/huangli/AppData/Local/Temp/concurrent_sampleLight_b92.elf.AVwNMG.ltrans1.ltrans.o
                0x000000002016dc20                ldsLightEffectFactoryResetStart
 .text.ldsBulbDriverMinitrimCtrlMoveTo.part.0
                0x000000002016dc64      0x3e2 /cygdrive/c/Users/huangli/AppData/Local/Temp/concurrent_sampleLight_b92.elf.AVwNMG.ltrans1.ltrans.o
                0x000000002016dc64                ldsBulbDriverMinitrimCtrlMoveTo.part.0
 *fill*         0x000000002016e046        0x2 
 .text.ldsLightEffectEventHandler.part.0
                0x000000002016e048      0x284 /cygdrive/c/Users/huangli/AppData/Local/Temp/concurrent_sampleLight_b92.elf.AVwNMG.ltrans1.ltrans.o
 .text.ldsLightEffectEventHandler.lto_priv.0
                0x000000002016e2cc       0x38 /cygdrive/c/Users/huangli/AppData/Local/Temp/concurrent_sampleLight_b92.elf.AVwNMG.ltrans1.ltrans.o
                0x000000002016e2cc                ldsLightEffectEventHandler.lto_priv.0
 .text.ldsDeviceNtcEventCb
                0x000000002016e304       0x3a /cygdrive/c/Users/huangli/AppData/Local/Temp/concurrent_sampleLight_b92.elf.AVwNMG.ltrans1.ltrans.o
 *fill*         0x000000002016e33e        0x2 
 .text.ldsDimAlgorithmCalulateExpTable.lto_priv.0
                0x000000002016e340       0xb6 /cygdrive/c/Users/huangli/AppData/Local/Temp/concurrent_sampleLight_b92.elf.AVwNMG.ltrans1.ltrans.o
                0x000000002016e340                ldsDimAlgorithmCalulateExpTable.lto_priv.0
 *fill*         0x000000002016e3f6        0x2 
 .text.ldsDeviceInit
                0x000000002016e3f8      0x100 /cygdrive/c/Users/huangli/AppData/Local/Temp/concurrent_sampleLight_b92.elf.AVwNMG.ltrans1.ltrans.o
 .text.ldsDriverI2cWrite
                0x000000002016e4f8      0x2d0 /cygdrive/c/Users/huangli/AppData/Local/Temp/concurrent_sampleLight_b92.elf.AVwNMG.ltrans1.ltrans.o
                0x000000002016e4f8                ldsDriverI2cWrite
 .text.startup.main
                0x000000002016e7c8     0x1216 /cygdrive/c/Users/huangli/AppData/Local/Temp/concurrent_sampleLight_b92.elf.AVwNMG.ltrans1.ltrans.o
                0x000000002016e7c8                main
 *fill*         0x000000002016f9de        0x2 
 .text.ldsZigbeeTxPowerSet
                0x000000002016f9e0       0x62 /cygdrive/c/Users/huangli/AppData/Local/Temp/concurrent_sampleLight_b92.elf.AVwNMG.ltrans1.ltrans.o
                0x000000002016f9e0                ldsZigbeeTxPowerSet
 *fill*         0x000000002016fa42        0x2 
 .text.bdb_task.lto_priv.0
                0x000000002016fa44      0x5e4 /cygdrive/c/Users/huangli/AppData/Local/Temp/concurrent_sampleLight_b92.elf.AVwNMG.ltrans1.ltrans.o
                0x000000002016fa44                bdb_task.lto_priv.0
 .text.matter_prepare2Jump.lto_priv.0
                0x0000000020170028      0x1a8 /cygdrive/c/Users/huangli/AppData/Local/Temp/concurrent_sampleLight_b92.elf.AVwNMG.ltrans1.ltrans.o
                0x0000000020170028                matter_prepare2Jump.lto_priv.0
 .text.app_host_event_callback
                0x00000000201701d0        0x6 /cygdrive/c/Users/huangli/AppData/Local/Temp/concurrent_sampleLight_b92.elf.AVwNMG.ltrans2.ltrans.o
                0x00000000201701d0                app_host_event_callback
 *fill*         0x00000000201701d6        0x2 
 .text.zbdemo_bdbIdentifyCb
                0x00000000201701d8        0x2 /cygdrive/c/Users/huangli/AppData/Local/Temp/concurrent_sampleLight_b92.elf.AVwNMG.ltrans2.ltrans.o
                0x00000000201701d8                zbdemo_bdbIdentifyCb
 *fill*         0x00000000201701da        0x2 
 .text.sampleLight_recoveryStart
                0x00000000201701dc        0x6 /cygdrive/c/Users/huangli/AppData/Local/Temp/concurrent_sampleLight_b92.elf.AVwNMG.ltrans2.ltrans.o
                0x00000000201701dc                sampleLight_recoveryStart
 *fill*         0x00000000201701e2        0x2 
 .text.sampleLight_leaveIndHandler
                0x00000000201701e4        0x2 /cygdrive/c/Users/huangli/AppData/Local/Temp/concurrent_sampleLight_b92.elf.AVwNMG.ltrans2.ltrans.o
                0x00000000201701e4                sampleLight_leaveIndHandler
 *fill*         0x00000000201701e6        0x2 
 .text.sampleLight_nwkUpdateIndicateHandler
                0x00000000201701e8        0x6 /cygdrive/c/Users/huangli/AppData/Local/Temp/concurrent_sampleLight_b92.elf.AVwNMG.ltrans2.ltrans.o
                0x00000000201701e8                sampleLight_nwkUpdateIndicateHandler
 *fill*         0x00000000201701ee        0x2 
 .text.sampleLight_zclIdentifyTimerCb
                0x00000000201701f0       0x1c /cygdrive/c/Users/huangli/AppData/Local/Temp/concurrent_sampleLight_b92.elf.AVwNMG.ltrans2.ltrans.o
 .text.sampleLight_basicCb
                0x000000002017020c        0x6 /cygdrive/c/Users/huangli/AppData/Local/Temp/concurrent_sampleLight_b92.elf.AVwNMG.ltrans2.ltrans.o
                0x000000002017020c                sampleLight_basicCb
 *fill*         0x0000000020170212        0x2 
 .text.blt_ll_getMaxAalCentralNumber
                0x0000000020170214        0x6 /cygdrive/c/Users/huangli/AppData/Local/Temp/concurrent_sampleLight_b92.elf.AVwNMG.ltrans2.ltrans.o
 *fill*         0x000000002017021a        0x2 
 .text.blt_acl_slave_mainloop_task
                0x000000002017021c        0x6 /cygdrive/c/Users/huangli/AppData/Local/Temp/concurrent_sampleLight_b92.elf.AVwNMG.ltrans2.ltrans.o
 *fill*         0x0000000020170222        0x2 
 .text.blt_ll_reset_leg_adv
                0x0000000020170224       0x32 /cygdrive/c/Users/huangli/AppData/Local/Temp/concurrent_sampleLight_b92.elf.AVwNMG.ltrans2.ltrans.o
 *fill*         0x0000000020170256        0x2 
 .text.l2cap_att_search
                0x0000000020170258       0xa4 /cygdrive/c/Users/huangli/AppData/Local/Temp/concurrent_sampleLight_b92.elf.AVwNMG.ltrans2.ltrans.o
 .text.blc_att_requestMtuSizeExchange
                0x00000000201702fc       0x6e /cygdrive/c/Users/huangli/AppData/Local/Temp/concurrent_sampleLight_b92.elf.AVwNMG.ltrans2.ltrans.o
 *fill*         0x000000002017036a        0x2 
 .text.att_Find_end_group
                0x000000002017036c       0x8c /cygdrive/c/Users/huangli/AppData/Local/Temp/concurrent_sampleLight_b92.elf.AVwNMG.ltrans2.ltrans.o
 .text.att_find_by_type_value_search
                0x00000000201703f8       0xd6 /cygdrive/c/Users/huangli/AppData/Local/Temp/concurrent_sampleLight_b92.elf.AVwNMG.ltrans2.ltrans.o
 *fill*         0x00000000201704ce        0x2 
 .text.att_read_by_group_type_request_search
                0x00000000201704d0       0xdc /cygdrive/c/Users/huangli/AppData/Local/Temp/concurrent_sampleLight_b92.elf.AVwNMG.ltrans2.ltrans.o
 .text.blt_gatt_requestServiceAccess
                0x00000000201705ac       0x6c /cygdrive/c/Users/huangli/AppData/Local/Temp/concurrent_sampleLight_b92.elf.AVwNMG.ltrans2.ltrans.o
 .text.softTimer_getTimerValue
                0x0000000020170618        0x6 /cygdrive/c/Users/huangli/AppData/Local/Temp/concurrent_sampleLight_b92.elf.AVwNMG.ltrans2.ltrans.o
 *fill*         0x000000002017061e        0x2 
 .text.blt_gap_ble_hci_rever_handler
                0x0000000020170620        0x6 /cygdrive/c/Users/huangli/AppData/Local/Temp/concurrent_sampleLight_b92.elf.AVwNMG.ltrans2.ltrans.o
 *fill*         0x0000000020170626        0x2 
 .text.blt_smp_llEncryptionPause
                0x0000000020170628       0x12 /cygdrive/c/Users/huangli/AppData/Local/Temp/concurrent_sampleLight_b92.elf.AVwNMG.ltrans2.ltrans.o
 *fill*         0x000000002017063a        0x2 
 .text.spList_insertNode
                0x000000002017063c       0x88 /cygdrive/c/Users/huangli/AppData/Local/Temp/concurrent_sampleLight_b92.elf.AVwNMG.ltrans2.ltrans.o
 .text.blt_l2cap_get_s_tx_buff
                0x00000000201706c4       0x24 /cygdrive/c/Users/huangli/AppData/Local/Temp/concurrent_sampleLight_b92.elf.AVwNMG.ltrans2.ltrans.o
 .text.blm_l2cap_processConnParamUpdatePending
                0x00000000201706e8       0x2e /cygdrive/c/Users/huangli/AppData/Local/Temp/concurrent_sampleLight_b92.elf.AVwNMG.ltrans2.ltrans.o
 *fill*         0x0000000020170716        0x2 
 .text.blt_l2cap_para_pre_init
                0x0000000020170718       0x54 /cygdrive/c/Users/huangli/AppData/Local/Temp/concurrent_sampleLight_b92.elf.AVwNMG.ltrans2.ltrans.o
 .text.sampleLight_onOffUpdate
                0x000000002017076c       0x76 /cygdrive/c/Users/huangli/AppData/Local/Temp/concurrent_sampleLight_b92.elf.AVwNMG.ltrans2.ltrans.o
                0x000000002017076c                sampleLight_onOffUpdate
 *fill*         0x00000000201707e2        0x2 
 .text.sampleLight_OnWithTimedOffTimerCb
                0x00000000201707e4       0xac /cygdrive/c/Users/huangli/AppData/Local/Temp/concurrent_sampleLight_b92.elf.AVwNMG.ltrans2.ltrans.o
 .text.ldsLightCurrentSceneIndexGet
                0x0000000020170890       0x9e /cygdrive/c/Users/huangli/AppData/Local/Temp/concurrent_sampleLight_b92.elf.AVwNMG.ltrans2.ltrans.o
 *fill*         0x000000002017092e        0x2 
 .text.matterCommissionTimeoutCb
                0x0000000020170930       0x66 /cygdrive/c/Users/huangli/AppData/Local/Temp/concurrent_sampleLight_b92.elf.AVwNMG.ltrans2.ltrans.o
 *fill*         0x0000000020170996        0x2 
 .text.sampleLight_bdbNetworkSteerStart
                0x0000000020170998       0x5c /cygdrive/c/Users/huangli/AppData/Local/Temp/concurrent_sampleLight_b92.elf.AVwNMG.ltrans2.ltrans.o
 .text.sampleLight_onOffCb
                0x00000000201709f4      0x176 /cygdrive/c/Users/huangli/AppData/Local/Temp/concurrent_sampleLight_b92.elf.AVwNMG.ltrans2.ltrans.o
                0x00000000201709f4                sampleLight_onOffCb
 *fill*         0x0000000020170b6a        0x2 
 .text.sampleLight_leaveCnfHandler.part.0
                0x0000000020170b6c       0xac /cygdrive/c/Users/huangli/AppData/Local/Temp/concurrent_sampleLight_b92.elf.AVwNMG.ltrans2.ltrans.o
 .text.sampleLight_leaveCnfHandler
                0x0000000020170c18        0xc /cygdrive/c/Users/huangli/AppData/Local/Temp/concurrent_sampleLight_b92.elf.AVwNMG.ltrans2.ltrans.o
                0x0000000020170c18                sampleLight_leaveCnfHandler
 .text.sampleLight_zclProcessIncomingMsg
                0x0000000020170c24      0x2a4 /cygdrive/c/Users/huangli/AppData/Local/Temp/concurrent_sampleLight_b92.elf.AVwNMG.ltrans2.ltrans.o
                0x0000000020170c24                sampleLight_zclProcessIncomingMsg
 .text.ldsZclIdentifyLightEffectTimerCb
                0x0000000020170ec8       0x9a /cygdrive/c/Users/huangli/AppData/Local/Temp/concurrent_sampleLight_b92.elf.AVwNMG.ltrans2.ltrans.o
 *fill*         0x0000000020170f62        0x2 
 .text.sampleLight_identifyCb
                0x0000000020170f64      0x1f4 /cygdrive/c/Users/huangli/AppData/Local/Temp/concurrent_sampleLight_b92.elf.AVwNMG.ltrans2.ltrans.o
                0x0000000020170f64                sampleLight_identifyCb
 .text.sampleLight_groupCb
                0x0000000020171158      0x11a /cygdrive/c/Users/huangli/AppData/Local/Temp/concurrent_sampleLight_b92.elf.AVwNMG.ltrans2.ltrans.o
                0x0000000020171158                sampleLight_groupCb
 *fill*         0x0000000020171272        0x2 
 .text.ldsSyncSceneIdInformation
                0x0000000020171274       0x56 /cygdrive/c/Users/huangli/AppData/Local/Temp/concurrent_sampleLight_b92.elf.AVwNMG.ltrans2.ltrans.o
 *fill*         0x00000000201712ca        0x2 
 .text.sampleLight_lightNumCheckTimerCb
                0x00000000201712cc      0x15e /cygdrive/c/Users/huangli/AppData/Local/Temp/concurrent_sampleLight_b92.elf.AVwNMG.ltrans2.ltrans.o
 *fill*         0x000000002017142a        0x2 
 .text.ldsMoveTemperatureOrMoveColor
                0x000000002017142c       0x7c /cygdrive/c/Users/huangli/AppData/Local/Temp/concurrent_sampleLight_b92.elf.AVwNMG.ltrans2.ltrans.o
 .text.ikea_sceneTimerCb
                0x00000000201714a8       0x7e /cygdrive/c/Users/huangli/AppData/Local/Temp/concurrent_sampleLight_b92.elf.AVwNMG.ltrans2.ltrans.o
 *fill*         0x0000000020171526        0x2 
 .text.sampleLight_sceneCb
                0x0000000020171528      0x3bc /cygdrive/c/Users/huangli/AppData/Local/Temp/concurrent_sampleLight_b92.elf.AVwNMG.ltrans2.ltrans.o
                0x0000000020171528                sampleLight_sceneCb
 .text.factoryRst_timerCb.lto_priv.0
                0x00000000201718e4      0x11c /cygdrive/c/Users/huangli/AppData/Local/Temp/concurrent_sampleLight_b92.elf.AVwNMG.ltrans2.ltrans.o
                0x00000000201718e4                factoryRst_timerCb.lto_priv.0
 .text.blt_acl_conn_mainloop_task
                0x0000000020171a00      0x272 /cygdrive/c/Users/huangli/AppData/Local/Temp/concurrent_sampleLight_b92.elf.AVwNMG.ltrans2.ltrans.o
                0x0000000020171a00                blt_acl_conn_mainloop_task
 *fill*         0x0000000020171c72        0x2 
 .text.blt_ll_resolvGenerateRpa
                0x0000000020171c74       0x7a /cygdrive/c/Users/huangli/AppData/Local/Temp/concurrent_sampleLight_b92.elf.AVwNMG.ltrans2.ltrans.o
 *fill*         0x0000000020171cee        0x2 
 .text.blt_signal_proc_connParamUpdateReq
                0x0000000020171cf0      0x112 /cygdrive/c/Users/huangli/AppData/Local/Temp/concurrent_sampleLight_b92.elf.AVwNMG.ltrans2.ltrans.o
 *fill*         0x0000000020171e02        0x2 
 .text.blt_signal_proc_connParamUpdateRsp
                0x0000000020171e04       0x40 /cygdrive/c/Users/huangli/AppData/Local/Temp/concurrent_sampleLight_b92.elf.AVwNMG.ltrans2.ltrans.o
 .text.blt_gap_ll_enc_done_handler
                0x0000000020171e44      0x144 /cygdrive/c/Users/huangli/AppData/Local/Temp/concurrent_sampleLight_b92.elf.AVwNMG.ltrans2.ltrans.o
 .text.free_nonreten
                0x0000000020171f88       0x12 /cygdrive/c/Users/huangli/AppData/Local/Temp/concurrent_sampleLight_b92.elf.AVwNMG.ltrans2.ltrans.o
 *fill*         0x0000000020171f9a        0x2 
 .text.blt_gattc_clearAttr
                0x0000000020171f9c       0xac /cygdrive/c/Users/huangli/AppData/Local/Temp/concurrent_sampleLight_b92.elf.AVwNMG.ltrans2.ltrans.o
 .text.blt_gattc_aclStateChangeCb
                0x0000000020172048        0xe /cygdrive/c/Users/huangli/AppData/Local/Temp/concurrent_sampleLight_b92.elf.AVwNMG.ltrans2.ltrans.o
 *fill*         0x0000000020172056        0x2 
 .text.blt_gattc_attRequestTimerCb
                0x0000000020172058       0x32 /cygdrive/c/Users/huangli/AppData/Local/Temp/concurrent_sampleLight_b92.elf.AVwNMG.ltrans2.ltrans.o
 *fill*         0x000000002017208a        0x2 
 .text.blt_l2cap_processConnParamUpdateReq
                0x000000002017208c       0x5a /cygdrive/c/Users/huangli/AppData/Local/Temp/concurrent_sampleLight_b92.elf.AVwNMG.ltrans2.ltrans.o
 *fill*         0x00000000201720e6        0x2 
 .text.blc_initMacAddress
                0x00000000201720e8       0xc0 /cygdrive/c/Users/huangli/AppData/Local/Temp/concurrent_sampleLight_b92.elf.AVwNMG.ltrans2.ltrans.o
                0x00000000201720e8                blc_initMacAddress
 .text.blc_flash_read_mid_get_vendor_set_capacity
                0x00000000201721a8       0x12 /cygdrive/c/Users/huangli/AppData/Local/Temp/concurrent_sampleLight_b92.elf.AVwNMG.ltrans2.ltrans.o
                0x00000000201721a8                blc_flash_read_mid_get_vendor_set_capacity
 *fill*         0x00000000201721ba        0x2 
 .text.light_adjust
                0x00000000201721bc      0x160 /cygdrive/c/Users/huangli/AppData/Local/Temp/concurrent_sampleLight_b92.elf.AVwNMG.ltrans2.ltrans.o
                0x00000000201721bc                light_adjust
 .text.ldsColorAttributeChangeHandle
                0x000000002017231c       0x6e /cygdrive/c/Users/huangli/AppData/Local/Temp/concurrent_sampleLight_b92.elf.AVwNMG.ltrans2.ltrans.o
                0x000000002017231c                ldsColorAttributeChangeHandle
 *fill*         0x000000002017238a        0x2 
 .text.sampleLight_colorTimerEvtCb.lto_priv.0
                0x000000002017238c      0x202 /cygdrive/c/Users/huangli/AppData/Local/Temp/concurrent_sampleLight_b92.elf.AVwNMG.ltrans2.ltrans.o
                0x000000002017238c                sampleLight_colorTimerEvtCb.lto_priv.0
 *fill*         0x000000002017258e        0x2 
 .text.sampleLight_colorCtrlCb
                0x0000000020172590      0x42a /cygdrive/c/Users/huangli/AppData/Local/Temp/concurrent_sampleLight_b92.elf.AVwNMG.ltrans2.ltrans.o
                0x0000000020172590                sampleLight_colorCtrlCb
 *fill*         0x00000000201729ba        0x2 
 .text.sampleLight_coupleColorTemp.lto_priv.0
                0x00000000201729bc       0x40 /cygdrive/c/Users/huangli/AppData/Local/Temp/concurrent_sampleLight_b92.elf.AVwNMG.ltrans2.ltrans.o
                0x00000000201729bc                sampleLight_coupleColorTemp.lto_priv.0
 .text.sampleLight_levelTimerEvtCb.lto_priv.0
                0x00000000201729fc      0x134 /cygdrive/c/Users/huangli/AppData/Local/Temp/concurrent_sampleLight_b92.elf.AVwNMG.ltrans2.ltrans.o
                0x00000000201729fc                sampleLight_levelTimerEvtCb.lto_priv.0
 .text.sampleLight_levelCb
                0x0000000020172b30      0x2a0 /cygdrive/c/Users/huangli/AppData/Local/Temp/concurrent_sampleLight_b92.elf.AVwNMG.ltrans2.ltrans.o
                0x0000000020172b30                sampleLight_levelCb
 .text.app_controller_event_callback
                0x0000000020172dd0      0x310 /cygdrive/c/Users/huangli/AppData/Local/Temp/concurrent_sampleLight_b92.elf.AVwNMG.ltrans2.ltrans.o
                0x0000000020172dd0                app_controller_event_callback
 .text.blt_signal_proc_cmdRejectRsp
                0x00000000201730e0        0x6 /cygdrive/c/Users/huangli/AppData/Local/Temp/concurrent_sampleLight_b92.elf.AVwNMG.ltrans2.ltrans.o
 *fill*         0x00000000201730e6        0x2 
 .text.ldsLightStatusGetSceneId
                0x00000000201730e8       0xc6 /cygdrive/c/Users/huangli/AppData/Local/Temp/concurrent_sampleLight_b92.elf.AVwNMG.ltrans2.ltrans.o
                0x00000000201730e8                ldsLightStatusGetSceneId
 *fill*         0x00000000201731ae        0x2 
 .text.lds_trigger_join_network_flag_get
                0x00000000201731b0       0x24 /cygdrive/c/Users/huangli/AppData/Local/Temp/concurrent_sampleLight_b92.elf.AVwNMG.ltrans2.ltrans.o
                0x00000000201731b0                lds_trigger_join_network_flag_get
 .text.zbdemo_bdbInitCb
                0x00000000201731d4      0x122 /cygdrive/c/Users/huangli/AppData/Local/Temp/concurrent_sampleLight_b92.elf.AVwNMG.ltrans2.ltrans.o
                0x00000000201731d4                zbdemo_bdbInitCb
 *fill*         0x00000000201732f6        0x2 
 .text.zbdemo_bdbCommissioningCb
                0x00000000201732f8      0x104 /cygdrive/c/Users/huangli/AppData/Local/Temp/concurrent_sampleLight_b92.elf.AVwNMG.ltrans2.ltrans.o
                0x00000000201732f8                zbdemo_bdbCommissioningCb
 .text.blt_ll_legadv_direct_adv_timeout
                0x00000000201733fc      0x104 /cygdrive/c/Users/huangli/AppData/Local/Temp/concurrent_sampleLight_b92.elf.AVwNMG.ltrans2.ltrans.o
 .text.crc16    0x0000000020173500       0x38 /cygdrive/c/Users/huangli/AppData/Local/Temp/concurrent_sampleLight_b92.elf.AVwNMG.ltrans2.ltrans.o
                0x0000000020173500                crc16
 .text.blc_ll_isBleTaskIdle
                0x0000000020173538       0x18 /cygdrive/c/Users/huangli/AppData/Local/Temp/concurrent_sampleLight_b92.elf.AVwNMG.ltrans2.ltrans.o
                0x0000000020173538                blc_ll_isBleTaskIdle
 .text.ble_radio_init
                0x0000000020173550       0x60 /cygdrive/c/Users/huangli/AppData/Local/Temp/concurrent_sampleLight_b92.elf.AVwNMG.ltrans2.ltrans.o
                0x0000000020173550                ble_radio_init
 .text.blt_acl_conn_rx_fifo_proc
                0x00000000201735b0       0x8c /cygdrive/c/Users/huangli/AppData/Local/Temp/concurrent_sampleLight_b92.elf.AVwNMG.ltrans2.ltrans.o
                0x00000000201735b0                blt_acl_conn_rx_fifo_proc
 .text.blt_ll_processFeatureExchange
                0x000000002017363c       0xec /cygdrive/c/Users/huangli/AppData/Local/Temp/concurrent_sampleLight_b92.elf.AVwNMG.ltrans2.ltrans.o
                0x000000002017363c                blt_ll_processFeatureExchange
 .text.blt_llmsPushLlCtrlPkt
                0x0000000020173728       0x22 /cygdrive/c/Users/huangli/AppData/Local/Temp/concurrent_sampleLight_b92.elf.AVwNMG.ltrans2.ltrans.o
                0x0000000020173728                blt_llmsPushLlCtrlPkt
 *fill*         0x000000002017374a        0x2 
 .text.blt_llms_rejectInd
                0x000000002017374c       0x58 /cygdrive/c/Users/huangli/AppData/Local/Temp/concurrent_sampleLight_b92.elf.AVwNMG.ltrans2.ltrans.o
                0x000000002017374c                blt_llms_rejectInd
 .text.blc_ll_getConnectionStartTick
                0x00000000201737a4       0x16 /cygdrive/c/Users/huangli/AppData/Local/Temp/concurrent_sampleLight_b92.elf.AVwNMG.ltrans2.ltrans.o
                0x00000000201737a4                blc_ll_getConnectionStartTick
 *fill*         0x00000000201737ba        0x2 
 .text.blt_ll_isAclhdlInvalid
                0x00000000201737bc       0x3a /cygdrive/c/Users/huangli/AppData/Local/Temp/concurrent_sampleLight_b92.elf.AVwNMG.ltrans2.ltrans.o
                0x00000000201737bc                blt_ll_isAclhdlInvalid
 *fill*         0x00000000201737f6        0x2 
 .text.blt_gattc_mtuSizeExchangeReq
                0x00000000201737f8       0xa8 /cygdrive/c/Users/huangli/AppData/Local/Temp/concurrent_sampleLight_b92.elf.AVwNMG.ltrans2.ltrans.o
 .text.blt_ll_rspTimeoutLoopEvt
                0x00000000201738a0       0x3a /cygdrive/c/Users/huangli/AppData/Local/Temp/concurrent_sampleLight_b92.elf.AVwNMG.ltrans2.ltrans.o
                0x00000000201738a0                blt_ll_rspTimeoutLoopEvt
 *fill*         0x00000000201738da        0x2 
 .text.blt_ll_setEncryptionBusy
                0x00000000201738dc       0x16 /cygdrive/c/Users/huangli/AppData/Local/Temp/concurrent_sampleLight_b92.elf.AVwNMG.ltrans2.ltrans.o
                0x00000000201738dc                blt_ll_setEncryptionBusy
 *fill*         0x00000000201738f2        0x2 
 .text.blt_ll_isEncryptionBusy
                0x00000000201738f4       0x16 /cygdrive/c/Users/huangli/AppData/Local/Temp/concurrent_sampleLight_b92.elf.AVwNMG.ltrans2.ltrans.o
                0x00000000201738f4                blt_ll_isEncryptionBusy
 *fill*         0x000000002017390a        0x2 
 .text.blt_ll_procDlePending
                0x000000002017390c       0x80 /cygdrive/c/Users/huangli/AppData/Local/Temp/concurrent_sampleLight_b92.elf.AVwNMG.ltrans2.ltrans.o
                0x000000002017390c                blt_ll_procDlePending
 .text.blt_att_procMtuExgPending
                0x000000002017398c       0xa8 /cygdrive/c/Users/huangli/AppData/Local/Temp/concurrent_sampleLight_b92.elf.AVwNMG.ltrans2.ltrans.o
 .text.blc_ll_initAclPeriphrRole_module
                0x0000000020173a34       0x6a /cygdrive/c/Users/huangli/AppData/Local/Temp/concurrent_sampleLight_b92.elf.AVwNMG.ltrans2.ltrans.o
                0x0000000020173a34                blc_ll_initAclPeriphrRole_module
 *fill*         0x0000000020173a9e        0x2 
 .text.blt_ll_sendPhyReq
                0x0000000020173aa0       0x72 /cygdrive/c/Users/huangli/AppData/Local/Temp/concurrent_sampleLight_b92.elf.AVwNMG.ltrans2.ltrans.o
                0x0000000020173aa0                blt_ll_sendPhyReq
 *fill*         0x0000000020173b12        0x2 
 .text.blt_ll_sendPhyUpdateInd
                0x0000000020173b14      0x102 /cygdrive/c/Users/huangli/AppData/Local/Temp/concurrent_sampleLight_b92.elf.AVwNMG.ltrans2.ltrans.o
                0x0000000020173b14                blt_ll_sendPhyUpdateInd
 *fill*         0x0000000020173c16        0x2 
 .text.blt_ll_resolvRefreshRpa
                0x0000000020173c18       0x5e /cygdrive/c/Users/huangli/AppData/Local/Temp/concurrent_sampleLight_b92.elf.AVwNMG.ltrans2.ltrans.o
                0x0000000020173c18                blt_ll_resolvRefreshRpa
 *fill*         0x0000000020173c76        0x2 
 .text.blc_gap_getMasterSlavePara
                0x0000000020173c78       0x18 /cygdrive/c/Users/huangli/AppData/Local/Temp/concurrent_sampleLight_b92.elf.AVwNMG.ltrans2.ltrans.o
                0x0000000020173c78                blc_gap_getMasterSlavePara
 .text.blt_gap_conn_complete_handler
                0x0000000020173c90       0x78 /cygdrive/c/Users/huangli/AppData/Local/Temp/concurrent_sampleLight_b92.elf.AVwNMG.ltrans2.ltrans.o
 .text.blt_gap_conn_terminate_handler
                0x0000000020173d08       0xd2 /cygdrive/c/Users/huangli/AppData/Local/Temp/concurrent_sampleLight_b92.elf.AVwNMG.ltrans2.ltrans.o
 *fill*         0x0000000020173dda        0x2 
 .text.bls_gap_getSlavePara
                0x0000000020173ddc       0x12 /cygdrive/c/Users/huangli/AppData/Local/Temp/concurrent_sampleLight_b92.elf.AVwNMG.ltrans2.ltrans.o
                0x0000000020173ddc                bls_gap_getSlavePara
 *fill*         0x0000000020173dee        0x2 
 .text.blc_gap_init
                0x0000000020173df0       0x66 /cygdrive/c/Users/huangli/AppData/Local/Temp/concurrent_sampleLight_b92.elf.AVwNMG.ltrans2.ltrans.o
                0x0000000020173df0                blc_gap_init
 *fill*         0x0000000020173e56        0x2 
 .text.blt_l2cap_pushData_2_controller
                0x0000000020173e58      0x230 /cygdrive/c/Users/huangli/AppData/Local/Temp/concurrent_sampleLight_b92.elf.AVwNMG.ltrans2.ltrans.o
                0x0000000020173e58                blt_l2cap_pushData_2_controller
 .text.app_gatt_data_handler
                0x0000000020174088       0xc6 /cygdrive/c/Users/huangli/AppData/Local/Temp/concurrent_sampleLight_b92.elf.AVwNMG.ltrans2.ltrans.o
                0x0000000020174088                app_gatt_data_handler
 *fill*         0x000000002017414e        0x2 
 .text.blt_process_pendingPkt
                0x0000000020174150       0x3c /cygdrive/c/Users/huangli/AppData/Local/Temp/concurrent_sampleLight_b92.elf.AVwNMG.ltrans2.ltrans.o
 .text.blt_smp_pushPairingFailed
                0x000000002017418c       0x1e /cygdrive/c/Users/huangli/AppData/Local/Temp/concurrent_sampleLight_b92.elf.AVwNMG.ltrans2.ltrans.o
                0x000000002017418c                blt_smp_pushPairingFailed
 *fill*         0x00000000201741aa        0x2 
 .text.bls_att_l2capAttCmdHandler
                0x00000000201741ac      0xb58 /cygdrive/c/Users/huangli/AppData/Local/Temp/concurrent_sampleLight_b92.elf.AVwNMG.ltrans2.ltrans.o
 .text.blc_l2cap_pktHandler
                0x0000000020174d04      0x3ce /cygdrive/c/Users/huangli/AppData/Local/Temp/concurrent_sampleLight_b92.elf.AVwNMG.ltrans2.ltrans.o
                0x0000000020174d04                blc_l2cap_pktHandler
 *fill*         0x00000000201750d2        0x2 
 .text.blc_ll_initBasicMCU
                0x00000000201750d4       0xa6 /cygdrive/c/Users/huangli/AppData/Local/Temp/concurrent_sampleLight_b92.elf.AVwNMG.ltrans2.ltrans.o
                0x00000000201750d4                blc_ll_initBasicMCU
 *fill*         0x000000002017517a        0x2 
 .text.blt_ll_reset_bSlot_idx
                0x000000002017517c       0xa6 /cygdrive/c/Users/huangli/AppData/Local/Temp/concurrent_sampleLight_b92.elf.AVwNMG.ltrans2.ltrans.o
 *fill*         0x0000000020175222        0x2 
 .text.blt_ll_proc_bSlot_idx_overflow
                0x0000000020175224       0x2c /cygdrive/c/Users/huangli/AppData/Local/Temp/concurrent_sampleLight_b92.elf.AVwNMG.ltrans2.ltrans.o
 .text.blc_sdk_main_loop
                0x0000000020175250       0xda /cygdrive/c/Users/huangli/AppData/Local/Temp/concurrent_sampleLight_b92.elf.AVwNMG.ltrans2.ltrans.o
                0x0000000020175250                blc_sdk_main_loop
 *fill*         0x000000002017532a        0x2 
 .text.blt_llms_pushTxfifo
                0x000000002017532c      0x22a /cygdrive/c/Users/huangli/AppData/Local/Temp/concurrent_sampleLight_b92.elf.AVwNMG.ltrans2.ltrans.o
                0x000000002017532c                blt_llms_pushTxfifo
 *fill*         0x0000000020175556        0x2 
 .text.blt_ll_getRealTxFifoNumber
                0x0000000020175558       0x40 /cygdrive/c/Users/huangli/AppData/Local/Temp/concurrent_sampleLight_b92.elf.AVwNMG.ltrans2.ltrans.o
 .text.blt_ll_smpSecurityProc
                0x0000000020175598      0x176 /cygdrive/c/Users/huangli/AppData/Local/Temp/concurrent_sampleLight_b92.elf.AVwNMG.ltrans2.ltrans.o
                0x0000000020175598                blt_ll_smpSecurityProc
 *fill*         0x000000002017570e        0x2 
 .text.blt_smp_proc_pairing_loop
                0x0000000020175710      0x29e /cygdrive/c/Users/huangli/AppData/Local/Temp/concurrent_sampleLight_b92.elf.AVwNMG.ltrans2.ltrans.o
 *fill*         0x00000000201759ae        0x2 
 .text.blt_gap_mainloop
                0x00000000201759b0      0x27a /cygdrive/c/Users/huangli/AppData/Local/Temp/concurrent_sampleLight_b92.elf.AVwNMG.ltrans2.ltrans.o
 *fill*         0x0000000020175c2a        0x2 
 .text.blc_ll_setAdvEnable
                0x0000000020175c2c      0x152 /cygdrive/c/Users/huangli/AppData/Local/Temp/concurrent_sampleLight_b92.elf.AVwNMG.ltrans2.ltrans.o
                0x0000000020175c2c                blc_ll_setAdvEnable
 *fill*         0x0000000020175d7e        0x2 
 .text.blt_leg_adv_mainloop_task
                0x0000000020175d80       0x66 /cygdrive/c/Users/huangli/AppData/Local/Temp/concurrent_sampleLight_b92.elf.AVwNMG.ltrans2.ltrans.o
                0x0000000020175d80                blt_leg_adv_mainloop_task
 *fill*         0x0000000020175de6        0x2 
 .text.blt_ll_procInitiateConnectionTimeout
                0x0000000020175de8       0xce /cygdrive/c/Users/huangli/AppData/Local/Temp/concurrent_sampleLight_b92.elf.AVwNMG.ltrans2.ltrans.o
 *fill*         0x0000000020175eb6        0x2 
 .text.blt_init_mainloop_task
                0x0000000020175eb8       0x3a /cygdrive/c/Users/huangli/AppData/Local/Temp/concurrent_sampleLight_b92.elf.AVwNMG.ltrans2.ltrans.o
                0x0000000020175eb8                blt_init_mainloop_task
 *fill*         0x0000000020175ef2        0x2 
 .text.zb_task  0x0000000020175ef4      0x1ba /cygdrive/c/Users/huangli/AppData/Local/Temp/concurrent_sampleLight_b92.elf.AVwNMG.ltrans2.ltrans.o
 *fill*         0x00000000201760ae        0x2 
 .text.zb_ble_switch_proc
                0x00000000201760b0      0x330 /cygdrive/c/Users/huangli/AppData/Local/Temp/concurrent_sampleLight_b92.elf.AVwNMG.ltrans2.ltrans.o
                0x00000000201760b0                zb_ble_switch_proc
 .text          0x00000000201763e0      0x118 /cygdrive/c/Users/huangli/AppData/Local/Temp/concurrent_sampleLight_b92.elf.AVwNMG.ltrans3.ltrans.o
                0x00000000201763e0                flash_dread
                0x0000000020176408                flash_read_mid
                0x0000000020176434                flash_erase_sector
                0x0000000020176468                flash_page_program
                0x00000000201764d0                start_reboot
 .text.blt_smp_setCertTimeoutTick
                0x00000000201764f8        0xe /cygdrive/c/Users/huangli/AppData/Local/Temp/concurrent_sampleLight_b92.elf.AVwNMG.ltrans3.ltrans.o
                0x00000000201764f8                blt_smp_setCertTimeoutTick
 *fill*         0x0000000020176506        0x2 
 .text.blt_smp_sendSecurityRequest
                0x0000000020176508       0x5a /cygdrive/c/Users/huangli/AppData/Local/Temp/concurrent_sampleLight_b92.elf.AVwNMG.ltrans3.ltrans.o
 *fill*         0x0000000020176562        0x2 
 .text.blt_smp_getStkGenMethod
                0x0000000020176564       0x6e /cygdrive/c/Users/huangli/AppData/Local/Temp/concurrent_sampleLight_b92.elf.AVwNMG.ltrans3.ltrans.o
 *fill*         0x00000000201765d2        0x2 
 .text.blc_smp_getBondingInfoCurStartAddr
                0x00000000201765d4        0x6 /cygdrive/c/Users/huangli/AppData/Local/Temp/concurrent_sampleLight_b92.elf.AVwNMG.ltrans3.ltrans.o
 *fill*         0x00000000201765da        0x2 
 .text.ota_save_data
                0x00000000201765dc      0x170 /cygdrive/c/Users/huangli/AppData/Local/Temp/concurrent_sampleLight_b92.elf.AVwNMG.ltrans3.ltrans.o
 .text.tl_zbMacPendingDataSearch.part.0
                0x000000002017674c       0x80 /cygdrive/c/Users/huangli/AppData/Local/Temp/concurrent_sampleLight_b92.elf.AVwNMG.ltrans3.ltrans.o
 .text.tl_zbMacPendingDataSearch
                0x00000000201767cc       0x12 /cygdrive/c/Users/huangli/AppData/Local/Temp/concurrent_sampleLight_b92.elf.AVwNMG.ltrans3.ltrans.o
 *fill*         0x00000000201767de        0x2 
 .text.blt_ota_pushVersionRsp
                0x00000000201767e0       0x48 /cygdrive/c/Users/huangli/AppData/Local/Temp/concurrent_sampleLight_b92.elf.AVwNMG.ltrans3.ltrans.o
 .text.otaWrite
                0x0000000020176828      0x400 /cygdrive/c/Users/huangli/AppData/Local/Temp/concurrent_sampleLight_b92.elf.AVwNMG.ltrans3.ltrans.o
                0x0000000020176828                otaWrite
 .text.zb_info_save
                0x0000000020176c28       0x3e /cygdrive/c/Users/huangli/AppData/Local/Temp/concurrent_sampleLight_b92.elf.AVwNMG.ltrans3.ltrans.o
                0x0000000020176c28                zb_info_save
 *fill*         0x0000000020176c66        0x2 
 .text.tl_zbMlmeCmdDisassociateNotifyRecvd
                0x0000000020176c68       0x32 /cygdrive/c/Users/huangli/AppData/Local/Temp/concurrent_sampleLight_b92.elf.AVwNMG.ltrans3.ltrans.o
 *fill*         0x0000000020176c9a        0x2 
 .text.tl_zbMlmeCmdAssociateReqRecvd
                0x0000000020176c9c       0x40 /cygdrive/c/Users/huangli/AppData/Local/Temp/concurrent_sampleLight_b92.elf.AVwNMG.ltrans3.ltrans.o
 .text.tl_zbMlmeCmdCoordRealignRecvd