Archive member included to satisfy reference by file (symbol)

../../../stack/ble/lib/libble_b92.a(ble.o)
                              ./apps/common/tlkapi_debug.o (symbol from plugin) (tlk_strlen)
../../../stack/ble/lib/libble_b92.a(ll.o)
                              ./apps/common/zigbee_ble_switch.o (symbol from plugin) (get_ble_next_event_tick)
../../../stack/ble/lib/libble_b92.a(ll_misc.o)
                              ll.o (symbol from plugin) (blt_calBit1Number)
../../../stack/ble/lib/libble_b92.a(ll_sche.o)
                              ll.o (symbol from plugin) (bltPri)
../../../stack/ble/lib/libble_b92.a(ll_system.o)
                              ./apps/sampleLight_concurrent/sampleLightBLE.o (symbol from plugin) (blc_sdk_main_loop)
../../../stack/ble/lib/libble_b92.a(acl_central.o)
                              ./apps/sampleLight_concurrent/sampleLightBLE.o (symbol from plugin) (blc_ll_initAclCentralTxFifo)
../../../stack/ble/lib/libble_b92.a(acl_conn.o)
                              acl_central.o (symbol from plugin) (AA_blms)
../../../stack/ble/lib/libble_b92.a(acl_conn_2.o)
                              ./apps/sampleLight_concurrent/sampleLightBLE.o (symbol from plugin) (blc_ll_setMaxConnectionNumber)
../../../stack/ble/lib/libble_b92.a(acl_peripheral.o)
                              acl_conn.o (symbol from plugin) (bls_conn_sel)
../../../stack/ble/lib/libble_b92.a(acl_phy.o)
                              acl_conn.o (symbol from plugin) (blt_cfg_conn_phy_param)
../../../stack/ble/lib/libble_b92.a(adv.o)
                              acl_peripheral.o (symbol from plugin) (blc_rcvd_connReq_tick)
../../../stack/ble/lib/libble_b92.a(ext_adv.o)
                              acl_peripheral.o (symbol from plugin) (blt_pextadv)
../../../stack/ble/lib/libble_b92.a(ext_adv_2.o)
                              ext_adv.o (symbol from plugin) (blt_updateExtAdvSet)
../../../stack/ble/lib/libble_b92.a(leg_adv.o)
                              ext_adv.o (symbol from plugin) (bltLegAdv)
../../../stack/ble/lib/libble_b92.a(chn_class.o)
                              acl_conn.o (symbol from plugin) (ll_acl_chnclass_ctrl_handler)
../../../stack/ble/lib/libble_b92.a(init.o)
                              acl_central.o (symbol from plugin) (pkt_init)
../../../stack/ble/lib/libble_b92.a(leg_init.o)
                              acl_central.o (symbol from plugin) (bltInit)
../../../stack/ble/lib/libble_b92.a(leg_scan.o)
                              ./apps/sampleLight_concurrent/sampleLightBLE.o (symbol from plugin) (blc_ll_initLegacyScanning_module)
../../../stack/ble/lib/libble_b92.a(scan.o)
                              ll_sche.o (symbol from plugin) (bltScn)
../../../stack/ble/lib/libble_b92.a(phy.o)
                              ll_system.o (symbol from plugin) (bltPHYs)
../../../stack/ble/lib/libble_b92.a(phy_2.o)
                              ll.o (symbol from plugin) (blt_ll_phy_param_reset)
../../../stack/ble/lib/libble_b92.a(resolvelist.o)
                              scan.o (symbol from plugin) (blRslvLst)
../../../stack/ble/lib/libble_b92.a(whitelist.o)
                              ll.o (symbol from plugin) (blc_ll_clearWhiteList)
../../../stack/ble/lib/libble_b92.a(darwin_fmn.o)
                              leg_adv.o (symbol from plugin) (custom_darwin_fmn)
../../../stack/ble/lib/libble_b92.a(debug.o)
                              acl_conn.o (symbol from plugin) (stkLog_mask)
../../../stack/ble/lib/libble_b92.a(hci.o)
                              ll.o (symbol from plugin) (bltHci_rxAclfifo)
../../../stack/ble/lib/libble_b92.a(hci_event.o)
                              acl_conn.o (symbol from plugin) (hci_disconnectionComplete_evt)
../../../stack/ble/lib/libble_b92.a(hci_vendor.o)
                              hci.o (symbol from plugin) (hci_vendor_getCurrentEventCode)
../../../stack/ble/lib/libble_b92.a(host.o)
                              ./apps/sampleLight_concurrent/sampleLightBLE.o (symbol from plugin) (blc_host_checkHostInitialization)
../../../stack/ble/lib/libble_b92.a(att_v0.o)
                              ./apps/sampleLight_concurrent/sampleLightBLE.o (symbol from plugin) (bls_att_setAttributeTable)
../../../stack/ble/lib/libble_b92.a(gatt_v0.o)
                              att_v0.o (symbol from plugin) (blt_gatt_requestServiceAccess)
../../../stack/ble/lib/libble_b92.a(gap.o)
                              att_v0.o (symbol from plugin) (blc_gap_getMasterSlavePara)
../../../stack/ble/lib/libble_b92.a(gap_event.o)
                              ./apps/sampleLight_concurrent/sampleLightBLE.o (symbol from plugin) (blc_gap_setEventMask)
../../../stack/ble/lib/libble_b92.a(gattc.o)
                              att_v0.o (symbol from plugin) (blt_gattc_mtuSizeExchangeReq)
../../../stack/ble/lib/libble_b92.a(tlk_list.o)
                              host.o (symbol from plugin) (sList_headInsertNode)
../../../stack/ble/lib/libble_b92.a(tlk_malloc.o)
[...]
Memory Configuration

Name             Origin             Length             Attributes
*default*        0x0000000000000000 0xffffffffffffffff

Linker script and memory map

LOAD /cygdrive/c/Users/huangli/AppData/Local/Temp/concurrent_sampleLight_b92.elf.60zuQo.ltrans0.ltrans.o
LOAD /cygdrive/c/Users/huangli/AppData/Local/Temp/concurrent_sampleLight_b92.elf.60zuQo.ltrans1.ltrans.o
LOAD /cygdrive/c/Users/huangli/AppData/Local/Temp/concurrent_sampleLight_b92.elf.60zuQo.ltrans2.ltrans.o
LOAD /cygdrive/c/Users/huangli/AppData/Local/Temp/concurrent_sampleLight_b92.elf.60zuQo.ltrans3.ltrans.o
LOAD /cygdrive/c/Users/huangli/AppData/Local/Temp/concurrent_sampleLight_b92.elf.60zuQo.ltrans4.ltrans.o
LOAD /cygdrive/c/Users/huangli/AppData/Local/Temp/concurrent_sampleLight_b92.elf.60zuQo.ltrans5.ltrans.o
LOAD /cygdrive/c/Users/huangli/AppData/Local/Temp/concurrent_sampleLight_b92.elf.60zuQo.ltrans6.ltrans.o
LOAD /cygdrive/c/Users/huangli/AppData/Local/Temp/concurrent_sampleLight_b92.elf.60zuQo.ltrans7.ltrans.o
LOAD ./platform/boot/b92/cstartup_b92.o
LOAD ./platform/boot/link_cfg.o
LOAD ../../../stack/ble/lib/libble_b92.a
LOAD F:\github_version\ikea_light_project\lighting_cbb\lib/liblighting_cbb.a
LOAD ../../../platform/lib/libdrivers_b92.a
LOAD ../../../stack/zigbee/lib/riscv_gcc10/libzb_router.a
LOAD C:\TelinkIoTStudio\RDS\V5.1.2\toolchains\nds32le-elf-mculib-v5f\riscv32-elf\lib/libm.a
LOAD /cygdrive/c/TelinkIoTStudio/RDS/V5.1.2/toolchains/nds32le-elf-mculib-v5f/bin/../lib/gcc/riscv32-elf/10.3.0/mext-dsp/libgcc.a
START GROUP
LOAD C:\TelinkIoTStudio\RDS\V5.1.2\toolchains\nds32le-elf-mculib-v5f\riscv32-elf\lib/libc.a
LOAD C:\TelinkIoTStudio\RDS\V5.1.2\toolchains\nds32le-elf-mculib-v5f\riscv32-elf\lib/libgloss.a
END GROUP
LOAD /cygdrive/c/TelinkIoTStudio/RDS/V5.1.2/toolchains/nds32le-elf-mculib-v5f/bin/../lib/gcc/riscv32-elf/10.3.0/mext-dsp/libgcc.a
                0x0000000020000000                NDS_SAG_LMA_FLASH = 0x20000000
                0x0000000020154000                . = (0x20000000 + __FW_OFFSET)
                0x0000000020154000                PROVIDE (BIN_BEGIN = .)

.vectors        0x0000000020154000      0x12a
 *(.vectors)
 .vectors       0x0000000020154000      0x12a ./platform/boot/b92/cstartup_b92.o
                0x0000000020154000                _RESET_ENTRY
                0x0000000000000000                . = 0x0

.retention_reset
                0x0000000000000000      0x130 load address 0x0000000020154130
 *(.retention_reset)
 .retention_reset
                0x0000000000000000      0x130 ./platform/boot/b92/cstartup_b92.o
                0x0000000000000000                _IRESET_ENTRY
                0x0000000000000000                PROVIDE (_RETENTION_RESET_VMA_START = ADDR (.retention_reset))
                0x0000000020154130                PROVIDE (_RETENTION_RESET_LMA_START = LOADADDR (.retention_reset))
                0x0000000000000130                PROVIDE (_RETENTION_RESET_VMA_END = .)
                0x0000000000000130                . = ALIGN (0x8)
                0x0000000000000130                PROVIDE (_AES_VMA_START = .)

.aes_data       0x0000000000000130       0x20 load address 0x0000000020154260
 *(.aes_data)
 .aes_data      0x0000000000000130       0x20 /cygdrive/c/Users/huangli/AppData/Local/Temp/concurrent_sampleLight_b92.elf.60zuQo.ltrans3.ltrans.o
                0x0000000000000130                aes_data_buff
                0x0000000000000150                PROVIDE (_AES_VMA_END = .)
                0x0000000000000150                . = ALIGN (0x8)

.ram_code       0x0000000000000200     0xa002 load address 0x0000000020154260
 *(.ram_code)
 .ram_code      0x0000000000000200      0x5b4 /cygdrive/c/Users/huangli/AppData/Local/Temp/concurrent_sampleLight_b92.elf.60zuQo.ltrans0.ltrans.o
                0x0000000000000204                mac_currentTickGet
                0x0000000000000210                rf_setTrxState
                0x000000000000034c                rf_performCCA
                0x00000000000003ec                rf802154_tx
                0x0000000000000434                rf_rx_irq_handler
                0x0000000000000760                rf_tx_irq_handler
 *fill*         0x00000000000007b4        0x0 
 .ram_code      0x00000000000007b4      0xb36 /cygdrive/c/Users/huangli/AppData/Local/Temp/concurrent_sampleLight_b92.elf.60zuQo.ltrans1.ltrans.o
                0x0000000000000a2c                drv_gpio_write
                0x0000000000000a60                core_interrupt_disable.lto_priv.6.lto_priv.0
                0x0000000000000a60                core_interrupt_disable.lto_priv.12.lto_priv.0
                0x0000000000000a60                core_interrupt_disable.lto_priv.16.lto_priv.0
                0x0000000000000a60                core_interrupt_disable.lto_priv.1.lto_priv.0
                0x0000000000000a60                core_interrupt_disable.lto_priv.11.lto_priv.0
                0x0000000000000a60                core_interrupt_disable.lto_priv.7.lto_priv.0
                0x0000000000000a60                core_interrupt_disable.lto_priv.0.lto_priv.0
                0x0000000000000a60                core_interrupt_disable.lto_priv.9.lto_priv.0
                0x0000000000000a60                core_interrupt_disable.lto_priv.10.lto_priv.0
                0x0000000000000a60                core_interrupt_disable.lto_priv.2.lto_priv.0
                0x0000000000000a60                core_interrupt_disable.lto_priv.4.lto_priv.0
                0x0000000000000a60                core_interrupt_disable.lto_priv.5.lto_priv.0
                0x0000000000000a60                core_interrupt_disable.lto_priv.14.lto_priv.0
                0x0000000000000a60                core_interrupt_disable.lto_priv.8.lto_priv.0
                0x0000000000000a60                core_interrupt_disable.lto_priv.13.lto_priv.0
                0x0000000000000a60                core_interrupt_disable.lto_priv.15.lto_priv.0
                0x0000000000000a60                core_interrupt_disable.lto_priv.3.lto_priv.0
                0x0000000000000a78                drv_disable_irq
                0x0000000000000a7c                trap_entry
                0x0000000000000abc                entry_irq19
                0x0000000000000bc4                entry_irq15
                0x0000000000000cc4                entry_irq3
                0x0000000000000dcc                entry_irq4
                0x0000000000000ed4                entry_irq1
                0x0000000000000fd4                entry_irq25
                0x00000000000010dc                entry_irq26
                0x00000000000011e4                entry_irq27
 *fill*         0x00000000000012ea        0x2 
 .ram_code      0x00000000000012ec     0x3afe /cygdrive/c/Users/huangli/AppData/Local/Temp/concurrent_sampleLight_b92.elf.60zuQo.ltrans2.ltrans.o
                0x0000000000001300                blt_event_callback_func
                0x0000000000001494                blt_ll_incSchedulerTaskPriority
                0x00000000000017d0                blt_ll_resolvSetRpaInUse
                0x0000000000001d08                blt_leg_adv_interrupt_task
                0x000000000000207c                blt_prichn_scan_interrupt_task
                0x00000000000020c0                switch_to_ble_context
                0x000000000000216c                tlk_mem_cpy
                0x0000000000002598                __lshrdi3
                0x00000000000025c8                __ashldi3
                0x00000000000025f8                blt_ll_record_identity_address
                0x0000000000002608                blt_ll_addr_set_peer_address
                0x0000000000002624                blt_ll_calculate_sSlot_next
                0x0000000000002670                blc_sdk_irq_handler
                0x0000000000003058                blt_ll_calMasterInitiateTiming
                0x0000000000003204                blms_post_pre_process
                0x0000000000003248                blms_post_common_1
                0x00000000000033b8                blt_llms_saveTxfifoRptr
                0x0000000000003428                blc_ll_acl_recordRSSI
                0x0000000000003444                blc_ll_acl_recordLatestRSSI
                0x0000000000003454                blt_ll_storePeerDeviceRpa
                0x0000000000003464                blt_ll_searchResolvingListEntry
                0x00000000000034dc                blt_ll_resolve_rpa
                0x0000000000003c40                blt_prichn_procInitPkt
                0x0000000000003c78                irq_scan_rx_primary_channel
                0x000000000000433c                tlkapi_send_str_data
                0x0000000000004340                blt_ll_conn_chn_phy_update
                0x0000000000004b8c                blt_acl_slave_rx_procUpdateReq
                0x0000000000004d14                blt_acl_conn_interrupt_task
 *fill*         0x0000000000004dea        0x2 
 .ram_code      0x0000000000004dec     0x1b9c /cygdrive/c/Users/huangli/AppData/Local/Temp/concurrent_sampleLight_b92.elf.60zuQo.ltrans3.ltrans.o
                0x00000000000051dc                blt_csa1_calculateChannelTable
                0x000000000000529c                csa2_calculateMapInfo
                0x0000000000005314                clock_get_32k_tick
                0x0000000000005340                delay_us
                0x0000000000005360                delay_ms
                0x0000000000005384                pm_retention_register_recover
                0x00000000000053dc                rf_set_chn
                0x0000000000005480                rf_set_rxmode
                0x00000000000056c8                rf_set_power_level_index
                0x0000000000005730                trng_rand
                0x0000000000005774                ble_rf_set_rx_dma
                0x00000000000057c8                ble_rf_set_tx_dma
                0x0000000000005828                rf_set_ble_channel
                0x0000000000005910                tl_zbMacHdrSize
                0x00000000000059d0                sys_reboot_ram
                0x00000000000059ec                mspi_wait.lto_priv.0.lto_priv.0
                0x00000000000059ec                mspi_wait.lto_priv.1.lto_priv.0
                0x0000000000005b94                mspi_stop_xip.lto_priv.0.lto_priv.0
                0x0000000000005bd0                flash_mspi_read_ram
                0x0000000000005c78                flash_mspi_write_ram
                0x0000000000005d28                analog_wait.lto_priv.0
                0x0000000000005d94                analog_read_reg8
                0x0000000000005ddc                wd_32k_get_status
                0x0000000000005df4                analog_write_reg8
                0x0000000000005e3c                wd_32k_stop
                0x0000000000005e58                pm_wait_bbpll_done
                0x00000000000062a0                crystal_manual_settle
                0x00000000000062e4                rf_drv_ble_init
                0x0000000000006484                clock_cal_24m_rc
                0x000000000000657c                aes_encryption_le
                0x0000000000006650                aes_encryption_be
                0x00000000000066bc                aes_resolve_irk_rpa
                0x000000000000676c                zb_buf_get
                0x000000000000688c                tl_getRxBuf
                0x00000000000068a4                tl_zbTaskQPush
 *fill*         0x0000000000006988        0x0 
 .ram_code      0x0000000000006988      0x74e /cygdrive/c/Users/huangli/AppData/Local/Temp/concurrent_sampleLight_b92.elf.60zuQo.ltrans4.ltrans.o
                0x00000000000069e8                mac_trxTask.lto_priv.0
                0x0000000000006d00                mac_trigger_tx
                0x0000000000006ee8                zb_macDataFilter
                0x0000000000007034                zb_macDataRecvHandler
                0x00000000000070d0                zb_macDataSendHandler
 *fill*         0x00000000000070d6        0x2 
 .ram_code      0x00000000000070d8      0xfbe /cygdrive/c/Users/huangli/AppData/Local/Temp/concurrent_sampleLight_b92.elf.60zuQo.ltrans6.ltrans.o
                0x00000000000070d8                aes_ll_ccm_decryption.constprop.0
                0x00000000000071c0                blt_ll_calCenTaskConcentratedInitTiming.constprop.0
                0x0000000000007308                blt_ll_set_tx_power_by_strategy.constprop.0
                0x000000000000730c                tlk_mem_set4.constprop.0
                0x0000000000007318                tlk_mem_set.constprop.0
                0x0000000000007328                tlkapi_send_str_u8s.constprop.0
                0x0000000000007368                tlkapi_send_str_u32s.constprop.0
                0x00000000000073a0                tlk_mem_cmp.constprop.0
                0x00000000000073c8                blt_ll_searchAddrInWhiteListTbl.constprop.0
                0x0000000000007430                clock_init_ram.constprop.0
                0x000000000000757c                pm_wait_xtal_ready.constprop.0
                0x0000000000007d80                gpio_init.constprop.0
                0x0000000000007ea8                tl_zbMacPendingDataCheck.constprop.0
                0x000000000000802c                analog_read_reg32.constprop.0
                0x0000000000008070                flash_send_cmd.constprop.0
 *fill*         0x0000000000008096        0x2 
 .ram_code      0x0000000000008098     0x2050 /cygdrive/c/Users/huangli/AppData/Local/Temp/concurrent_sampleLight_b92.elf.60zuQo.ltrans7.ltrans.o
                0x0000000000008128                aes_ccmBaseTran.constprop.0.isra.0
                0x0000000000008208                aes_ccmAuthTran.constprop.0.isra.0
                0x0000000000008364                blt_ll_set_slave_conn_interval_level.constprop.0.isra.0
                0x0000000000008368                rf_set_trx_state.isra.0
                0x0000000000008434                blt_ll_addScanRspDevice.isra.0
                0x000000000000849c                blt_ll_buildLegacyAdvTask.isra.0
                0x00000000000085ec                blt_ll_build_acl_slave_schedule.isra.0
                0x0000000000008af8                blt_brx_post.isra.0
                0x0000000000008f34                irq_acl_conn_rx.isra.0
                0x0000000000009190                blms_start_common_2.isra.0
                0x0000000000009248                blt_ll_set_interval_level.isra.0
                0x00000000000092c0                blms_connect_common.isra.0
                0x000000000000951c                core_restore_interrupt.isra.0
                0x000000000000952c                drv_restore_irq.isra.0
                0x0000000000009530                blt_quick_tx_prepare.constprop.0.isra.0
                0x00000000000095e0                blt_ll_send_adv.isra.0
                0x0000000000009da8                zb_buf_free.isra.0
                0x0000000000009f34                tl_zbTaskPost.isra.0
                0x000000000000a008                mac_csmaStart.constprop.0.isra.0
 *fill*         0x000000000000a0e8       0x18 
 .ram_code      0x000000000000a100      0x102 ./platform/boot/b92/cstartup_b92.o
                0x000000000000a100                __vectors
                0x000000000000a202                PROVIDE (_RAMCODE_VMA_END = .)
                0x0000000000000200                PROVIDE (_RAMCODE_VMA_START = ADDR (.ram_code))
                0x0000000020154260                PROVIDE (_RAMCODE_LMA_START = LOADADDR (.ram_code))
                [!provide]                        PROVIDE (_RAMCODE_SIZE = SIZEOF (.ram_code))
                0x000000002015e268                . = ALIGN ((LOADADDR (.ram_code) + SIZEOF (.ram_code)), 0x8)

.text           0x000000002015e268    0x37d9c
 *(.text .stub .text.* .gnu.linkonce.t.*)
 .text.zdp_txCnfCb.lto_priv.0
                0x000000002015e268        0x2 /cygdrive/c/Users/huangli/AppData/Local/Temp/concurrent_sampleLight_b92.elf.60zuQo.ltrans0.ltrans.o
                0x000000002015e268                zdp_txCnfCb.lto_priv.0
 *fill*         0x000000002015e26a        0x2 
 .text.ll_zllAttrClr
                0x000000002015e26c        0xe /cygdrive/c/Users/huangli/AppData/Local/Temp/concurrent_sampleLight_b92.elf.60zuQo.ltrans0.ltrans.o
                0x000000002015e26c                ll_zllAttrClr
 *fill*         0x000000002015e27a        0x2 
 .text.zcl_basic_cmdHandler
                0x000000002015e27c       0x28 /cygdrive/c/Users/huangli/AppData/Local/Temp/concurrent_sampleLight_b92.elf.60zuQo.ltrans0.ltrans.o
 .text.zcl_scene_findAllSceneByGroup
                0x000000002015e2a4       0x50 /cygdrive/c/Users/huangli/AppData/Local/Temp/concurrent_sampleLight_b92.elf.60zuQo.ltrans0.ltrans.o
 .text.reportAttrTimerCb
                0x000000002015e2f4       0xc4 /cygdrive/c/Users/huangli/AppData/Local/Temp/concurrent_sampleLight_b92.elf.60zuQo.ltrans0.ltrans.o
 .text.rf_setRxBuf
                0x000000002015e3b8       0x2e /cygdrive/c/Users/huangli/AppData/Local/Temp/concurrent_sampleLight_b92.elf.60zuQo.ltrans0.ltrans.o
 *fill*         0x000000002015e3e6        0x2 
 .text.rf_setTxPower
                0x000000002015e3e8        0xa /cygdrive/c/Users/huangli/AppData/Local/Temp/concurrent_sampleLight_b92.elf.60zuQo.ltrans0.ltrans.o
                0x000000002015e3e8                rf_setTxPower
 *fill*         0x000000002015e3f2        0x2 
 .text.rf_edDetect.part.0
                0x000000002015e3f4       0x1a /cygdrive/c/Users/huangli/AppData/Local/Temp/concurrent_sampleLight_b92.elf.60zuQo.ltrans0.ltrans.o
 *fill*         0x000000002015e40e        0x2 
 .text.rf_edDetect.lto_priv.0
                0x000000002015e410       0x32 /cygdrive/c/Users/huangli/AppData/Local/Temp/concurrent_sampleLight_b92.elf.60zuQo.ltrans0.ltrans.o
                0x000000002015e410                rf_edDetect.lto_priv.0
 *fill*         0x000000002015e442        0x2 
 .text.zcl_gp_sinkTabReqPrc
                0x000000002015e444       0x9a /cygdrive/c/Users/huangli/AppData/Local/Temp/concurrent_sampleLight_b92.elf.60zuQo.ltrans0.ltrans.o
 *fill*         0x000000002015e4de        0x2 
 .text.zcl_gp_cmdHandler
                0x000000002015e4e0      0x938 /cygdrive/c/Users/huangli/AppData/Local/Temp/concurrent_sampleLight_b92.elf.60zuQo.ltrans0.ltrans.o
 .text.zdp_rxDataIndication.lto_priv.0
                0x000000002015ee18      0x294 /cygdrive/c/Users/huangli/AppData/Local/Temp/concurrent_sampleLight_b92.elf.60zuQo.ltrans0.ltrans.o
                0x000000002015ee18                zdp_rxDataIndication.lto_priv.0
 .text.ll_decrypt_network_key
                0x000000002015f0ac       0xf0 /cygdrive/c/Users/huangli/AppData/Local/Temp/concurrent_sampleLight_b92.elf.60zuQo.ltrans0.ltrans.o
 .text.zcl_rx_handler
                0x000000002015f19c       0x12 /cygdrive/c/Users/huangli/AppData/Local/Temp/concurrent_sampleLight_b92.elf.60zuQo.ltrans0.ltrans.o
                0x000000002015f19c                zcl_rx_handler
 *fill*         0x000000002015f1ae        0x2 
 .text.zcl_zllTouchLinkDeviceInformationRequest
                0x000000002015f1b0       0x74 /cygdrive/c/Users/huangli/AppData/Local/Temp/concurrent_sampleLight_b92.elf.60zuQo.ltrans0.ltrans.o
 .text.zcl_zllRejoinStart
                0x000000002015f224       0xa8 /cygdrive/c/Users/huangli/AppData/Local/Temp/concurrent_sampleLight_b92.elf.60zuQo.ltrans0.ltrans.o
 .text.touchlink_discovery_network
                0x000000002015f2cc       0xca /cygdrive/c/Users/huangli/AppData/Local/Temp/concurrent_sampleLight_b92.elf.60zuQo.ltrans0.ltrans.o
 *fill*         0x000000002015f396        0x2 
 .text.zcl_register
                0x000000002015f398       0x52 /cygdrive/c/Users/huangli/AppData/Local/Temp/concurrent_sampleLight_b92.elf.60zuQo.ltrans0.ltrans.o
                0x000000002015f398                zcl_register
 *fill*         0x000000002015f3ea        0x2 
 .text.zcl_registerCluster
                0x000000002015f3ec       0x72 /cygdrive/c/Users/huangli/AppData/Local/Temp/concurrent_sampleLight_b92.elf.60zuQo.ltrans0.ltrans.o
                0x000000002015f3ec                zcl_registerCluster
 *fill*         0x000000002015f45e        0x2 
 .text.zcl_basic_register
                0x000000002015f460       0x14 /cygdrive/c/Users/huangli/AppData/Local/Temp/concurrent_sampleLight_b92.elf.60zuQo.ltrans0.ltrans.o
                0x000000002015f460                zcl_basic_register
 *fill*         0x000000002015f474        0x0 
 .text.zcl_gp_register
                0x000000002015f474       0x18 /cygdrive/c/Users/huangli/AppData/Local/Temp/concurrent_sampleLight_b92.elf.60zuQo.ltrans0.ltrans.o
                0x000000002015f474                zcl_gp_register
 *fill*         0x000000002015f48c        0x0 
 .text.zcl_group_register
                0x000000002015f48c       0x14 /cygdrive/c/Users/huangli/AppData/Local/Temp/concurrent_sampleLight_b92.elf.60zuQo.ltrans0.ltrans.o
                0x000000002015f48c                zcl_group_register
 *fill*         0x000000002015f4a0        0x0 
 .text.zcl_identify_register
                0x000000002015f4a0       0x14 /cygdrive/c/Users/huangli/AppData/Local/Temp/concurrent_sampleLight_b92.elf.60zuQo.ltrans0.ltrans.o
                0x000000002015f4a0                zcl_identify_register
 *fill*         0x000000002015f4b4        0x0 
 .text.zcl_getAttrSize
                0x000000002015f4b4       0xa8 /cygdrive/c/Users/huangli/AppData/Local/Temp/concurrent_sampleLight_b92.elf.60zuQo.ltrans0.ltrans.o
                0x000000002015f4b4                zcl_getAttrSize
 .text.zcl_parseInWriteCmd
                0x000000002015f55c       0xe6 /cygdrive/c/Users/huangli/AppData/Local/Temp/concurrent_sampleLight_b92.elf.60zuQo.ltrans0.ltrans.o
 *fill*         0x000000002015f642        0x2 
 .text.zcl_findAttribute
                0x000000002015f644       0x56 /cygdrive/c/Users/huangli/AppData/Local/Temp/concurrent_sampleLight_b92.elf.60zuQo.ltrans0.ltrans.o
                0x000000002015f644                zcl_findAttribute
 *fill*         0x000000002015f69a        0x2 
 .text.zcl_getAttrVal
                0x000000002015f69c       0x4e /cygdrive/c/Users/huangli/AppData/Local/Temp/concurrent_sampleLight_b92.elf.60zuQo.ltrans0.ltrans.o
                0x000000002015f69c                zcl_getAttrVal
 *fill*         0x000000002015f6ea        0x2 
 .text.zcl_lightColorCtrl_register
                0x000000002015f6ec       0xd0 /cygdrive/c/Users/huangli/AppData/Local/Temp/concurrent_sampleLight_b92.elf.60zuQo.ltrans0.ltrans.o
                0x000000002015f6ec                zcl_lightColorCtrl_register
 *fill*         0x000000002015f7bc        0x0 
 .text.zcl_lightColorCtrl_cmdHandler
                0x000000002015f7bc      0x540 /cygdrive/c/Users/huangli/AppData/Local/Temp/concurrent_sampleLight_b92.elf.60zuQo.ltrans0.ltrans.o
 .text.zcl_level_register
                0x000000002015fcfc       0xe4 /cygdrive/c/Users/huangli/AppData/Local/Temp/concurrent_sampleLight_b92.elf.60zuQo.ltrans0.ltrans.o
                0x000000002015fcfc                zcl_level_register
 .text.zcl_level_cmdHandler
                0x000000002015fde0      0x230 /cygdrive/c/Users/huangli/AppData/Local/Temp/concurrent_sampleLight_b92.elf.60zuQo.ltrans0.ltrans.o
 .text.zcl_onOff_register
                0x0000000020160010      0x100 /cygdrive/c/Users/huangli/AppData/Local/Temp/concurrent_sampleLight_b92.elf.60zuQo.ltrans0.ltrans.o
                0x0000000020160010                zcl_onOff_register
 .text.zcl_onOff_cmdHandler
                0x0000000020160110      0x106 /cygdrive/c/Users/huangli/AppData/Local/Temp/concurrent_sampleLight_b92.elf.60zuQo.ltrans0.ltrans.o
 *fill*         0x0000000020160216        0x2 
 .text.zcl_scene_updateSceneCntAttr
                0x0000000020160218       0x8e /cygdrive/c/Users/huangli/AppData/Local/Temp/concurrent_sampleLight_b92.elf.60zuQo.ltrans0.ltrans.o
 *fill*         0x00000000201602a6        0x2 
 .text.zcl_scene_register
                0x00000000201602a8       0xae /cygdrive/c/Users/huangli/AppData/Local/Temp/concurrent_sampleLight_b92.elf.60zuQo.ltrans0.ltrans.o
                0x00000000201602a8                zcl_scene_register
 *fill*         0x0000000020160356        0x2 
 .text.zcl_scene_removeAllSceneEntry
                0x0000000020160358       0xc8 /cygdrive/c/Users/huangli/AppData/Local/Temp/concurrent_sampleLight_b92.elf.60zuQo.ltrans0.ltrans.o
 *fill*         0x0000000020160420        0x0 
 .text.zcl_attrWrite
                0x0000000020160420       0x92 /cygdrive/c/Users/huangli/AppData/Local/Temp/concurrent_sampleLight_b92.elf.60zuQo.ltrans0.ltrans.o
 *fill*         0x00000000201604b2        0x2 
 .text.zcl_writeHandler
                0x00000000201604b4      0x18c /cygdrive/c/Users/huangli/AppData/Local/Temp/concurrent_sampleLight_b92.elf.60zuQo.ltrans0.ltrans.o
 *fill*         0x0000000020160640        0x0 
 .text.zcl_sendCmd
                0x0000000020160640       0xd8 /cygdrive/c/Users/huangli/AppData/Local/Temp/concurrent_sampleLight_b92.elf.60zuQo.ltrans0.ltrans.o
                0x0000000020160640                zcl_sendCmd
 .text.zcl_group_cmdHandler
                0x0000000020160718      0x76a /cygdrive/c/Users/huangli/AppData/Local/Temp/concurrent_sampleLight_b92.elf.60zuQo.ltrans0.ltrans.o
 *fill*         0x0000000020160e82        0x2 
 .text.zcl_identify_cmdHandler
                0x0000000020160e84      0x178 /cygdrive/c/Users/huangli/AppData/Local/Temp/concurrent_sampleLight_b92.elf.60zuQo.ltrans0.ltrans.o
 .text.zcl_scene_cmdHandler
                0x0000000020160ffc     0x10ca /cygdrive/c/Users/huangli/AppData/Local/Temp/concurrent_sampleLight_b92.elf.60zuQo.ltrans0.ltrans.o
 *fill*         0x00000000201620c6        0x2 
 .text.reportAttrTimerStart.part.0
                0x00000000201620c8       0xb0 /cygdrive/c/Users/huangli/AppData/Local/Temp/concurrent_sampleLight_b92.elf.60zuQo.ltrans0.ltrans.o
                0x00000000201620c8                reportAttrTimerStart.part.0
 .text.zcl_configureReporting
                0x0000000020162178      0x2c2 /cygdrive/c/Users/huangli/AppData/Local/Temp/concurrent_sampleLight_b92.elf.60zuQo.ltrans0.ltrans.o
                0x0000000020162178                zcl_configureReporting
 *fill*         0x000000002016243a        0x2 
 .text.zcl_cmdHandler
                0x000000002016243c     0x1a62 /cygdrive/c/Users/huangli/AppData/Local/Temp/concurrent_sampleLight_b92.elf.60zuQo.ltrans0.ltrans.o
 *fill*         0x0000000020163e9e        0x2 
 .text.zb_rfTxDoing
                0x0000000020163ea0        0xa /cygdrive/c/Users/huangli/AppData/Local/Temp/concurrent_sampleLight_b92.elf.60zuQo.ltrans0.ltrans.o
                0x0000000020163ea0                zb_rfTxDoing
 *fill*         0x0000000020163eaa        0x2 
 .text.rf_setChannel.part.0
                0x0000000020163eac       0x92 /cygdrive/c/Users/huangli/AppData/Local/Temp/concurrent_sampleLight_b92.elf.60zuQo.ltrans0.ltrans.o
                0x0000000020163eac                rf_setChannel.part.0
 *fill*         0x0000000020163f3e        0x2 
 .text.rf_setChannel
                0x0000000020163f40       0x12 /cygdrive/c/Users/huangli/AppData/Local/Temp/concurrent_sampleLight_b92.elf.60zuQo.ltrans0.ltrans.o
                0x0000000020163f40                rf_setChannel
 *fill*         0x0000000020163f52        0x2 
 .text.rf_reset
                0x0000000020163f54       0xf4 /cygdrive/c/Users/huangli/AppData/Local/Temp/concurrent_sampleLight_b92.elf.60zuQo.ltrans0.ltrans.o
                0x0000000020163f54                rf_reset
 *fill*         0x0000000020164048        0x0 
 .text.zcl_touchLinkScanStart.lto_priv.0
                0x0000000020164048      0x168 /cygdrive/c/Users/huangli/AppData/Local/Temp/concurrent_sampleLight_b92.elf.60zuQo.ltrans0.ltrans.o
                0x0000000020164048                zcl_touchLinkScanStart.lto_priv.0
 .text.tl_zbNwkZllCommissionScanConfirm
                0x00000000201641b0      0x248 /cygdrive/c/Users/huangli/AppData/Local/Temp/concurrent_sampleLight_b92.elf.60zuQo.ltrans0.ltrans.o
 .text.zcl_zllTouchLinkStartRouteRequest
                0x00000000201643f8       0xcc /cygdrive/c/Users/huangli/AppData/Local/Temp/concurrent_sampleLight_b92.elf.60zuQo.ltrans0.ltrans.o
 .text.zcl_zllTouchLinkNetworkJoinRealjoin
                0x00000000201644c4      0x142 /cygdrive/c/Users/huangli/AppData/Local/Temp/concurrent_sampleLight_b92.elf.60zuQo.ltrans0.ltrans.o
 *fill*         0x0000000020164606        0x2 
 .text.zcl_zllTouchLinkLeaveCnfCb
                0x0000000020164608       0x3c /cygdrive/c/Users/huangli/AppData/Local/Temp/concurrent_sampleLight_b92.elf.60zuQo.ltrans0.ltrans.o
                0x0000000020164608                zcl_zllTouchLinkLeaveCnfCb
 *fill*         0x0000000020164644        0x0 
 .text.zcl_zllTouchLinkNetworkStartOrJoinNwkLeave
                0x0000000020164644       0x96 /cygdrive/c/Users/huangli/AppData/Local/Temp/concurrent_sampleLight_b92.elf.60zuQo.ltrans0.ltrans.o
 *fill*         0x00000000201646da        0x2 
 .text.zcl_zllTouchLinkFinish
                0x00000000201646dc      0x142 /cygdrive/c/Users/huangli/AppData/Local/Temp/concurrent_sampleLight_b92.elf.60zuQo.ltrans0.ltrans.o
                0x00000000201646dc                zcl_zllTouchLinkFinish
 *fill*         0x000000002016481e        0x2 
 .text.zcl_touchLinkIdentifyRequestDone
                0x0000000020164820       0x16 /cygdrive/c/Users/huangli/AppData/Local/Temp/concurrent_sampleLight_b92.elf.60zuQo.ltrans0.ltrans.o
 *fill*         0x0000000020164836        0x2 
 .text.zcl_zllTouchLinkIdentifyRequest
                0x0000000020164838      0x1fc /cygdrive/c/Users/huangli/AppData/Local/Temp/concurrent_sampleLight_b92.elf.60zuQo.ltrans0.ltrans.o
 .text.zcl_zllTouchLinkNetworkStartOrJoin
                0x0000000020164a34      0x41a /cygdrive/c/Users/huangli/AppData/Local/Temp/concurrent_sampleLight_b92.elf.60zuQo.ltrans0.ltrans.o
                0x0000000020164a34                zcl_zllTouchLinkNetworkStartOrJoin
 *fill*         0x0000000020164e4e        0x2 
 .text.zcl_zllTouchLinkDiscoverydone
                0x0000000020164e50      0x110 /cygdrive/c/Users/huangli/AppData/Local/Temp/concurrent_sampleLight_b92.elf.60zuQo.ltrans0.ltrans.o
 .text.zcl_zllTouchLinNetworkStartRespCmdSend
                0x0000000020164f60       0xd2 /cygdrive/c/Users/huangli/AppData/Local/Temp/concurrent_sampleLight_b92.elf.60zuQo.ltrans0.ltrans.o
 *fill*         0x0000000020165032        0x2 
 .text.zcl_zllTouchLinkStartNetworkStartOrJoinTimeout
                0x0000000020165034       0x18 /cygdrive/c/Users/huangli/AppData/Local/Temp/concurrent_sampleLight_b92.elf.60zuQo.ltrans0.ltrans.o
 .text.zcl_zllTouchLinkNetworkStartDirectJoin
                0x000000002016504c       0xd0 /cygdrive/c/Users/huangli/AppData/Local/Temp/concurrent_sampleLight_b92.elf.60zuQo.ltrans0.ltrans.o
                0x000000002016504c                zcl_zllTouchLinkNetworkStartDirectJoin
 .text.zcl_zllTouchLinkNetworkStartResponseHandler
                0x000000002016511c       0x60 /cygdrive/c/Users/huangli/AppData/Local/Temp/concurrent_sampleLight_b92.elf.60zuQo.ltrans0.ltrans.o
 .text.zcl_zllTouchLinkNetwokJoinResponseHandler
                0x000000002016517c       0x14 /cygdrive/c/Users/huangli/AppData/Local/Temp/concurrent_sampleLight_b92.elf.60zuQo.ltrans0.ltrans.o
 .text.zcl_zllTouchLinkTimeout
                0x0000000020165190       0x18 /cygdrive/c/Users/huangli/AppData/Local/Temp/concurrent_sampleLight_b92.elf.60zuQo.ltrans0.ltrans.o
                0x0000000020165190                zcl_zllTouchLinkTimeout
 .text.zcl_touchLinkCmdHandler
                0x00000000201651a8     0x1048 /cygdrive/c/Users/huangli/AppData/Local/Temp/concurrent_sampleLight_b92.elf.60zuQo.ltrans0.ltrans.o
                0x00000000201651a8                zcl_touchLinkCmdHandler
 .text.gpChangleChannelReqCb
                0x00000000201661f0        0x6 /cygdrive/c/Users/huangli/AppData/Local/Temp/concurrent_sampleLight_b92.elf.60zuQo.ltrans1.ltrans.o
                0x00000000201661f0                gpChangleChannelReqCb
 *fill*         0x00000000201661f6        0x2 
 .text.gpDataCnfPrc
                0x00000000201661f8        0x2 /cygdrive/c/Users/huangli/AppData/Local/Temp/concurrent_sampleLight_b92.elf.60zuQo.ltrans1.ltrans.o
 *fill*         0x00000000201661fa        0x2 
 .text.gp_getProxyTabEntryLen
                0x00000000201661fc       0xa2 /cygdrive/c/Users/huangli/AppData/Local/Temp/concurrent_sampleLight_b92.elf.60zuQo.ltrans1.ltrans.o
 *fill*         0x000000002016629e        0x2 
 .text.gp_buildProxyTabEntryFormat
                0x00000000201662a0      0x20e /cygdrive/c/Users/huangli/AppData/Local/Temp/concurrent_sampleLight_b92.elf.60zuQo.ltrans1.ltrans.o
 *fill*         0x00000000201664ae        0x2 
 .text.gp_getProxyTabByGpdId
                0x00000000201664b0       0x9a /cygdrive/c/Users/huangli/AppData/Local/Temp/concurrent_sampleLight_b92.elf.60zuQo.ltrans1.ltrans.o
 *fill*         0x000000002016654a        0x2 
 .text.zclGpProxyTabAttrUpdate.part.0
                0x000000002016654c       0xde /cygdrive/c/Users/huangli/AppData/Local/Temp/concurrent_sampleLight_b92.elf.60zuQo.ltrans1.ltrans.o
 *fill*         0x000000002016662a        0x2 
 .text.bdb_findBindIdentifyQueryTimeout
                0x000000002016662c       0x5e /cygdrive/c/Users/huangli/AppData/Local/Temp/concurrent_sampleLight_b92.elf.60zuQo.ltrans1.ltrans.o
 *fill*         0x000000002016668a        0x2 
 .text.bdb_task_delay
                0x000000002016668c       0x20 /cygdrive/c/Users/huangli/AppData/Local/Temp/concurrent_sampleLight_b92.elf.60zuQo.ltrans1.ltrans.o
 .text.bdb_commssionUtilityCallback
                0x00000000201666ac        0x2 /cygdrive/c/Users/huangli/AppData/Local/Temp/concurrent_sampleLight_b92.elf.60zuQo.ltrans1.ltrans.o
 *fill*         0x00000000201666ae        0x2 
 .text.ev_timer_nearestUpdate
                0x00000000201666b0       0x26 /cygdrive/c/Users/huangli/AppData/Local/Temp/concurrent_sampleLight_b92.elf.60zuQo.ltrans1.ltrans.o
                0x00000000201666b0                ev_timer_nearestUpdate
 *fill*         0x00000000201666d6        0x2 
 .text.drv_gpio_irq_process.part.0
                0x00000000201666d8       0x22 /cygdrive/c/Users/huangli/AppData/Local/Temp/concurrent_sampleLight_b92.elf.60zuQo.ltrans1.ltrans.o
 *fill*         0x00000000201666fa        0x2 
 .text.drv_gpio_irq_process
                0x00000000201666fc        0xe /cygdrive/c/Users/huangli/AppData/Local/Temp/concurrent_sampleLight_b92.elf.60zuQo.ltrans1.ltrans.o
 *fill*         0x000000002016670a        0x2 
 .text.drv_gpio_irq_handler
                0x000000002016670c        0x6 /cygdrive/c/Users/huangli/AppData/Local/Temp/concurrent_sampleLight_b92.elf.60zuQo.ltrans1.ltrans.o
 *fill*         0x0000000020166712        0x2 
 .text.drv_gpio_irq_risc0_handler
                0x0000000020166714        0x6 /cygdrive/c/Users/huangli/AppData/Local/Temp/concurrent_sampleLight_b92.elf.60zuQo.ltrans1.ltrans.o
 *fill*         0x000000002016671a        0x2 
 .text.drv_gpio_irq_risc1_handler
                0x000000002016671c        0x6 /cygdrive/c/Users/huangli/AppData/Local/Temp/concurrent_sampleLight_b92.elf.60zuQo.ltrans1.ltrans.o
 *fill*         0x0000000020166722        0x2 
 .text.randInit
                0x0000000020166724       0x8e /cygdrive/c/Users/huangli/AppData/Local/Temp/concurrent_sampleLight_b92.elf.60zuQo.ltrans1.ltrans.o
 *fill*         0x00000000201667b2        0x2 
 .text.xcrc32   0x00000000201667b4       0x34 /cygdrive/c/Users/huangli/AppData/Local/Temp/concurrent_sampleLight_b92.elf.60zuQo.ltrans1.ltrans.o
                0x00000000201667b4                xcrc32
 .text.timer_set_cap_tick
                0x00000000201667e8       0x16 /cygdrive/c/Users/huangli/AppData/Local/Temp/concurrent_sampleLight_b92.elf.60zuQo.ltrans1.ltrans.o
 *fill*         0x00000000201667fe        0x2 
 .text.hwTimerStop
                0x0000000020166800       0x22 /cygdrive/c/Users/huangli/AppData/Local/Temp/concurrent_sampleLight_b92.elf.60zuQo.ltrans1.ltrans.o
 *fill*         0x0000000020166822        0x2 
 .text.drv_uart_rx_irq_handler
                0x0000000020166824       0xa2 /cygdrive/c/Users/huangli/AppData/Local/Temp/concurrent_sampleLight_b92.elf.60zuQo.ltrans1.ltrans.o
 *fill*         0x00000000201668c6        0x2 
 .text.uart_dma_send
                0x00000000201668c8       0x84 /cygdrive/c/Users/huangli/AppData/Local/Temp/concurrent_sampleLight_b92.elf.60zuQo.ltrans1.ltrans.o
 .text.gpio_irq_handler
                0x000000002016694c       0x1a /cygdrive/c/Users/huangli/AppData/Local/Temp/concurrent_sampleLight_b92.elf.60zuQo.ltrans1.ltrans.o
 *fill*         0x0000000020166966        0x2 
 .text.gpio_risc0_irq_handler
                0x0000000020166968       0x1a /cygdrive/c/Users/huangli/AppData/Local/Temp/concurrent_sampleLight_b92.elf.60zuQo.ltrans1.ltrans.o
 *fill*         0x0000000020166982        0x2 
 .text.gpio_risc1_irq_handler
                0x0000000020166984       0x1a /cygdrive/c/Users/huangli/AppData/Local/Temp/concurrent_sampleLight_b92.elf.60zuQo.ltrans1.ltrans.o
 *fill*         0x000000002016699e        0x2 
 .text.ldsBdbCommissionSettingParamsUpdate
                0x00000000201669a0       0x5e /cygdrive/c/Users/huangli/AppData/Local/Temp/concurrent_sampleLight_b92.elf.60zuQo.ltrans1.ltrans.o
 *fill*         0x00000000201669fe        0x2 
 .text.spp_onReceiveData
                0x0000000020166a00        0x6 /cygdrive/c/Users/huangli/AppData/Local/Temp/concurrent_sampleLight_b92.elf.60zuQo.ltrans1.ltrans.o
 *fill*         0x0000000020166a06        0x2 
 .text.app_host_event_callback
                0x0000000020166a08        0x6 /cygdrive/c/Users/huangli/AppData/Local/Temp/concurrent_sampleLight_b92.elf.60zuQo.ltrans1.ltrans.o
 *fill*         0x0000000020166a0e        0x2 
 .text.gpCommissioningModeCb
                0x0000000020166a10       0x30 /cygdrive/c/Users/huangli/AppData/Local/Temp/concurrent_sampleLight_b92.elf.60zuQo.ltrans1.ltrans.o
 .text.bdb_nwkDiscCnfCb
                0x0000000020166a40       0x72 /cygdrive/c/Users/huangli/AppData/Local/Temp/concurrent_sampleLight_b92.elf.60zuQo.ltrans1.ltrans.o
 *fill*         0x0000000020166ab2        0x2 
 .text.gpAliasConflictTimeoutCb
                0x0000000020166ab4       0x78 /cygdrive/c/Users/huangli/AppData/Local/Temp/concurrent_sampleLight_b92.elf.60zuQo.ltrans1.ltrans.o
 .text.drv_u32Rand
                0x0000000020166b2c        0xa /cygdrive/c/Users/huangli/AppData/Local/Temp/concurrent_sampleLight_b92.elf.60zuQo.ltrans1.ltrans.o
                0x0000000020166b2c                drv_u32Rand
 *fill*         0x0000000020166b36        0x2 
 .text.uart0_irq_handler
                0x0000000020166b38       0x84 /cygdrive/c/Users/huangli/AppData/Local/Temp/concurrent_sampleLight_b92.elf.60zuQo.ltrans1.ltrans.o
 .text.gpCommissioningWindowTimeoutCb
                0x0000000020166bbc       0x4e /cygdrive/c/Users/huangli/AppData/Local/Temp/concurrent_sampleLight_b92.elf.60zuQo.ltrans1.ltrans.o
 *fill*         0x0000000020166c0a        0x2 
 .text.bdb_binding
                0x0000000020166c0c      0x1c4 /cygdrive/c/Users/huangli/AppData/Local/Temp/concurrent_sampleLight_b92.elf.60zuQo.ltrans1.ltrans.o
 .text.bdb_ieeeAddrResp
                0x0000000020166dd0       0x56 /cygdrive/c/Users/huangli/AppData/Local/Temp/concurrent_sampleLight_b92.elf.60zuQo.ltrans1.ltrans.o
 *fill*         0x0000000020166e26        0x2 
 .text.bdb_simpleDescReqTimeoutCb
                0x0000000020166e28       0x88 /cygdrive/c/Users/huangli/AppData/Local/Temp/concurrent_sampleLight_b92.elf.60zuQo.ltrans1.ltrans.o
 .text.bdb_findBindIdentifyTimeout
                0x0000000020166eb0       0x84 /cygdrive/c/Users/huangli/AppData/Local/Temp/concurrent_sampleLight_b92.elf.60zuQo.ltrans1.ltrans.o
 .text.wd_turn_off_vbus_timer
                0x0000000020166f34       0x12 /cygdrive/c/Users/huangli/AppData/Local/Temp/concurrent_sampleLight_b92.elf.60zuQo.ltrans1.ltrans.o
 *fill*         0x0000000020166f46        0x2 
 .text.usb_get_vbus_detect_status
                0x0000000020166f48       0x1a /cygdrive/c/Users/huangli/AppData/Local/Temp/concurrent_sampleLight_b92.elf.60zuQo.ltrans1.ltrans.o
 *fill*         0x0000000020166f62        0x2 
 .text.drv_vbusWatchdogClose
                0x0000000020166f64       0x66 /cygdrive/c/Users/huangli/AppData/Local/Temp/concurrent_sampleLight_b92.elf.60zuQo.ltrans1.ltrans.o
 *fill*         0x0000000020166fca        0x2 
 .text.internalFlashSizeCheck
                0x0000000020166fcc       0x90 /cygdrive/c/Users/huangli/AppData/Local/Temp/concurrent_sampleLight_b92.elf.60zuQo.ltrans1.ltrans.o
 .text.blc_flash_read_mid_get_vendor_set_capacity
                0x000000002016705c       0x12 /cygdrive/c/Users/huangli/AppData/Local/Temp/concurrent_sampleLight_b92.elf.60zuQo.ltrans1.ltrans.o
 *fill*         0x000000002016706e        0x2 
 .text.platform_wakeup_init
                0x0000000020167070      0x3f6 /cygdrive/c/Users/huangli/AppData/Local/Temp/concurrent_sampleLight_b92.elf.60zuQo.ltrans1.ltrans.o
 *fill*         0x0000000020167466        0x2 
 .text.drv_enable_irq
                0x0000000020167468       0x16 /cygdrive/c/Users/huangli/AppData/Local/Temp/concurrent_sampleLight_b92.elf.60zuQo.ltrans1.ltrans.o
 *fill*         0x000000002016747e        0x2 
 .text.hwTimerSet
                0x0000000020167480       0x22 /cygdrive/c/Users/huangli/AppData/Local/Temp/concurrent_sampleLight_b92.elf.60zuQo.ltrans1.ltrans.o
 *fill*         0x00000000201674a2        0x2 
 .text.sampleLightAttrsStoreTimerCb
                0x00000000201674a4       0x1e /cygdrive/c/Users/huangli/AppData/Local/Temp/concurrent_sampleLight_b92.elf.60zuQo.ltrans1.ltrans.o
 *fill*         0x00000000201674c2        0x2 
 .text.sampleLightSysException
                0x00000000201674c4       0x12 /cygdrive/c/Users/huangli/AppData/Local/Temp/concurrent_sampleLight_b92.elf.60zuQo.ltrans1.ltrans.o
 *fill*         0x00000000201674d6        0x2 
 .text.ldsDeviceInit
                0x00000000201674d8      0x100 /cygdrive/c/Users/huangli/AppData/Local/Temp/concurrent_sampleLight_b92.elf.60zuQo.ltrans1.ltrans.o
 .text.app_gatt_data_handler
                0x00000000201675d8       0xc6 /cygdrive/c/Users/huangli/AppData/Local/Temp/concurrent_sampleLight_b92.elf.60zuQo.ltrans1.ltrans.o
 *fill*         0x000000002016769e        0x2 
 .text.light_adjust
                0x00000000201676a0      0x160 /cygdrive/c/Users/huangli/AppData/Local/Temp/concurrent_sampleLight_b92.elf.60zuQo.ltrans1.ltrans.o
 .text.memcmp   0x0000000020167800       0x28 /cygdrive/c/Users/huangli/AppData/Local/Temp/concurrent_sampleLight_b92.elf.60zuQo.ltrans1.ltrans.o
                0x0000000020167800                memcmp
 .text.blc_initMacAddress
                0x0000000020167828       0xc0 /cygdrive/c/Users/huangli/AppData/Local/Temp/concurrent_sampleLight_b92.elf.60zuQo.ltrans1.ltrans.o
 .text.memset   0x00000000201678e8       0xac /cygdrive/c/Users/huangli/AppData/Local/Temp/concurrent_sampleLight_b92.elf.60zuQo.ltrans1.ltrans.o
                0x00000000201678e8                memset
 .text.gpSecReqPrc
                0x0000000020167994      0x3a2 /cygdrive/c/Users/huangli/AppData/Local/Temp/concurrent_sampleLight_b92.elf.60zuQo.ltrans1.ltrans.o
 *fill*         0x0000000020167d36        0x2 
 .text.ev_buf_reset
                0x0000000020167d38       0xf0 /cygdrive/c/Users/huangli/AppData/Local/Temp/concurrent_sampleLight_b92.elf.60zuQo.ltrans1.ltrans.o
 .text.drv_hwTmr_irq_process
                0x0000000020167e28       0xb6 /cygdrive/c/Users/huangli/AppData/Local/Temp/concurrent_sampleLight_b92.elf.60zuQo.ltrans1.ltrans.o
 *fill*         0x0000000020167ede        0x2 
 .text.timer0_irq_handler
                0x0000000020167ee0       0x1e /cygdrive/c/Users/huangli/AppData/Local/Temp/concurrent_sampleLight_b92.elf.60zuQo.ltrans1.ltrans.o
 *fill*         0x0000000020167efe        0x2 
 .text.timer1_irq_handler
                0x0000000020167f00       0x1e /cygdrive/c/Users/huangli/AppData/Local/Temp/concurrent_sampleLight_b92.elf.60zuQo.ltrans1.ltrans.o
 *fill*         0x0000000020167f1e        0x2 
 .text.aps_groupEntryDel.lto_priv.0
                0x0000000020167f20       0x70 /cygdrive/c/Users/huangli/AppData/Local/Temp/concurrent_sampleLight_b92.elf.60zuQo.ltrans1.ltrans.o
                0x0000000020167f20                aps_groupEntryDel.lto_priv.0
 .text.aps_group_search_by_addr
                0x0000000020167f90       0xbc /cygdrive/c/Users/huangli/AppData/Local/Temp/concurrent_sampleLight_b92.elf.60zuQo.ltrans1.ltrans.o
                0x0000000020167f90                aps_group_search_by_addr
 .text.aps_group_ep_find
                0x000000002016804c       0xb6 /cygdrive/c/Users/huangli/AppData/Local/Temp/concurrent_sampleLight_b92.elf.60zuQo.ltrans1.ltrans.o
                0x000000002016804c                aps_group_ep_find
 *fill*         0x0000000020168102        0x2 
 .text.aps_me_group_add_req
                0x0000000020168104      0x13a /cygdrive/c/Users/huangli/AppData/Local/Temp/concurrent_sampleLight_b92.elf.60zuQo.ltrans1.ltrans.o
                0x0000000020168104                aps_me_group_add_req
 *fill*         0x000000002016823e        0x2 
 .text.af_clsuterIdMatched
                0x0000000020168240       0x5a /cygdrive/c/Users/huangli/AppData/Local/Temp/concurrent_sampleLight_b92.elf.60zuQo.ltrans1.ltrans.o
                0x0000000020168240                af_clsuterIdMatched
 *fill*         0x000000002016829a        0x2 
 .text.ev_rtc_update
                0x000000002016829c      0x204 /cygdrive/c/Users/huangli/AppData/Local/Temp/concurrent_sampleLight_b92.elf.60zuQo.ltrans1.ltrans.o
                0x000000002016829c                ev_rtc_update
 .text.adc_get_voltage_dma.lto_priv.0
                0x00000000201684a0      0x216 /cygdrive/c/Users/huangli/AppData/Local/Temp/concurrent_sampleLight_b92.elf.60zuQo.ltrans1.ltrans.o
                0x00000000201684a0                adc_get_voltage_dma.lto_priv.0
 *fill*         0x00000000201686b6        0x2 
 .text.flash_write
                0x00000000201686b8        0x6 /cygdrive/c/Users/huangli/AppData/Local/Temp/concurrent_sampleLight_b92.elf.60zuQo.ltrans1.ltrans.o
                0x00000000201686b8                flash_write
 *fill*         0x00000000201686be        0x2 
 .text.flash_writeWithCheck
                0x00000000201686c0       0x5c /cygdrive/c/Users/huangli/AppData/Local/Temp/concurrent_sampleLight_b92.elf.60zuQo.ltrans1.ltrans.o
                0x00000000201686c0                flash_writeWithCheck
 .text.nv_write_item
                0x000000002016871c      0x484 /cygdrive/c/Users/huangli/AppData/Local/Temp/concurrent_sampleLight_b92.elf.60zuQo.ltrans1.ltrans.o
 .text.flash_read
                0x0000000020168ba0        0x6 /cygdrive/c/Users/huangli/AppData/Local/Temp/concurrent_sampleLight_b92.elf.60zuQo.ltrans1.ltrans.o
                0x0000000020168ba0                flash_read
 *fill*         0x0000000020168ba6        0x2 
 .text.generateIEEEAddr
                0x0000000020168ba8      0x18a /cygdrive/c/Users/huangli/AppData/Local/Temp/concurrent_sampleLight_b92.elf.60zuQo.ltrans1.ltrans.o
                0x0000000020168ba8                generateIEEEAddr
 *fill*         0x0000000020168d32        0x2 
 .text.drv_calib_freq_offset
                0x0000000020168d34       0x54 /cygdrive/c/Users/huangli/AppData/Local/Temp/concurrent_sampleLight_b92.elf.60zuQo.ltrans1.ltrans.o
 .text.drv_calibration
                0x0000000020168d88       0xaa /cygdrive/c/Users/huangli/AppData/Local/Temp/concurrent_sampleLight_b92.elf.60zuQo.ltrans1.ltrans.o
 *fill*         0x0000000020168e32        0x2 
 .text.ev_on_timer
                0x0000000020168e34       0x7c /cygdrive/c/Users/huangli/AppData/Local/Temp/concurrent_sampleLight_b92.elf.60zuQo.ltrans1.ltrans.o
                0x0000000020168e34                ev_on_timer
 .text.drv_platform_init
                0x0000000020168eb0       0xca /cygdrive/c/Users/huangli/AppData/Local/Temp/concurrent_sampleLight_b92.elf.60zuQo.ltrans1.ltrans.o
 *fill*         0x0000000020168f7a        0x2 
 .text.ev_buf_allocate
                0x0000000020168f7c       0x90 /cygdrive/c/Users/huangli/AppData/Local/Temp/concurrent_sampleLight_b92.elf.60zuQo.ltrans1.ltrans.o
                0x0000000020168f7c                ev_buf_allocate
 .text.gpCommissioningNotificationCmdSend
                0x000000002016900c      0x18a /cygdrive/c/Users/huangli/AppData/Local/Temp/concurrent_sampleLight_b92.elf.60zuQo.ltrans1.ltrans.o
 *fill*         0x0000000020169196        0x2 
 .text.ev_unon_timer
                0x0000000020169198       0xce /cygdrive/c/Users/huangli/AppData/Local/Temp/concurrent_sampleLight_b92.elf.60zuQo.ltrans1.ltrans.o
                0x0000000020169198                ev_unon_timer
 *fill*         0x0000000020169266        0x2 
 .text.bdb_SimpleDescResp
                0x0000000020169268      0x2a2 /cygdrive/c/Users/huangli/AppData/Local/Temp/concurrent_sampleLight_b92.elf.60zuQo.ltrans1.ltrans.o
 *fill*         0x000000002016950a        0x2 
 .text.bdb_nodeDescRespHandler
                0x000000002016950c       0xae /cygdrive/c/Users/huangli/AppData/Local/Temp/concurrent_sampleLight_b92.elf.60zuQo.ltrans1.ltrans.o
 *fill*         0x00000000201695ba        0x2 
 .text.bdb_retrieveTcLinkKeyTimeout
                0x00000000201695bc      0x114 /cygdrive/c/Users/huangli/AppData/Local/Temp/concurrent_sampleLight_b92.elf.60zuQo.ltrans1.ltrans.o
 .text.bdb_touchLinkCallback
                0x00000000201696d0       0xe0 /cygdrive/c/Users/huangli/AppData/Local/Temp/concurrent_sampleLight_b92.elf.60zuQo.ltrans1.ltrans.o
 .text.ev_timer_taskPost
                0x00000000201697b0       0xaa /cygdrive/c/Users/huangli/AppData/Local/Temp/concurrent_sampleLight_b92.elf.60zuQo.ltrans1.ltrans.o
                0x00000000201697b0                ev_timer_taskPost
 *fill*         0x000000002016985a        0x2 
 .text.gpDevAnnceCheckCb
                0x000000002016985c      0x1c6 /cygdrive/c/Users/huangli/AppData/Local/Temp/concurrent_sampleLight_b92.elf.60zuQo.ltrans1.ltrans.o
                0x000000002016985c                gpDevAnnceCheckCb
 *fill*         0x0000000020169a22        0x2 
 .text.gpDataIndPrc
                0x0000000020169a24      0x83a /cygdrive/c/Users/huangli/AppData/Local/Temp/concurrent_sampleLight_b92.elf.60zuQo.ltrans1.ltrans.o
 *fill*         0x000000002016a25e        0x2 
 .text.bdb_simpleDescReqSend
                0x000000002016a260       0xb4 /cygdrive/c/Users/huangli/AppData/Local/Temp/concurrent_sampleLight_b92.elf.60zuQo.ltrans1.ltrans.o
 .text.bdb_retrieveTcLinkKeyStart
                0x000000002016a314       0xc6 /cygdrive/c/Users/huangli/AppData/Local/Temp/concurrent_sampleLight_b92.elf.60zuQo.ltrans1.ltrans.o
 *fill*         0x000000002016a3da        0x2 
 .text.bdb_commissioningFindBind.part.0
                0x000000002016a3dc       0xd4 /cygdrive/c/Users/huangli/AppData/Local/Temp/concurrent_sampleLight_b92.elf.60zuQo.ltrans1.ltrans.o
 .text.bdb_commissioningNetworkFormation
                0x000000002016a4b0      0x194 /cygdrive/c/Users/huangli/AppData/Local/Temp/concurrent_sampleLight_b92.elf.60zuQo.ltrans1.ltrans.o
 .text.app_task
                0x000000002016a644      0x648 /cygdrive/c/Users/huangli/AppData/Local/Temp/concurrent_sampleLight_b92.elf.60zuQo.ltrans1.ltrans.o
 .text.nv_itemLengthCheckAdd
                0x000000002016ac8c       0x6c /cygdrive/c/Users/huangli/AppData/Local/Temp/concurrent_sampleLight_b92.elf.60zuQo.ltrans1.ltrans.o
                0x000000002016ac8c                nv_itemLengthCheckAdd
 .text.nv_index_read_op.lto_priv.0
                0x000000002016acf8      0x148 /cygdrive/c/Users/huangli/AppData/Local/Temp/concurrent_sampleLight_b92.elf.60zuQo.ltrans1.ltrans.o
                0x000000002016acf8                nv_index_read_op.lto_priv.0
 .text.nv_flashReadByIndex
                0x000000002016ae40      0x22c /cygdrive/c/Users/huangli/AppData/Local/Temp/concurrent_sampleLight_b92.elf.60zuQo.ltrans1.ltrans.o
                0x000000002016ae40                nv_flashReadByIndex
 .text.nv_flashWriteNewHandler.lto_priv.0
                0x000000002016b06c      0x70a /cygdrive/c/Users/huangli/AppData/Local/Temp/concurrent_sampleLight_b92.elf.60zuQo.ltrans1.ltrans.o
                0x000000002016b06c                nv_flashWriteNewHandler.lto_priv.0
 *fill*         0x000000002016b776        0x2 
 .text.nv_flashWriteNew
                0x000000002016b778       0x62 /cygdrive/c/Users/huangli/AppData/Local/Temp/concurrent_sampleLight_b92.elf.60zuQo.ltrans1.ltrans.o
                0x000000002016b778                nv_flashWriteNew
 *fill*         0x000000002016b7da        0x2 
 .text.matter_prepare2Jump
                0x000000002016b7dc      0x1a8 /cygdrive/c/Users/huangli/AppData/Local/Temp/concurrent_sampleLight_b92.elf.60zuQo.ltrans1.ltrans.o
 .text.app_controller_event_callback
                0x000000002016b984      0x310 /cygdrive/c/Users/huangli/AppData/Local/Temp/concurrent_sampleLight_b92.elf.60zuQo.ltrans1.ltrans.o
 .text.zcl_gpCb
                0x000000002016bc94      0xc5c /cygdrive/c/Users/huangli/AppData/Local/Temp/concurrent_sampleLight_b92.elf.60zuQo.ltrans1.ltrans.o
 .text.gp_proxyTabSave2Flash
                0x000000002016c8f0       0x44 /cygdrive/c/Users/huangli/AppData/Local/Temp/concurrent_sampleLight_b92.elf.60zuQo.ltrans1.ltrans.o
 .text.aps_groupTblSave2Flash
                0x000000002016c934       0x3e /cygdrive/c/Users/huangli/AppData/Local/Temp/concurrent_sampleLight_b92.elf.60zuQo.ltrans1.ltrans.o
                0x000000002016c934                aps_groupTblSave2Flash
 *fill*         0x000000002016c972        0x2 
 .text.nv_flashReadNew
                0x000000002016c974       0xf6 /cygdrive/c/Users/huangli/AppData/Local/Temp/concurrent_sampleLight_b92.elf.60zuQo.ltrans1.ltrans.o
                0x000000002016c974                nv_flashReadNew
 *fill*         0x000000002016ca6a        0x2 
 .text.bdb_zdoStartDevCnf
                0x000000002016ca6c      0x31a /cygdrive/c/Users/huangli/AppData/Local/Temp/concurrent_sampleLight_b92.elf.60zuQo.ltrans1.ltrans.o
 *fill*         0x000000002016cd86        0x2 
 .text.nv_nwkFrameCountSaveToFlashHandler
                0x000000002016cd88      0x246 /cygdrive/c/Users/huangli/AppData/Local/Temp/concurrent_sampleLight_b92.elf.60zuQo.ltrans1.ltrans.o
                0x000000002016cd88                nv_nwkFrameCountSaveToFlashHandler
 *fill*         0x000000002016cfce        0x2 
 .text.bdb_commissioningInfoSave
                0x000000002016cfd0       0xbc /cygdrive/c/Users/huangli/AppData/Local/Temp/concurrent_sampleLight_b92.elf.60zuQo.ltrans1.ltrans.o
 .text.bdb_mgmtPermitJoiningConfirm
                0x000000002016d08c      0x13a /cygdrive/c/Users/huangli/AppData/Local/Temp/concurrent_sampleLight_b92.elf.60zuQo.ltrans1.ltrans.o
 *fill*         0x000000002016d1c6        0x2 
 .text.nv_facrotyNewRstFlagCheck
                0x000000002016d1c8       0x2a /cygdrive/c/Users/huangli/AppData/Local/Temp/concurrent_sampleLight_b92.elf.60zuQo.ltrans1.ltrans.o
                0x000000002016d1c8                nv_facrotyNewRstFlagCheck
 *fill*         0x000000002016d1f2        0x2 
 .text.nv_facrotyNewRstFlagSet
                0x000000002016d1f4       0x24 /cygdrive/c/Users/huangli/AppData/Local/Temp/concurrent_sampleLight_b92.elf.60zuQo.ltrans1.ltrans.o
                0x000000002016d1f4                nv_facrotyNewRstFlagSet
 .text.strcpy   0x000000002016d218       0x16 /cygdrive/c/Users/huangli/AppData/Local/Temp/concurrent_sampleLight_b92.elf.60zuQo.ltrans1.ltrans.o
                0x000000002016d218                strcpy
 *fill*         0x000000002016d22e        0x2 
 .text._write   0x000000002016d230       0x4c /cygdrive/c/Users/huangli/AppData/Local/Temp/concurrent_sampleLight_b92.elf.60zuQo.ltrans1.ltrans.o
                0x000000002016d230                _write
 .text.startup.main
                0x000000002016d27c     0x1216 /cygdrive/c/Users/huangli/AppData/Local/Temp/concurrent_sampleLight_b92.elf.60zuQo.ltrans1.ltrans.o
                0x000000002016d27c                main
 *fill*         0x000000002016e492        0x2 
 .text.sampleLightAttrsStoreTimerStart
                0x000000002016e494       0x3a /cygdrive/c/Users/huangli/AppData/Local/Temp/concurrent_sampleLight_b92.elf.60zuQo.ltrans1.ltrans.o
                0x000000002016e494                sampleLightAttrsStoreTimerStart
 *fill*         0x000000002016e4ce        0x2 
 .text.ldsZigbeeTxPowerSet
                0x000000002016e4d0       0x62 /cygdrive/c/Users/huangli/AppData/Local/Temp/concurrent_sampleLight_b92.elf.60zuQo.ltrans1.ltrans.o
                0x000000002016e4d0                ldsZigbeeTxPowerSet
 *fill*         0x000000002016e532        0x2 
 .text.bdb_task.lto_priv.0
                0x000000002016e534      0x5e4 /cygdrive/c/Users/huangli/AppData/Local/Temp/concurrent_sampleLight_b92.elf.60zuQo.ltrans1.ltrans.o
                0x000000002016e534                bdb_task.lto_priv.0
 .text.zbdemo_bdbIdentifyCb
                0x000000002016eb18        0x2 /cygdrive/c/Users/huangli/AppData/Local/Temp/concurrent_sampleLight_b92.elf.60zuQo.ltrans2.ltrans.o
                0x000000002016eb18                zbdemo_bdbIdentifyCb
 *fill*         0x000000002016eb1a        0x2 
 .text.sampleLight_recoveryStart
                0x000000002016eb1c        0x6 /cygdrive/c/Users/huangli/AppData/Local/Temp/concurrent_sampleLight_b92.elf.60zuQo.ltrans2.ltrans.o
                0x000000002016eb1c                sampleLight_recoveryStart
 *fill*         0x000000002016eb22        0x2 
 .text.sampleLight_leaveIndHandler
                0x000000002016eb24        0x2 /cygdrive/c/Users/huangli/AppData/Local/Temp/concurrent_sampleLight_b92.elf.60zuQo.ltrans2.ltrans.o
                0x000000002016eb24                sampleLight_leaveIndHandler
 *fill*         0x000000002016eb26        0x2 
 .text.sampleLight_nwkUpdateIndicateHandler
                0x000000002016eb28        0x6 /cygdrive/c/Users/huangli/AppData/Local/Temp/concurrent_sampleLight_b92.elf.60zuQo.ltrans2.ltrans.o
                0x000000002016eb28                sampleLight_nwkUpdateIndicateHandler
 *fill*         0x000000002016eb2e        0x2 
 .text.sampleLight_zclIdentifyTimerCb
                0x000000002016eb30       0x1c /cygdrive/c/Users/huangli/AppData/Local/Temp/concurrent_sampleLight_b92.elf.60zuQo.ltrans2.ltrans.o
 .text.sampleLight_basicCb
                0x000000002016eb4c        0x6 /cygdrive/c/Users/huangli/AppData/Local/Temp/concurrent_sampleLight_b92.elf.60zuQo.ltrans2.ltrans.o
                0x000000002016eb4c                sampleLight_basicCb
 *fill*         0x000000002016eb52        0x2 
 .text.blt_ll_getMaxAalCentralNumber
                0x000000002016eb54        0x6 /cygdrive/c/Users/huangli/AppData/Local/Temp/concurrent_sampleLight_b92.elf.60zuQo.ltrans2.ltrans.o
 *fill*         0x000000002016eb5a        0x2 
 .text.blt_acl_slave_mainloop_task
                0x000000002016eb5c        0x6 /cygdrive/c/Users/huangli/AppData/Local/Temp/concurrent_sampleLight_b92.elf.60zuQo.ltrans2.ltrans.o
 *fill*         0x000000002016eb62        0x2 
 .text.blt_ll_reset_leg_adv
                0x000000002016eb64       0x32 /cygdrive/c/Users/huangli/AppData/Local/Temp/concurrent_sampleLight_b92.elf.60zuQo.ltrans2.ltrans.o
 *fill*         0x000000002016eb96        0x2 
 .text.l2cap_att_search
                0x000000002016eb98       0xa4 /cygdrive/c/Users/huangli/AppData/Local/Temp/concurrent_sampleLight_b92.elf.60zuQo.ltrans2.ltrans.o
 .text.blc_att_requestMtuSizeExchange
                0x000000002016ec3c       0x6e /cygdrive/c/Users/huangli/AppData/Local/Temp/concurrent_sampleLight_b92.elf.60zuQo.ltrans2.ltrans.o
 *fill*         0x000000002016ecaa        0x2 
 .text.att_Find_end_group
                0x000000002016ecac       0x8c /cygdrive/c/Users/huangli/AppData/Local/Temp/concurrent_sampleLight_b92.elf.60zuQo.ltrans2.ltrans.o
 .text.att_find_by_type_value_search
                0x000000002016ed38       0xd6 /cygdrive/c/Users/huangli/AppData/Local/Temp/concurrent_sampleLight_b92.elf.60zuQo.ltrans2.ltrans.o
 *fill*         0x000000002016ee0e        0x2 
 .text.att_read_by_group_type_request_search
                0x000000002016ee10       0xdc /cygdrive/c/Users/huangli/AppData/Local/Temp/concurrent_sampleLight_b92.elf.60zuQo.ltrans2.ltrans.o
 .text.blt_gatt_requestServiceAccess
                0x000000002016eeec       0x6c /cygdrive/c/Users/huangli/AppData/Local/Temp/concurrent_sampleLight_b92.elf.60zuQo.ltrans2.ltrans.o
 .text.softTimer_getTimerValue
                0x000000002016ef58        0x6 /cygdrive/c/Users/huangli/AppData/Local/Temp/concurrent_sampleLight_b92.elf.60zuQo.ltrans2.ltrans.o
 *fill*         0x000000002016ef5e        0x2 
 .text.blt_gap_ble_hci_rever_handler
                0x000000002016ef60        0x6 /cygdrive/c/Users/huangli/AppData/Local/Temp/concurrent_sampleLight_b92.elf.60zuQo.ltrans2.ltrans.o
 *fill*         0x000000002016ef66        0x2 
 .text.blt_smp_llEncryptionPause
                0x000000002016ef68       0x12 /cygdrive/c/Users/huangli/AppData/Local/Temp/concurrent_sampleLight_b92.elf.60zuQo.ltrans2.ltrans.o
 *fill*         0x000000002016ef7a        0x2 
 .text.spList_insertNode
                0x000000002016ef7c       0x88 /cygdrive/c/Users/huangli/AppData/Local/Temp/concurrent_sampleLight_b92.elf.60zuQo.ltrans2.ltrans.o
 .text.blt_l2cap_get_s_tx_buff
                0x000000002016f004       0x24 /cygdrive/c/Users/huangli/AppData/Local/Temp/concurrent_sampleLight_b92.elf.60zuQo.ltrans2.ltrans.o
 .text.blm_l2cap_processConnParamUpdatePending
                0x000000002016f028       0x2e /cygdrive/c/Users/huangli/AppData/Local/Temp/concurrent_sampleLight_b92.elf.60zuQo.ltrans2.ltrans.o
 *fill*         0x000000002016f056        0x2 
 .text.blt_l2cap_para_pre_init
                0x000000002016f058       0x54 /cygdrive/c/Users/huangli/AppData/Local/Temp/concurrent_sampleLight_b92.elf.60zuQo.ltrans2.ltrans.o
 .text.matterCommissionTimeoutCb
                0x000000002016f0ac       0x66 /cygdrive/c/Users/huangli/AppData/Local/Temp/concurrent_sampleLight_b92.elf.60zuQo.ltrans2.ltrans.o
 *fill*         0x000000002016f112        0x2 
 .text.sampleLight_bdbNetworkSteerStart
                0x000000002016f114       0x5c /cygdrive/c/Users/huangli/AppData/Local/Temp/concurrent_sampleLight_b92.elf.60zuQo.ltrans2.ltrans.o
 .text.sampleLight_leaveCnfHandler.part.0
                0x000000002016f170       0xac /cygdrive/c/Users/huangli/AppData/Local/Temp/concurrent_sampleLight_b92.elf.60zuQo.ltrans2.ltrans.o
 .text.sampleLight_leaveCnfHandler
                0x000000002016f21c        0xc /cygdrive/c/Users/huangli/AppData/Local/Temp/concurrent_sampleLight_b92.elf.60zuQo.ltrans2.ltrans.o
                0x000000002016f21c                sampleLight_leaveCnfHandler
 .text.sampleLight_OnWithTimedOffTimerCb
                0x000000002016f228       0xac /cygdrive/c/Users/huangli/AppData/Local/Temp/concurrent_sampleLight_b92.elf.60zuQo.ltrans2.ltrans.o
 .text.ldsLightCurrentSceneIndexGet
                0x000000002016f2d4       0x9e /cygdrive/c/Users/huangli/AppData/Local/Temp/concurrent_sampleLight_b92.elf.60zuQo.ltrans2.ltrans.o
 *fill*         0x000000002016f372        0x2 
 .text.sampleLight_zclProcessIncomingMsg
                0x000000002016f374      0x2a4 /cygdrive/c/Users/huangli/AppData/Local/Temp/concurrent_sampleLight_b92.elf.60zuQo.ltrans2.ltrans.o
                0x000000002016f374                sampleLight_zclProcessIncomingMsg
 .text.ldsZclIdentifyLightEffectTimerCb
                0x000000002016f618       0x9a /cygdrive/c/Users/huangli/AppData/Local/Temp/concurrent_sampleLight_b92.elf.60zuQo.ltrans2.ltrans.o
 *fill*         0x000000002016f6b2        0x2 
 .text.sampleLight_identifyCb
                0x000000002016f6b4      0x1f4 /cygdrive/c/Users/huangli/AppData/Local/Temp/concurrent_sampleLight_b92.elf.60zuQo.ltrans2.ltrans.o
                0x000000002016f6b4                sampleLight_identifyCb
 .text.sampleLight_groupCb
                0x000000002016f8a8      0x11a /cygdrive/c/Users/huangli/AppData/Local/Temp/concurrent_sampleLight_b92.elf.60zuQo.ltrans2.ltrans.o
                0x000000002016f8a8                sampleLight_groupCb
 *fill*         0x000000002016f9c2        0x2 
 .text.ldsSyncSceneIdInformation
                0x000000002016f9c4       0x56 /cygdrive/c/Users/huangli/AppData/Local/Temp/concurrent_sampleLight_b92.elf.60zuQo.ltrans2.ltrans.o
 *fill*         0x000000002016fa1a        0x2 
 .text.sampleLight_lightNumCheckTimerCb
                0x000000002016fa1c      0x15e /cygdrive/c/Users/huangli/AppData/Local/Temp/concurrent_sampleLight_b92.elf.60zuQo.ltrans2.ltrans.o
 *fill*         0x000000002016fb7a        0x2 
 .text.ldsMoveTemperatureOrMoveColor
                0x000000002016fb7c       0x7c /cygdrive/c/Users/huangli/AppData/Local/Temp/concurrent_sampleLight_b92.elf.60zuQo.ltrans2.ltrans.o
 .text.ikea_sceneTimerCb
                0x000000002016fbf8       0x7e /cygdrive/c/Users/huangli/AppData/Local/Temp/concurrent_sampleLight_b92.elf.60zuQo.ltrans2.ltrans.o
 *fill*         0x000000002016fc76        0x2 
 .text.factoryRst_timerCb.lto_priv.0
                0x000000002016fc78      0x11c /cygdrive/c/Users/huangli/AppData/Local/Temp/concurrent_sampleLight_b92.elf.60zuQo.ltrans2.ltrans.o
                0x000000002016fc78                factoryRst_timerCb.lto_priv.0
 .text.blt_acl_conn_mainloop_task
                0x000000002016fd94      0x272 /cygdrive/c/Users/huangli/AppData/Local/Temp/concurrent_sampleLight_b92.elf.60zuQo.ltrans2.ltrans.o
                0x000000002016fd94                blt_acl_conn_mainloop_task
 *fill*         0x0000000020170006        0x2 
 .text.blt_ll_resolvGenerateRpa
                0x0000000020170008       0x7a /cygdrive/c/Users/huangli/AppData/Local/Temp/concurrent_sampleLight_b92.elf.60zuQo.ltrans2.ltrans.o
 *fill*         0x0000000020170082        0x2 
 .text.blt_signal_proc_connParamUpdateReq
                0x0000000020170084      0x112 /cygdrive/c/Users/huangli/AppData/Local/Temp/concurrent_sampleLight_b92.elf.60zuQo.ltrans2.ltrans.o
 *fill*         0x0000000020170196        0x2 
 .text.blt_signal_proc_connParamUpdateRsp
                0x0000000020170198       0x40 /cygdrive/c/Users/huangli/AppData/Local/Temp/concurrent_sampleLight_b92.elf.60zuQo.ltrans2.ltrans.o
 .text.blt_gap_ll_enc_done_handler
                0x00000000201701d8      0x144 /cygdrive/c/Users/huangli/AppData/Local/Temp/concurrent_sampleLight_b92.elf.60zuQo.ltrans2.ltrans.o
 .text.free_nonreten
                0x000000002017031c       0x12 /cygdrive/c/Users/huangli/AppData/Local/Temp/concurrent_sampleLight_b92.elf.60zuQo.ltrans2.ltrans.o
 *fill*         0x000000002017032e        0x2 
 .text.blt_gattc_clearAttr
                0x0000000020170330       0xac /cygdrive/c/Users/huangli/AppData/Local/Temp/concurrent_sampleLight_b92.elf.60zuQo.ltrans2.ltrans.o
 .text.blt_gattc_aclStateChangeCb
                0x00000000201703dc        0xe /cygdrive/c/Users/huangli/AppData/Local/Temp/concurrent_sampleLight_b92.elf.60zuQo.ltrans2.ltrans.o
 *fill*         0x00000000201703ea        0x2 
 .text.blt_gattc_attRequestTimerCb
                0x00000000201703ec       0x32 /cygdrive/c/Users/huangli/AppData/Local/Temp/concurrent_sampleLight_b92.elf.60zuQo.ltrans2.ltrans.o
 *fill*         0x000000002017041e        0x2 
 .text.blt_l2cap_processConnParamUpdateReq
                0x0000000020170420       0x5a /cygdrive/c/Users/huangli/AppData/Local/Temp/concurrent_sampleLight_b92.elf.60zuQo.ltrans2.ltrans.o
 *fill*         0x000000002017047a        0x2 
 .text.ldsColorAttributeChangeHandle
                0x000000002017047c       0x6e /cygdrive/c/Users/huangli/AppData/Local/Temp/concurrent_sampleLight_b92.elf.60zuQo.ltrans2.ltrans.o
                0x000000002017047c                ldsColorAttributeChangeHandle
 *fill*         0x00000000201704ea        0x2 
 .text.sampleLight_colorTimerEvtCb.lto_priv.0
                0x00000000201704ec      0x202 /cygdrive/c/Users/huangli/AppData/Local/Temp/concurrent_sampleLight_b92.elf.60zuQo.ltrans2.ltrans.o
                0x00000000201704ec                sampleLight_colorTimerEvtCb.lto_priv.0
 *fill*         0x00000000201706ee        0x2 
 .text.sampleLight_colorCtrlCb
                0x00000000201706f0      0x42a /cygdrive/c/Users/huangli/AppData/Local/Temp/concurrent_sampleLight_b92.elf.60zuQo.ltrans2.ltrans.o
                0x00000000201706f0                sampleLight_colorCtrlCb
 *fill*         0x0000000020170b1a        0x2 
 .text.sampleLight_coupleColorTemp.lto_priv.0
                0x0000000020170b1c       0x40 /cygdrive/c/Users/huangli/AppData/Local/Temp/concurrent_sampleLight_b92.elf.60zuQo.ltrans2.ltrans.o
                0x0000000020170b1c                sampleLight_coupleColorTemp.lto_priv.0
 .text.sampleLight_levelTimerEvtCb.lto_priv.0
                0x0000000020170b5c      0x134 /cygdrive/c/Users/huangli/AppData/Local/Temp/concurrent_sampleLight_b92.elf.60zuQo.ltrans2.ltrans.o
                0x0000000020170b5c                sampleLight_levelTimerEvtCb.lto_priv.0
 .text.sampleLight_levelCb
                0x0000000020170c90      0x2a0 /cygdrive/c/Users/huangli/AppData/Local/Temp/concurrent_sampleLight_b92.elf.60zuQo.ltrans2.ltrans.o
                0x0000000020170c90                sampleLight_levelCb
 .text.sampleLight_onOffUpdate
                0x0000000020170f30       0x76 /cygdrive/c/Users/huangli/AppData/Local/Temp/concurrent_sampleLight_b92.elf.60zuQo.ltrans2.ltrans.o
                0x0000000020170f30                sampleLight_onOffUpdate
 *fill*         0x0000000020170fa6        0x2 
 .text.sampleLight_onOffCb
                0x0000000020170fa8      0x176 /cygdrive/c/Users/huangli/AppData/Local/Temp/concurrent_sampleLight_b92.elf.60zuQo.ltrans2.ltrans.o
                0x0000000020170fa8                sampleLight_onOffCb
 *fill*         0x000000002017111e        0x2 
 .text.sampleLight_sceneCb
                0x0000000020171120      0x3bc /cygdrive/c/Users/huangli/AppData/Local/Temp/concurrent_sampleLight_b92.elf.60zuQo.ltrans2.ltrans.o
                0x0000000020171120                sampleLight_sceneCb
 .text.blt_signal_proc_cmdRejectRsp
                0x00000000201714dc        0x6 /cygdrive/c/Users/huangli/AppData/Local/Temp/concurrent_sampleLight_b92.elf.60zuQo.ltrans2.ltrans.o
 *fill*         0x00000000201714e2        0x2 
 .text.ldsLightStatusGetSceneId
                0x00000000201714e4       0xc6 /cygdrive/c/Users/huangli/AppData/Local/Temp/concurrent_sampleLight_b92.elf.60zuQo.ltrans2.ltrans.o
                0x00000000201714e4                ldsLightStatusGetSceneId
 *fill*         0x00000000201715aa        0x2 
 .text.lds_trigger_join_network_flag_get
                0x00000000201715ac       0x24 /cygdrive/c/Users/huangli/AppData/Local/Temp/concurrent_sampleLight_b92.elf.60zuQo.ltrans2.ltrans.o
                0x00000000201715ac                lds_trigger_join_network_flag_get
 .text.zbdemo_bdbInitCb
                0x00000000201715d0      0x122 /cygdrive/c/Users/huangli/AppData/Local/Temp/concurrent_sampleLight_b92.elf.60zuQo.ltrans2.ltrans.o
                0x00000000201715d0                zbdemo_bdbInitCb
 *fill*         0x00000000201716f2        0x2 
 .text.zbdemo_bdbCommissioningCb
                0x00000000201716f4      0x104 /cygdrive/c/Users/huangli/AppData/Local/Temp/concurrent_sampleLight_b92.elf.60zuQo.ltrans2.ltrans.o
                0x00000000201716f4                zbdemo_bdbCommissioningCb
 .text.blt_ll_legadv_direct_adv_timeout
                0x00000000201717f8      0x104 /cygdrive/c/Users/huangli/AppData/Local/Temp/concurrent_sampleLight_b92.elf.60zuQo.ltrans2.ltrans.o
 .text.blt_smp_setAddress
                0x00000000201718fc      0x356 /cygdrive/c/Users/huangli/AppData/Local/Temp/concurrent_sampleLight_b92.elf.60zuQo.ltrans2.ltrans.o
                0x00000000201718fc                blt_smp_setAddress
 *fill*         0x0000000020171c52        0x2 
 .text.crc16    0x0000000020171c54       0x38 /cygdrive/c/Users/huangli/AppData/Local/Temp/concurrent_sampleLight_b92.elf.60zuQo.ltrans2.ltrans.o
                0x0000000020171c54                crc16
 .text.blc_ll_isBleTaskIdle
                0x0000000020171c8c       0x18 /cygdrive/c/Users/huangli/AppData/Local/Temp/concurrent_sampleLight_b92.elf.60zuQo.ltrans2.ltrans.o
                0x0000000020171c8c                blc_ll_isBleTaskIdle
 .text.ble_radio_init
                0x0000000020171ca4       0x60 /cygdrive/c/Users/huangli/AppData/Local/Temp/concurrent_sampleLight_b92.elf.60zuQo.ltrans2.ltrans.o
                0x0000000020171ca4                ble_radio_init
 .text.blt_acl_conn_rx_fifo_proc
                0x0000000020171d04       0x8c /cygdrive/c/Users/huangli/AppData/Local/Temp/concurrent_sampleLight_b92.elf.60zuQo.ltrans2.ltrans.o
                0x0000000020171d04                blt_acl_conn_rx_fifo_proc
 .text.blt_ll_processFeatureExchange
                0x0000000020171d90       0xec /cygdrive/c/Users/huangli/AppData/Local/Temp/concurrent_sampleLight_b92.elf.60zuQo.ltrans2.ltrans.o
                0x0000000020171d90                blt_ll_processFeatureExchange
 .text.blt_llmsPushLlCtrlPkt
                0x0000000020171e7c       0x22 /cygdrive/c/Users/huangli/AppData/Local/Temp/concurrent_sampleLight_b92.elf.60zuQo.ltrans2.ltrans.o
                0x0000000020171e7c                blt_llmsPushLlCtrlPkt
 *fill*         0x0000000020171e9e        0x2 
 .text.blt_llms_rejectInd
                0x0000000020171ea0       0x58 /cygdrive/c/Users/huangli/AppData/Local/Temp/concurrent_sampleLight_b92.elf.60zuQo.ltrans2.ltrans.o
                0x0000000020171ea0                blt_llms_rejectInd
 .text.blc_ll_getConnectionStartTick
                0x0000000020171ef8       0x16 /cygdrive/c/Users/huangli/AppData/Local/Temp/concurrent_sampleLight_b92.elf.60zuQo.ltrans2.ltrans.o
                0x0000000020171ef8                blc_ll_getConnectionStartTick
 *fill*         0x0000000020171f0e        0x2 
 .text.blt_ll_isAclhdlInvalid
                0x0000000020171f10       0x3a /cygdrive/c/Users/huangli/AppData/Local/Temp/concurrent_sampleLight_b92.elf.60zuQo.ltrans2.ltrans.o
                0x0000000020171f10                blt_ll_isAclhdlInvalid
 *fill*         0x0000000020171f4a        0x2 
 .text.blt_gattc_mtuSizeExchangeReq
                0x0000000020171f4c       0xa8 /cygdrive/c/Users/huangli/AppData/Local/Temp/concurrent_sampleLight_b92.elf.60zuQo.ltrans2.ltrans.o
 .text.blt_ll_rspTimeoutLoopEvt
                0x0000000020171ff4       0x3a /cygdrive/c/Users/huangli/AppData/Local/Temp/concurrent_sampleLight_b92.elf.60zuQo.ltrans2.ltrans.o
                0x0000000020171ff4                blt_ll_rspTimeoutLoopEvt
 *fill*         0x000000002017202e        0x2 
 .text.blt_ll_setEncryptionBusy
                0x0000000020172030       0x16 /cygdrive/c/Users/huangli/AppData/Local/Temp/concurrent_sampleLight_b92.elf.60zuQo.ltrans2.ltrans.o
                0x0000000020172030                blt_ll_setEncryptionBusy
 *fill*         0x0000000020172046        0x2 
 .text.blt_ll_isEncryptionBusy
                0x0000000020172048       0x16 /cygdrive/c/Users/huangli/AppData/Local/Temp/concurrent_sampleLight_b92.elf.60zuQo.ltrans2.ltrans.o
                0x0000000020172048                blt_ll_isEncryptionBusy
 *fill*         0x000000002017205e        0x2 
 .text.blt_ll_procDlePending
                0x0000000020172060       0x80 /cygdrive/c/Users/huangli/AppData/Local/Temp/concurrent_sampleLight_b92.elf.60zuQo.ltrans2.ltrans.o
                0x0000000020172060                blt_ll_procDlePending
 .text.blt_att_procMtuExgPending
                0x00000000201720e0       0xa8 /cygdrive/c/Users/huangli/AppData/Local/Temp/concurrent_sampleLight_b92.elf.60zuQo.ltrans2.ltrans.o
 .text.blc_ll_initAclPeriphrRole_module
                0x0000000020172188       0x6a /cygdrive/c/Users/huangli/AppData/Local/Temp/concurrent_sampleLight_b92.elf.60zuQo.ltrans2.ltrans.o
                0x0000000020172188                blc_ll_initAclPeriphrRole_module
 *fill*         0x00000000201721f2        0x2 
 .text.blt_ll_sendPhyReq
                0x00000000201721f4       0x72 /cygdrive/c/Users/huangli/AppData/Local/Temp/concurrent_sampleLight_b92.elf.60zuQo.ltrans2.ltrans.o
                0x00000000201721f4                blt_ll_sendPhyReq
 *fill*         0x0000000020172266        0x2 
 .text.blt_ll_sendPhyUpdateInd
                0x0000000020172268      0x102 /cygdrive/c/Users/huangli/AppData/Local/Temp/concurrent_sampleLight_b92.elf.60zuQo.ltrans2.ltrans.o
                0x0000000020172268                blt_ll_sendPhyUpdateInd
 *fill*         0x000000002017236a        0x2 
 .text.blt_ll_resolvRefreshRpa
                0x000000002017236c       0x5e /cygdrive/c/Users/huangli/AppData/Local/Temp/concurrent_sampleLight_b92.elf.60zuQo.ltrans2.ltrans.o
                0x000000002017236c                blt_ll_resolvRefreshRpa
 *fill*         0x00000000201723ca        0x2 
 .text.blc_gap_getMasterSlavePara
                0x00000000201723cc       0x18 /cygdrive/c/Users/huangli/AppData/Local/Temp/concurrent_sampleLight_b92.elf.60zuQo.ltrans2.ltrans.o
                0x00000000201723cc                blc_gap_getMasterSlavePara
 .text.blt_gap_conn_complete_handler
                0x00000000201723e4       0x78 /cygdrive/c/Users/huangli/AppData/Local/Temp/concurrent_sampleLight_b92.elf.60zuQo.ltrans2.ltrans.o
 .text.blt_gap_conn_terminate_handler
                0x000000002017245c       0xd2 /cygdrive/c/Users/huangli/AppData/Local/Temp/concurrent_sampleLight_b92.elf.60zuQo.ltrans2.ltrans.o
 *fill*         0x000000002017252e        0x2 
 .text.bls_gap_getSlavePara
                0x0000000020172530       0x12 /cygdrive/c/Users/huangli/AppData/Local/Temp/concurrent_sampleLight_b92.elf.60zuQo.ltrans2.ltrans.o
                0x0000000020172530                bls_gap_getSlavePara
 *fill*         0x0000000020172542        0x2 
 .text.blc_gap_init
                0x0000000020172544       0x66 /cygdrive/c/Users/huangli/AppData/Local/Temp/concurrent_sampleLight_b92.elf.60zuQo.ltrans2.ltrans.o
                0x0000000020172544                blc_gap_init
 *fill*         0x00000000201725aa        0x2 
 .text.blt_l2cap_pushData_2_controller
                0x00000000201725ac      0x230 /cygdrive/c/Users/huangli/AppData/Local/Temp/concurrent_sampleLight_b92.elf.60zuQo.ltrans2.ltrans.o
                0x00000000201725ac                blt_l2cap_pushData_2_controller
 .text.blt_process_pendingPkt
                0x00000000201727dc       0x3c /cygdrive/c/Users/huangli/AppData/Local/Temp/concurrent_sampleLight_b92.elf.60zuQo.ltrans2.ltrans.o
 .text.blt_smp_pushPairingFailed
                0x0000000020172818       0x1e /cygdrive/c/Users/huangli/AppData/Local/Temp/concurrent_sampleLight_b92.elf.60zuQo.ltrans2.ltrans.o
                0x0000000020172818                blt_smp_pushPairingFailed
 *fill*         0x0000000020172836        0x2 
 .text.bls_att_l2capAttCmdHandler
                0x0000000020172838      0xb58 /cygdrive/c/Users/huangli/AppData/Local/Temp/concurrent_sampleLight_b92.elf.60zuQo.ltrans2.ltrans.o
 .text.blc_l2cap_pktHandler
                0x0000000020173390      0x3ce /cygdrive/c/Users/huangli/AppData/Local/Temp/concurrent_sampleLight_b92.elf.60zuQo.ltrans2.ltrans.o
                0x0000000020173390                blc_l2cap_pktHandler
 *fill*         0x000000002017375e        0x2 
 .text.bls_smp_llGetLtkReq
                0x0000000020173760      0x3c6 /cygdrive/c/Users/huangli/AppData/Local/Temp/concurrent_sampleLight_b92.elf.60zuQo.ltrans2.ltrans.o
                0x0000000020173760                bls_smp_llGetLtkReq
 *fill*         0x0000000020173b26        0x2 
 .text.blc_ll_initBasicMCU
                0x0000000020173b28       0xa6 /cygdrive/c/Users/huangli/AppData/Local/Temp/concurrent_sampleLight_b92.elf.60zuQo.ltrans2.ltrans.o
                0x0000000020173b28                blc_ll_initBasicMCU
 *fill*         0x0000000020173bce        0x2 
 .text.blt_ll_reset_bSlot_idx
                0x0000000020173bd0       0xa6 /cygdrive/c/Users/huangli/AppData/Local/Temp/concurrent_sampleLight_b92.elf.60zuQo.ltrans2.ltrans.o
 *fill*         0x0000000020173c76        0x2 
 .text.blt_ll_proc_bSlot_idx_overflow
                0x0000000020173c78       0x2c /cygdrive/c/Users/huangli/AppData/Local/Temp/concurrent_sampleLight_b92.elf.60zuQo.ltrans2.ltrans.o
 .text.blc_sdk_main_loop
                0x0000000020173ca4       0xda /cygdrive/c/Users/huangli/AppData/Local/Temp/concurrent_sampleLight_b92.elf.60zuQo.ltrans2.ltrans.o
                0x0000000020173ca4                blc_sdk_main_loop
 *fill*         0x0000000020173d7e        0x2 
 .text.blt_llms_pushTxfifo
                0x0000000020173d80      0x22a /cygdrive/c/Users/huangli/AppData/Local/Temp/concurrent_sampleLight_b92.elf.60zuQo.ltrans2.ltrans.o
                0x0000000020173d80                blt_llms_pushTxfifo
 *fill*         0x0000000020173faa        0x2 
 .text.blt_ll_getRealTxFifoNumber
                0x0000000020173fac       0x40 /cygdrive/c/Users/huangli/AppData/Local/Temp/concurrent_sampleLight_b92.elf.60zuQo.ltrans2.ltrans.o
 .text.blt_ll_smpSecurityProc
                0x0000000020173fec      0x176 /cygdrive/c/Users/huangli/AppData/Local/Temp/concurrent_sampleLight_b92.elf.60zuQo.ltrans2.ltrans.o
                0x0000000020173fec                blt_ll_smpSecurityProc
 *fill*         0x0000000020174162        0x2 
 .text.blt_smp_proc_pairing_loop
                0x0000000020174164      0x29e /cygdrive/c/Users/huangli/AppData/Local/Temp/concurrent_sampleLight_b92.elf.60zuQo.ltrans2.ltrans.o
 *fill*         0x0000000020174402        0x2 
 .text.blt_gap_mainloop
                0x0000000020174404      0x27a /cygdrive/c/Users/huangli/AppData/Local/Temp/concurrent_sampleLight_b92.elf.60zuQo.ltrans2.ltrans.o
 *fill*         0x000000002017467e        0x2 
 .text.blc_ll_setAdvEnable
                0x0000000020174680      0x152 /cygdrive/c/Users/huangli/AppData/Local/Temp/concurrent_sampleLight_b92.elf.60zuQo.ltrans2.ltrans.o
                0x0000000020174680                blc_ll_setAdvEnable
 *fill*         0x00000000201747d2        0x2 
 .text.blt_leg_adv_mainloop_task
                0x00000000201747d4       0x66 /cygdrive/c/Users/huangli/AppData/Local/Temp/concurrent_sampleLight_b92.elf.60zuQo.ltrans2.ltrans.o
                0x00000000201747d4                blt_leg_adv_mainloop_task
 *fill*         0x000000002017483a        0x2 
 .text.blt_ll_procInitiateConnectionTimeout
                0x000000002017483c       0xce /cygdrive/c/Users/huangli/AppData/Local/Temp/concurrent_sampleLight_b92.elf.60zuQo.ltrans2.ltrans.o
 *fill*         0x000000002017490a        0x2 
 .text.blt_init_mainloop_task
                0x000000002017490c       0x3a /cygdrive/c/Users/huangli/AppData/Local/Temp/concurrent_sampleLight_b92.elf.60zuQo.ltrans2.ltrans.o
                0x000000002017490c                blt_init_mainloop_task
 *fill*         0x0000000020174946        0x2 
 .text.zb_task  0x0000000020174948      0x1ba /cygdrive/c/Users/huangli/AppData/Local/Temp/concurrent_sampleLight_b92.elf.60zuQo.ltrans2.ltrans.o
 *fill*         0x0000000020174b02        0x2 
 .text.zb_ble_switch_proc
                0x0000000020174b04      0x330 /cygdrive/c/Users/huangli/AppData/Local/Temp/concurrent_sampleLight_b92.elf.60zuQo.ltrans2.ltrans.o
                0x0000000020174b04                zb_ble_switch_proc
 .text          0x0000000020174e34      0x118 /cygdrive/c/Users/huangli/AppData/Local/Temp/concurrent_sampleLight_b92.elf.60zuQo.ltrans3.ltrans.o
                0x0000000020174e34                flash_dread
                0x0000000020174e5c                flash_read_mid
                0x0000000020174e88                flash_erase_sector
                0x0000000020174ebc                flash_page_program
                0x0000000020174f24                start_reboot
 .text.blt_smp_setCertTimeoutTick
                0x0000000020174f4c        0xe /cygdrive/c/Users/huangli/AppData/Local/Temp/concurrent_sampleLight_b92.elf.60zuQo.ltrans3.ltrans.o
                0x0000000020174f4c                blt_smp_setCertTimeoutTick
 *fill*         0x0000000020174f5a        0x2 
 .text.blt_smp_getStkGenMethod
                0x0000000020174f5c       0x6e /cygdrive/c/Users/huangli/AppData/Local/Temp/concurrent_sampleLight_b92.elf.60zuQo.ltrans3.ltrans.o
 *fill*         0x0000000020174fca        0x2 
 .text.blc_smp_getBondingInfoCurStartAddr
                0x0000000020174fcc        0x6 /cygdrive/c/Users/huangli/AppData/Local/Temp/concurrent_sampleLight_b92.elf.60zuQo.ltrans3.ltrans.o
 *fill*         0x0000000020174fd2        0x2 
 .text.ota_save_data
                0x0000000020174fd4      0x170 /cygdrive/c/Users/huangli/AppData/Local/Temp/concurrent_sampleLight_b92.elf.60zuQo.ltrans3.ltrans.o
 .text.ldsGetDriverTypeIsPwm
                0x0000000020175144        0xa /cygdrive/c/Users/huangli/AppData/Local/Temp/concurrent_sampleLight_b92.elf.60zuQo.ltrans3.ltrans.o
                0x0000000020175144                ldsGetDriverTypeIsPwm
 *fill*         0x000000002017514e        0x2 
 .text.ldsMfgTokenDriverMaxDutyCycle
                0x0000000020175150       0x1c /cygdrive/c/Users/huangli/AppData/Local/Temp/concurrent_sampleLight_b92.elf.60zuQo.ltrans3.ltrans.o
 .text.ldsTokenWwOutputLimit
                0x000000002017516c       0x1a /cygdrive/c/Users/huangli/AppData/Local/Temp/concurrent_sampleLight_b92.elf.60zuQo.ltrans3.ltrans.o
 *fill*         0x0000000020175186        0x2 
 .text.ldsTokenCwOutputLimit
                0x0000000020175188       0x1a /cygdrive/c/Users/huangli/AppData/Local/Temp/concurrent_sampleLight_b92.elf.60zuQo.ltrans3.ltrans.o
 *fill*         0x00000000201751a2        0x2 
 .text.ldsTokenMediumOutputLimit
                0x00000000201751a4       0x1a /cygdrive/c/Users/huangli/AppData/Local/Temp/concurrent_sampleLight_b92.elf.60zuQo.ltrans3.ltrans.o
 *fill*         0x00000000201751be        0x2 
 .text.ldsDriverPwmInit
                0x00000000201751c0       0x7a /cygdrive/c/Users/huangli/AppData/Local/Temp/concurrent_sampleLight_b92.elf.60zuQo.ltrans3.ltrans.o
 *fill*         0x000000002017523a        0x2 
 .text.ldsDataMoveCheck.lto_priv.0
                0x000000002017523c       0x2a /cygdrive/c/Users/huangli/AppData/Local/Temp/concurrent_sampleLight_b92.elf.60zuQo.ltrans3.ltrans.o
 *fill*         0x0000000020175266        0x2 
 .text.tl_zbMacPendingDataSearch.part.0
                0x0000000020175268       0x80 /cygdrive/c/Users/huangli/AppData/Local/Temp/concurrent_sampleLight_b92.elf.60zuQo.ltrans3.ltrans.o
 .text.tl_zbMacPendingDataSearch
                0x00000000201752e8       0x12 /cygdrive/c/Users/huangli/AppData/Local/Temp/concurrent_sampleLight_b92.elf.60zuQo.ltrans3.ltrans.o
 *fill*         0x00000000201752fa        0x2 
 .text.blt_ota_pushVersionRsp
                0x00000000201752fc       0x48 /cygdrive/c/Users/huangli/AppData/Local/Temp/concurrent_sampleLight_b92.elf.60zuQo.ltrans3.ltrans.o
 .text.otaWrite
                0x0000000020175344      0x400 /cygdrive/c/Users/huangli/AppData/Local/Temp/concurrent_sampleLight_b92.elf.60zuQo.ltrans3.ltrans.o
                0x0000000020175344                otaWrite
 .text.ldsDeviceAdcVoltageGet
                0x0000000020175744        0x6 /cygdrive/c/Users/huangli/AppData/Local/Temp/concurrent_sampleLight_b92.elf.60zuQo.ltrans3.ltrans.o
 *fill*         0x000000002017574a        0x2 
 .text.ldsTrfTimerSchedule
                0x000000002017574c      0x2f6 /cygdrive/c/Users/huangli/AppData/Local/Temp/concurrent_sampleLight_b92.elf.60zuQo.ltrans3.ltrans.o
 *fill*         0x0000000020175a42        0x2 
 .text.ldsDeviceCurrentOnoffState
                0x0000000020175a44       0x22 /cygdrive/c/Users/huangli/AppData/Local/Temp/concurrent_sampleLight_b92.elf.60zuQo.ltrans3.ltrans.o
 *fill*         0x0000000020175a66        0x2 
 .text.tl_zbMlmeCmdDisassociateNotifyRecvd
                0x0000000020175a68       0x32 /cygdrive/c/Users/huangli/AppData/Local/Temp/concurrent_sampleLight_b92.elf.60zuQo.ltrans3.ltrans.o
                0x0000000020175a68                tl_zbMlmeCmdDisassociateNotifyRecvd
 *fill*         0x0000000020175a9a        0x2 
 .text.ldsSetAttrWhenReachTarget.part.0
                0x0000000020175a9c       0x6c /cygdrive/c/Users/huangli/AppData/Local/Temp/concurrent_sampleLight_b92.elf.60zuQo.ltrans3.ltrans.o
 .text.ldsSetAttrWhenReachTarget
                0x0000000020175b08       0xe2 /cygdrive/c/Users/huangli/AppData/Local/Temp/concurrent_sampleLight_b92.elf.60zuQo.ltrans3.ltrans.o
 *fill*         0x0000000020175bea        0x2 
 .text.ldsI2cKp18057ChipDataTransform.part.0
                0x0000000020175bec      0x200 /cygdrive/c/Users/huangli/AppData/Local/Temp/concurrent_sampleLight_b92.elf.60zuQo.ltrans3.ltrans.o
 .text.zb_info_save
                0x0000000020175dec       0x3e /cygdrive/c/Users/huangli/AppData/Local/Temp/concurrent_sampleLight_b92.elf.60zuQo.ltrans3.ltrans.o
                0x0000000020175dec                zb_info_save
 *fill*         0x0000000020175e2a        0x2 
 .text.tl_zbMlmeCmdAssociateReqRecvd.lto_priv.0
                0x0000000020175e2c       0x40 /cygdrive/c/Users/huangli/AppData/Local/Temp/concurrent_sampleLight_b92.elf.60zuQo.ltrans3.ltrans.o
                0x0000000020175e2c                tl_zbMlmeCmdAssociateReqRecvd.lto_priv.0
 .text.tl_zbMlmeCmdCoordRealignRecvd.lto_priv.0
                0x0000000020175e6c       0xbc /cygdrive/c/Users/huangli/AppData/Local/Temp/concurrent_sampleLight_b92.elf.60zuQo.ltrans3.ltrans.o
                0x0000000020175e6c                tl_zbMlmeCmdCoordRealignRecvd.lto_priv.0
 .text.tl_zbMlmeCmdOrphanNotifyRecvd.lto_priv.0
                0x0000000020175f28       0x36 /cygdrive/c/Users/huangli/AppData/Local/Temp/concurrent_sampleLight_b92.elf.60zuQo.ltrans3.ltrans.o
                0x0000000020175f28                tl_zbMlmeCmdOrphanNotifyRecvd.lto_priv.0
 *fill*         0x0000000020175f5e        0x2 
 .text.tl_zbMlmeCmdBeaconReqRecvd.lto_priv.0
                0x0000000020175f60       0x96 /cygdrive/c/Users/huangli/AppData/Local/Temp/concurrent_sampleLight_b92.elf.60zuQo.ltrans3.ltrans.o
                0x0000000020175f60                tl_zbMlmeCmdBeaconReqRecvd.lto_priv.0
 *fill*         0x0000000020175ff6        0x2 
 .text.tl_zbMacPollRequestHandler
                0x0000000020175ff8       0x94 /cygdrive/c/Users/huangli/AppData/Local/Temp/concurrent_sampleLight_b92.elf.60zuQo.ltrans3.ltrans.o
                0x0000000020175ff8                tl_zbMacPollRequestHandler
 .text.tl_zbMacPacketDelaySend.lto_priv.0
                0x000000002017608c       0x2a /cygdrive/c/Users/huangli/AppData/Local/Temp/concurrent_sampleLight_b92.elf.60zuQo.ltrans3.ltrans.o
                0x000000002017608c                tl_zbMacPacketDelaySend.lto_priv.0
 *fill*         0x00000000201760b6        0x2 
 .text.tl_zbMacMlmeDataRequestCb
                0x00000000201760b8       0xe6 /cygdrive/c/Users/huangli/AppData/Local/Temp/concurrent_sampleLight_b92.elf.60zuQo.ltrans3.ltrans.o
 *fill*         0x000000002017619e        0x2 
 .text.tl_zbMlmeCmdDataReqRecvd.lto_priv.0
                0x00000000201761a0        0x6 /cygdrive/c/Users/huangli/AppData/Local/Temp/concurrent_sampleLight_b92.elf.60zuQo.ltrans3.ltrans.o
                0x00000000201761a0                tl_zbMlmeCmdDataReqRecvd.lto_priv.0
 *fill*         0x00000000201761a6        0x2 
 .text.tl_zbMacStartReqConfirm
                0x00000000201761a8       0x7a /cygdrive/c/Users/huangli/AppData/Local/Temp/concurrent_sampleLight_b92.elf.60zuQo.ltrans3.ltrans.o
 *fill*         0x0000000020176222        0x2 
 .text.blt_smp_param_pre_init
                0x0000000020176224       0x2e /cygdrive/c/Users/huangli/AppData/Local/Temp/concurrent_sampleLight_b92.elf.60zuQo.ltrans3.ltrans.o
                0x0000000020176224                blt_smp_param_pre_init
 *fill*         0x0000000020176252        0x2 
 .text.blt_smp_sendSecurityRequest
                0x0000000020176254       0x5a /cygdrive/c/Users/huangli/AppData/Local/Temp/concurrent_sampleLight_b92.elf.60zuQo.ltrans3.ltrans.o
                0x0000000020176254                blt_smp_sendSecurityRequest
 *fill*         0x00000000201762ae        0x2 
 .text.blt_smp_procSlaveSecurityRequest
                0x00000000201762b0       0x8c /cygdrive/c/Users/huangli/AppData/Local/Temp/concurrent_sampleLight_b92.elf.60zuQo.ltrans3.ltrans.o
                0x00000000201762b0                blt_smp_procSlaveSecurityRequest
 .text.blc_smp_isPairingBusy
                0x000000002017633c       0x12 /cygdrive/c/Users/huangli/AppData/Local/Temp/concurrent_sampleLight_b92.elf.60zuQo.ltrans3.ltrans.o
                0x000000002017633c                blc_smp_isPairingBusy
 *fill*         0x000000002017634e        0x2 
 .text.smp_write_flash_page
                0x0000000020176350       0x7e /cygdrive/c/Users/huangli/AppData/Local/Temp/concurrent_sampleLight_b92.elf.60zuQo.ltrans3.ltrans.o
                0x0000000020176350                smp_write_flash_page
 *fill*         0x00000000201763ce        0x2 
 .text.blt_smp_initBondingInfoFromFlash
                0x00000000201763d0      0x354 /cygdrive/c/Users/huangli/AppData/Local/Temp/concurrent_sampleLight_b92.elf.60zuQo.ltrans3.ltrans.o
                0x00000000201763d0                blt_smp_initBondingInfoFromFlash
 .text.blt_smp_procBondingInfoIndexAlarm
                0x0000000020176724       0x36 /cygdrive/c/Users/huangli/AppData/Local/Temp/concurrent_sampleLight_b92.elf.60zuQo.ltrans3.ltrans.o
                0x0000000020176724                blt_smp_procBondingInfoIndexAlarm
 *fill*         0x000000002017675a        0x2 
 .text.blt_smp_procPairingEnd
                0x000000002017675c       0xba /cygdrive/c/Users/huangli/AppData/Local/Temp/concurrent_sampleLight_b92.elf.60zuQo.ltrans3.ltrans.o
                0x000000002017675c                blt_smp_procPairingEnd
 *fill*         0x0000000020176816        0x2 
 .text.blt_smp_certTimeoutLoopEvt
                0x0000000020176818       0x36 /cygdrive/c/Users/huangli/AppData/Local/Temp/concurrent_sampleLight_b92.elf.60zuQo.ltrans3.ltrans.o
                0x0000000020176818                blt_smp_certTimeoutLoopEvt
 *fill*         0x000000002017684e        0x2 
 .text.blt_smp_saveBondingKey