Archive member included to satisfy reference by file (symbol)

../../../stack/ble/lib/libble_b92.a(ble.o)
                              ./apps/common/tlkapi_debug.o (symbol from plugin) (tlk_strlen)
../../../stack/ble/lib/libble_b92.a(ll.o)
                              ./apps/common/zigbee_ble_switch.o (symbol from plugin) (get_ble_next_event_tick)
../../../stack/ble/lib/libble_b92.a(ll_misc.o)
                              ll.o (symbol from plugin) (blt_calBit1Number)
../../../stack/ble/lib/libble_b92.a(ll_sche.o)
                              ll.o (symbol from plugin) (bltPri)
../../../stack/ble/lib/libble_b92.a(ll_system.o)
                              ./apps/sampleLight_concurrent/sampleLightBLE.o (symbol from plugin) (blc_sdk_main_loop)
../../../stack/ble/lib/libble_b92.a(acl_central.o)
                              ./apps/sampleLight_concurrent/sampleLightBLE.o (symbol from plugin) (blc_ll_initAclCentralTxFifo)
../../../stack/ble/lib/libble_b92.a(acl_conn.o)
                              acl_central.o (symbol from plugin) (AA_blms)
../../../stack/ble/lib/libble_b92.a(acl_conn_2.o)
                              ./apps/sampleLight_concurrent/sampleLightBLE.o (symbol from plugin) (blc_ll_setMaxConnectionNumber)
../../../stack/ble/lib/libble_b92.a(acl_peripheral.o)
                              acl_conn.o (symbol from plugin) (bls_conn_sel)
../../../stack/ble/lib/libble_b92.a(acl_phy.o)
                              acl_conn.o (symbol from plugin) (blt_cfg_conn_phy_param)
../../../stack/ble/lib/libble_b92.a(adv.o)
                              acl_peripheral.o (symbol from plugin) (blc_rcvd_connReq_tick)
../../../stack/ble/lib/libble_b92.a(ext_adv.o)
                              acl_peripheral.o (symbol from plugin) (blt_pextadv)
../../../stack/ble/lib/libble_b92.a(ext_adv_2.o)
                              ext_adv.o (symbol from plugin) (blt_updateExtAdvSet)
../../../stack/ble/lib/libble_b92.a(leg_adv.o)
                              ext_adv.o (symbol from plugin) (bltLegAdv)
../../../stack/ble/lib/libble_b92.a(chn_class.o)
                              acl_conn.o (symbol from plugin) (ll_acl_chnclass_ctrl_handler)
../../../stack/ble/lib/libble_b92.a(init.o)
                              acl_central.o (symbol from plugin) (pkt_init)
../../../stack/ble/lib/libble_b92.a(leg_init.o)
                              acl_central.o (symbol from plugin) (bltInit)
../../../stack/ble/lib/libble_b92.a(scan.o)
                              ll_sche.o (symbol from plugin) (bltScn)
../../../stack/ble/lib/libble_b92.a(phy.o)
                              ll_system.o (symbol from plugin) (bltPHYs)
../../../stack/ble/lib/libble_b92.a(phy_2.o)
                              ll.o (symbol from plugin) (blt_ll_phy_param_reset)
../../../stack/ble/lib/libble_b92.a(resolvelist.o)
                              scan.o (symbol from plugin) (blRslvLst)
../../../stack/ble/lib/libble_b92.a(whitelist.o)
                              ll.o (symbol from plugin) (blc_ll_clearWhiteList)
../../../stack/ble/lib/libble_b92.a(darwin_fmn.o)
                              leg_adv.o (symbol from plugin) (custom_darwin_fmn)
../../../stack/ble/lib/libble_b92.a(debug.o)
                              acl_conn.o (symbol from plugin) (stkLog_mask)
../../../stack/ble/lib/libble_b92.a(hci.o)
                              ll.o (symbol from plugin) (bltHci_rxAclfifo)
../../../stack/ble/lib/libble_b92.a(hci_event.o)
                              acl_conn.o (symbol from plugin) (hci_disconnectionComplete_evt)
../../../stack/ble/lib/libble_b92.a(hci_vendor.o)
                              hci.o (symbol from plugin) (hci_vendor_getCurrentEventCode)
../../../stack/ble/lib/libble_b92.a(host.o)
                              ./apps/sampleLight_concurrent/sampleLightBLE.o (symbol from plugin) (blc_host_checkHostInitialization)
../../../stack/ble/lib/libble_b92.a(att_v0.o)
                              ./apps/sampleLight_concurrent/sampleLightBLE.o (symbol from plugin) (bls_att_setAttributeTable)
../../../stack/ble/lib/libble_b92.a(gatt_v0.o)
                              att_v0.o (symbol from plugin) (blt_gatt_requestServiceAccess)
../../../stack/ble/lib/libble_b92.a(gap.o)
                              att_v0.o (symbol from plugin) (blc_gap_getMasterSlavePara)
../../../stack/ble/lib/libble_b92.a(gap_event.o)
                              ./apps/sampleLight_concurrent/sampleLightBLE.o (symbol from plugin) (blc_gap_setEventMask)
../../../stack/ble/lib/libble_b92.a(gattc.o)
                              att_v0.o (symbol from plugin) (blt_gattc_mtuSizeExchangeReq)
../../../stack/ble/lib/libble_b92.a(tlk_list.o)
                              host.o (symbol from plugin) (sList_headInsertNode)
../../../stack/ble/lib/libble_b92.a(tlk_malloc.o)
                              host.o (symbol from plugin) (tlk_initialNonRetentionBuffer)
../../../stack/ble/lib/libble_b92.a(tlk_timer.o)
                              gap.o (symbol from plugin) (soft_timer_initial)
[...]
Memory Configuration

Name             Origin             Length             Attributes
*default*        0x0000000000000000 0xffffffffffffffff

Linker script and memory map

LOAD /cygdrive/c/Users/huangli/AppData/Local/Temp/concurrent_sampleLight_b92.elf.SPZk6c.ltrans0.ltrans.o
LOAD /cygdrive/c/Users/huangli/AppData/Local/Temp/concurrent_sampleLight_b92.elf.SPZk6c.ltrans1.ltrans.o
LOAD /cygdrive/c/Users/huangli/AppData/Local/Temp/concurrent_sampleLight_b92.elf.SPZk6c.ltrans2.ltrans.o
LOAD /cygdrive/c/Users/huangli/AppData/Local/Temp/concurrent_sampleLight_b92.elf.SPZk6c.ltrans3.ltrans.o
LOAD /cygdrive/c/Users/huangli/AppData/Local/Temp/concurrent_sampleLight_b92.elf.SPZk6c.ltrans4.ltrans.o
LOAD /cygdrive/c/Users/huangli/AppData/Local/Temp/concurrent_sampleLight_b92.elf.SPZk6c.ltrans5.ltrans.o
LOAD /cygdrive/c/Users/huangli/AppData/Local/Temp/concurrent_sampleLight_b92.elf.SPZk6c.ltrans6.ltrans.o
LOAD /cygdrive/c/Users/huangli/AppData/Local/Temp/concurrent_sampleLight_b92.elf.SPZk6c.ltrans7.ltrans.o
LOAD ./platform/boot/b92/cstartup_b92.o
LOAD ./platform/boot/link_cfg.o
LOAD ../../../stack/ble/lib/libble_b92.a
LOAD ../../../platform/lib/libdrivers_b92.a
LOAD ../../../stack/zigbee/lib/riscv_gcc10/libzb_router.a
LOAD C:\TelinkIoTStudio\RDS\V5.1.2\toolchains\nds32le-elf-mculib-v5f\riscv32-elf\lib/libm.a
LOAD /cygdrive/c/TelinkIoTStudio/RDS/V5.1.2/toolchains/nds32le-elf-mculib-v5f/bin/../lib/gcc/riscv32-elf/10.3.0/mext-dsp/libgcc.a
START GROUP
LOAD C:\TelinkIoTStudio\RDS\V5.1.2\toolchains\nds32le-elf-mculib-v5f\riscv32-elf\lib/libc.a
LOAD C:\TelinkIoTStudio\RDS\V5.1.2\toolchains\nds32le-elf-mculib-v5f\riscv32-elf\lib/libgloss.a
END GROUP
LOAD /cygdrive/c/TelinkIoTStudio/RDS/V5.1.2/toolchains/nds32le-elf-mculib-v5f/bin/../lib/gcc/riscv32-elf/10.3.0/mext-dsp/libgcc.a
                0x0000000020000000                NDS_SAG_LMA_FLASH = 0x20000000
                0x0000000020154000                . = (0x20000000 + __FW_OFFSET)
                0x0000000020154000                PROVIDE (BIN_BEGIN = .)

.vectors        0x0000000020154000      0x12a
 *(.vectors)
 .vectors       0x0000000020154000      0x12a ./platform/boot/b92/cstartup_b92.o
                0x0000000020154000                _RESET_ENTRY
                0x0000000000000000                . = 0x0

.retention_reset
                0x0000000000000000      0x130 load address 0x0000000020154130
 *(.retention_reset)
 .retention_reset
                0x0000000000000000      0x130 ./platform/boot/b92/cstartup_b92.o
                0x0000000000000000                _IRESET_ENTRY
                0x0000000000000000                PROVIDE (_RETENTION_RESET_VMA_START = ADDR (.retention_reset))
                0x0000000020154130                PROVIDE (_RETENTION_RESET_LMA_START = LOADADDR (.retention_reset))
                0x0000000000000130                PROVIDE (_RETENTION_RESET_VMA_END = .)
                0x0000000000000130                . = ALIGN (0x8)
                0x0000000000000130                PROVIDE (_AES_VMA_START = .)

.aes_data       0x0000000000000130       0x20 load address 0x0000000020154260
 *(.aes_data)
 .aes_data      0x0000000000000130       0x20 /cygdrive/c/Users/huangli/AppData/Local/Temp/concurrent_sampleLight_b92.elf.SPZk6c.ltrans3.ltrans.o
                0x0000000000000130                aes_data_buff
                0x0000000000000150                PROVIDE (_AES_VMA_END = .)
                0x0000000000000150                . = ALIGN (0x8)

.ram_code       0x0000000000000200     0x9302 load address 0x0000000020154260
 *(.ram_code)
 .ram_code      0x0000000000000200      0x232 /cygdrive/c/Users/huangli/AppData/Local/Temp/concurrent_sampleLight_b92.elf.SPZk6c.ltrans0.ltrans.o
                0x0000000000000204                mac_currentTickGet
                0x0000000000000210                rf_setTrxState
                0x000000000000034c                rf_performCCA
                0x00000000000003ec                rf802154_tx
 *fill*         0x0000000000000432        0x2 
 .ram_code      0x0000000000000434      0xeb6 /cygdrive/c/Users/huangli/AppData/Local/Temp/concurrent_sampleLight_b92.elf.SPZk6c.ltrans1.ltrans.o
                0x00000000000004f0                drv_gpio_write
                0x0000000000000a60                core_interrupt_disable.lto_priv.6.lto_priv.0
                0x0000000000000a60                core_interrupt_disable.lto_priv.12.lto_priv.0
                0x0000000000000a60                core_interrupt_disable.lto_priv.3.lto_priv.0
                0x0000000000000a60                core_interrupt_disable.lto_priv.1.lto_priv.0
                0x0000000000000a60                core_interrupt_disable.lto_priv.11.lto_priv.0
                0x0000000000000a60                core_interrupt_disable.lto_priv.7.lto_priv.0
                0x0000000000000a60                core_interrupt_disable.lto_priv.0.lto_priv.0
                0x0000000000000a60                core_interrupt_disable.lto_priv.9.lto_priv.0
                0x0000000000000a60                core_interrupt_disable.lto_priv.10.lto_priv.0
                0x0000000000000a60                core_interrupt_disable.lto_priv.2.lto_priv.0
                0x0000000000000a60                core_interrupt_disable.lto_priv.4.lto_priv.0
                0x0000000000000a60                core_interrupt_disable.lto_priv.5.lto_priv.0
                0x0000000000000a60                core_interrupt_disable.lto_priv.14.lto_priv.0
                0x0000000000000a60                core_interrupt_disable.lto_priv.8.lto_priv.0
                0x0000000000000a60                core_interrupt_disable.lto_priv.13.lto_priv.0
                0x0000000000000a60                core_interrupt_disable.lto_priv.15.lto_priv.0
                0x0000000000000a78                drv_disable_irq
                0x0000000000000a7c                trap_entry
                0x0000000000000abc                entry_irq19
                0x0000000000000bc4                entry_irq15
                0x0000000000000cc4                entry_irq3
                0x0000000000000dcc                entry_irq4
                0x0000000000000ed4                entry_irq1
                0x0000000000000fd4                entry_irq25
                0x00000000000010dc                entry_irq26
                0x00000000000011e4                entry_irq27
 *fill*         0x00000000000012ea        0x2 
 .ram_code      0x00000000000012ec     0x2e34 /cygdrive/c/Users/huangli/AppData/Local/Temp/concurrent_sampleLight_b92.elf.SPZk6c.ltrans2.ltrans.o
                0x0000000000001300                blt_event_callback_func
                0x0000000000001494                blt_ll_incSchedulerTaskPriority
                0x00000000000015b8                blt_ll_resolvSetRpaInUse
                0x0000000000001af0                blt_leg_adv_interrupt_task
                0x0000000000001b1c                switch_to_ble_context
                0x0000000000001bc8                tlk_mem_cpy
                0x0000000000001ff4                __lshrdi3
                0x0000000000002024                __ashldi3
                0x0000000000002054                blt_ll_record_identity_address
                0x0000000000002064                blt_ll_addr_set_peer_address
                0x0000000000002080                blt_ll_calculate_sSlot_next
                0x00000000000020cc                blc_sdk_irq_handler
                0x0000000000002a54                blt_ll_calMasterInitiateTiming
                0x0000000000002c00                blms_post_pre_process
                0x0000000000002c44                blms_post_common_1
                0x0000000000002db4                blt_llms_saveTxfifoRptr
                0x0000000000002e24                blc_ll_acl_recordRSSI
                0x0000000000002e40                blc_ll_acl_recordLatestRSSI
                0x0000000000002e50                blt_ll_storePeerDeviceRpa
                0x0000000000002e60                blt_ll_searchResolvingListEntry
                0x0000000000002ed8                blt_ll_resolve_rpa
                0x000000000000363c                blt_prichn_procInitPkt
                0x0000000000003670                tlkapi_send_str_data
                0x0000000000003674                blt_ll_conn_chn_phy_update
                0x0000000000003ec0                blt_acl_slave_rx_procUpdateReq
                0x0000000000004048                blt_acl_conn_interrupt_task
 *fill*         0x0000000000004120        0x0 
 .ram_code      0x0000000000004120     0x22c0 /cygdrive/c/Users/huangli/AppData/Local/Temp/concurrent_sampleLight_b92.elf.SPZk6c.ltrans3.ltrans.o
                0x0000000000004570                blt_csa1_calculateChannelTable
                0x0000000000004630                csa2_calculateMapInfo
                0x00000000000046a8                clock_get_32k_tick
                0x00000000000046d4                delay_us
                0x00000000000046f4                pm_retention_register_recover
                0x000000000000474c                rf_set_chn
                0x00000000000047f0                rf_set_rxmode
                0x0000000000004a38                rf_set_power_level_index
                0x0000000000004aa0                trng_rand
                0x0000000000004ae4                ble_rf_set_rx_dma
                0x0000000000004b38                ble_rf_set_tx_dma
                0x0000000000004b98                rf_set_ble_channel
                0x0000000000004c80                tl_zbMacHdrSize
                0x0000000000004cc4                zb_macDataFilter
                0x0000000000004e8c                sys_reboot_ram
                0x0000000000004ea8                mspi_wait.lto_priv.0.lto_priv.0
                0x0000000000004ea8                mspi_wait.lto_priv.1.lto_priv.0
                0x0000000000005050                mspi_stop_xip.lto_priv.0.lto_priv.0
                0x000000000000508c                flash_mspi_read_ram
                0x0000000000005134                flash_mspi_write_ram
                0x00000000000051e4                analog_wait.lto_priv.0
                0x0000000000005250                analog_read_reg8
                0x0000000000005298                wd_32k_get_status
                0x00000000000052b0                analog_write_reg8
                0x00000000000052f8                wd_32k_stop
                0x0000000000005314                pm_wait_bbpll_done
                0x000000000000575c                crystal_manual_settle
                0x00000000000057a0                rf_drv_ble_init
                0x0000000000005940                clock_cal_24m_rc
                0x0000000000005a38                aes_encryption_le
                0x0000000000005b0c                aes_encryption_be
                0x0000000000005b78                aes_resolve_irk_rpa
                0x0000000000005c28                zb_buf_get
                0x0000000000005d48                tl_getRxBuf
                0x0000000000005d60                tl_zbTaskQPush
                0x0000000000005ff8                mac_trxTask.lto_priv.0
                0x0000000000006344                zb_macDataRecvHandler
                0x00000000000063dc                zb_macDataSendHandler
 *fill*         0x00000000000063e0        0x0 
 .ram_code      0x00000000000063e0     0x2922 /cygdrive/c/Users/huangli/AppData/Local/Temp/concurrent_sampleLight_b92.elf.SPZk6c.ltrans6.ltrans.o
                0x00000000000063e0                blt_ll_calCenTaskConcentratedInitTiming.constprop.0
                0x0000000000006528                blt_ll_set_tx_power_by_strategy.constprop.0
                0x000000000000652c                tlk_mem_cmp.constprop.0
                0x0000000000006554                blt_ll_searchAddrInWhiteListTbl.constprop.0
                0x00000000000065bc                tlk_mem_set.constprop.0
                0x00000000000065cc                tlkapi_send_str_u8s.constprop.0
                0x000000000000660c                clock_init_ram.constprop.0
                0x0000000000006758                pm_wait_xtal_ready.constprop.0
                0x0000000000006f5c                delay_ms.constprop.0
                0x0000000000006f7c                gpio_init.constprop.0
                0x00000000000070b4                tl_zbMacPendingDataCheck.constprop.0
                0x000000000000713c                aes_ccmBaseTran.constprop.0.isra.0
                0x000000000000721c                aes_ccmAuthTran.constprop.0.isra.0
                0x0000000000007378                aes_ll_ccm_decryption.constprop.0
                0x000000000000745c                blt_ll_set_slave_conn_interval_level.constprop.0.isra.0
                0x0000000000007460                rf_set_trx_state.isra.0
                0x000000000000752c                blt_ll_buildLegacyAdvTask.isra.0
                0x000000000000767c                blt_cfg_conn_phy_param.isra.0
                0x0000000000007694                blt_ll_build_acl_slave_schedule.isra.0
                0x0000000000007ba0                blt_brx_post.isra.0
                0x00000000000080d8                analog_read_reg32.constprop.0
                0x000000000000811c                blt_quick_tx_prepare.constprop.0.isra.0
                0x00000000000081d4                blt_ll_send_adv.isra.0
                0x000000000000899c                zb_buf_free.isra.0
                0x0000000000008b28                tl_zbTaskPost.isra.0
                0x0000000000008bfc                mac_csmaStart.constprop.0.isra.0
                0x0000000000008cdc                flash_send_cmd.constprop.0
 *fill*         0x0000000000008d02        0x2 
 .ram_code      0x0000000000008d04      0x672 /cygdrive/c/Users/huangli/AppData/Local/Temp/concurrent_sampleLight_b92.elf.SPZk6c.ltrans7.ltrans.o
                0x0000000000008d04                irq_acl_conn_rx.isra.0
                0x0000000000008f60                blms_post_common_2.isra.0
                0x0000000000008fd8                blms_start_common_2.isra.0
                0x0000000000009090                blt_ll_set_interval_level.isra.0
                0x0000000000009108                blms_connect_common.isra.0
                0x0000000000009364                core_restore_interrupt.isra.0
                0x0000000000009374                drv_restore_irq.isra.0
 *fill*         0x0000000000009376       0x8a 
 .ram_code      0x0000000000009400      0x102 ./platform/boot/b92/cstartup_b92.o
                0x0000000000009400                __vectors
                0x0000000000009502                PROVIDE (_RAMCODE_VMA_END = .)
                0x0000000000000200                PROVIDE (_RAMCODE_VMA_START = ADDR (.ram_code))
                0x0000000020154260                PROVIDE (_RAMCODE_LMA_START = LOADADDR (.ram_code))
                [!provide]                        PROVIDE (_RAMCODE_SIZE = SIZEOF (.ram_code))
                0x000000002015d568                . = ALIGN ((LOADADDR (.ram_code) + SIZEOF (.ram_code)), 0x8)

.text           0x000000002015d568    0x35948
 *(.text .stub .text.* .gnu.linkonce.t.*)
 .text.zdp_txCnfCb.lto_priv.0
                0x000000002015d568        0x2 /cygdrive/c/Users/huangli/AppData/Local/Temp/concurrent_sampleLight_b92.elf.SPZk6c.ltrans0.ltrans.o
                0x000000002015d568                zdp_txCnfCb.lto_priv.0
 *fill*         0x000000002015d56a        0x2 
 .text.ll_zllAttrClr
                0x000000002015d56c        0xe /cygdrive/c/Users/huangli/AppData/Local/Temp/concurrent_sampleLight_b92.elf.SPZk6c.ltrans0.ltrans.o
                0x000000002015d56c                ll_zllAttrClr
 *fill*         0x000000002015d57a        0x2 
 .text.zcl_basic_cmdHandler
                0x000000002015d57c       0x28 /cygdrive/c/Users/huangli/AppData/Local/Temp/concurrent_sampleLight_b92.elf.SPZk6c.ltrans0.ltrans.o
 .text.zcl_scene_findAllSceneByGroup
                0x000000002015d5a4       0x50 /cygdrive/c/Users/huangli/AppData/Local/Temp/concurrent_sampleLight_b92.elf.SPZk6c.ltrans0.ltrans.o
 .text.reportAttrTimerCb
                0x000000002015d5f4       0xc4 /cygdrive/c/Users/huangli/AppData/Local/Temp/concurrent_sampleLight_b92.elf.SPZk6c.ltrans0.ltrans.o
 .text.rf_setRxBuf
                0x000000002015d6b8       0x2e /cygdrive/c/Users/huangli/AppData/Local/Temp/concurrent_sampleLight_b92.elf.SPZk6c.ltrans0.ltrans.o
 *fill*         0x000000002015d6e6        0x2 
 .text.rf_setTxPower
                0x000000002015d6e8        0xa /cygdrive/c/Users/huangli/AppData/Local/Temp/concurrent_sampleLight_b92.elf.SPZk6c.ltrans0.ltrans.o
                0x000000002015d6e8                rf_setTxPower
 *fill*         0x000000002015d6f2        0x2 
 .text.zcl_gp_sinkTabReqPrc
                0x000000002015d6f4       0x9a /cygdrive/c/Users/huangli/AppData/Local/Temp/concurrent_sampleLight_b92.elf.SPZk6c.ltrans0.ltrans.o
 *fill*         0x000000002015d78e        0x2 
 .text.zcl_gp_cmdHandler
                0x000000002015d790      0x938 /cygdrive/c/Users/huangli/AppData/Local/Temp/concurrent_sampleLight_b92.elf.SPZk6c.ltrans0.ltrans.o
 .text.zdp_rxDataIndication.lto_priv.0
                0x000000002015e0c8      0x294 /cygdrive/c/Users/huangli/AppData/Local/Temp/concurrent_sampleLight_b92.elf.SPZk6c.ltrans0.ltrans.o
                0x000000002015e0c8                zdp_rxDataIndication.lto_priv.0
 .text.ll_decrypt_network_key
                0x000000002015e35c       0xf0 /cygdrive/c/Users/huangli/AppData/Local/Temp/concurrent_sampleLight_b92.elf.SPZk6c.ltrans0.ltrans.o
 .text.zcl_rx_handler
                0x000000002015e44c       0x12 /cygdrive/c/Users/huangli/AppData/Local/Temp/concurrent_sampleLight_b92.elf.SPZk6c.ltrans0.ltrans.o
                0x000000002015e44c                zcl_rx_handler
 *fill*         0x000000002015e45e        0x2 
 .text.zcl_zllTouchLinkDeviceInformationRequest
                0x000000002015e460       0x74 /cygdrive/c/Users/huangli/AppData/Local/Temp/concurrent_sampleLight_b92.elf.SPZk6c.ltrans0.ltrans.o
 .text.zcl_touchLinkScanStart.lto_priv.0
                0x000000002015e4d4      0x168 /cygdrive/c/Users/huangli/AppData/Local/Temp/concurrent_sampleLight_b92.elf.SPZk6c.ltrans0.ltrans.o
                0x000000002015e4d4                zcl_touchLinkScanStart.lto_priv.0
 .text.zcl_zllTouchLinkStartRouteRequest
                0x000000002015e63c       0xcc /cygdrive/c/Users/huangli/AppData/Local/Temp/concurrent_sampleLight_b92.elf.SPZk6c.ltrans0.ltrans.o
 .text.zcl_zllTouchLinkNetworkJoinRealjoin
                0x000000002015e708      0x142 /cygdrive/c/Users/huangli/AppData/Local/Temp/concurrent_sampleLight_b92.elf.SPZk6c.ltrans0.ltrans.o
 *fill*         0x000000002015e84a        0x2 
 .text.zcl_zllTouchLinkLeaveCnfCb
                0x000000002015e84c       0x38 /cygdrive/c/Users/huangli/AppData/Local/Temp/concurrent_sampleLight_b92.elf.SPZk6c.ltrans0.ltrans.o
                0x000000002015e84c                zcl_zllTouchLinkLeaveCnfCb
 .text.zcl_zllTouchLinkNetworkStartOrJoinNwkLeave
                0x000000002015e884       0x96 /cygdrive/c/Users/huangli/AppData/Local/Temp/concurrent_sampleLight_b92.elf.SPZk6c.ltrans0.ltrans.o
 *fill*         0x000000002015e91a        0x2 
 .text.zcl_zllRejoinStart
                0x000000002015e91c       0xa8 /cygdrive/c/Users/huangli/AppData/Local/Temp/concurrent_sampleLight_b92.elf.SPZk6c.ltrans0.ltrans.o
 .text.rf_edDetect.lto_priv.0
                0x000000002015e9c4       0x36 /cygdrive/c/Users/huangli/AppData/Local/Temp/concurrent_sampleLight_b92.elf.SPZk6c.ltrans0.ltrans.o
                0x000000002015e9c4                rf_edDetect.lto_priv.0
 *fill*         0x000000002015e9fa        0x2 
 .text.tl_zbNwkZllCommissionScanConfirm
                0x000000002015e9fc      0x248 /cygdrive/c/Users/huangli/AppData/Local/Temp/concurrent_sampleLight_b92.elf.SPZk6c.ltrans0.ltrans.o
 .text.touchlink_discovery_network
                0x000000002015ec44       0xca /cygdrive/c/Users/huangli/AppData/Local/Temp/concurrent_sampleLight_b92.elf.SPZk6c.ltrans0.ltrans.o
 *fill*         0x000000002015ed0e        0x2 
 .text.rf_setChannel
                0x000000002015ed10       0x14 /cygdrive/c/Users/huangli/AppData/Local/Temp/concurrent_sampleLight_b92.elf.SPZk6c.ltrans0.ltrans.o
                0x000000002015ed10                rf_setChannel
 .text.zcl_zllTouchLinkFinish
                0x000000002015ed24      0x13c /cygdrive/c/Users/huangli/AppData/Local/Temp/concurrent_sampleLight_b92.elf.SPZk6c.ltrans0.ltrans.o
                0x000000002015ed24                zcl_zllTouchLinkFinish
 .text.zcl_touchLinkIdentifyRequestDone
                0x000000002015ee60       0x16 /cygdrive/c/Users/huangli/AppData/Local/Temp/concurrent_sampleLight_b92.elf.SPZk6c.ltrans0.ltrans.o
 *fill*         0x000000002015ee76        0x2 
 .text.zcl_zllTouchLinkIdentifyRequest
                0x000000002015ee78      0x1f8 /cygdrive/c/Users/huangli/AppData/Local/Temp/concurrent_sampleLight_b92.elf.SPZk6c.ltrans0.ltrans.o
 .text.zcl_zllTouchLinkNetworkStartOrJoin
                0x000000002015f070      0x41a /cygdrive/c/Users/huangli/AppData/Local/Temp/concurrent_sampleLight_b92.elf.SPZk6c.ltrans0.ltrans.o
                0x000000002015f070                zcl_zllTouchLinkNetworkStartOrJoin
 *fill*         0x000000002015f48a        0x2 
 .text.zcl_zllTouchLinkDiscoverydone
                0x000000002015f48c      0x110 /cygdrive/c/Users/huangli/AppData/Local/Temp/concurrent_sampleLight_b92.elf.SPZk6c.ltrans0.ltrans.o
 .text.zcl_zllTouchLinNetworkStartRespCmdSend
                0x000000002015f59c       0xd2 /cygdrive/c/Users/huangli/AppData/Local/Temp/concurrent_sampleLight_b92.elf.SPZk6c.ltrans0.ltrans.o
 *fill*         0x000000002015f66e        0x2 
 .text.zcl_zllTouchLinkStartNetworkStartOrJoinTimeout
                0x000000002015f670       0x18 /cygdrive/c/Users/huangli/AppData/Local/Temp/concurrent_sampleLight_b92.elf.SPZk6c.ltrans0.ltrans.o
 .text.zcl_zllTouchLinkNetworkStartDirectJoin
                0x000000002015f688       0xd0 /cygdrive/c/Users/huangli/AppData/Local/Temp/concurrent_sampleLight_b92.elf.SPZk6c.ltrans0.ltrans.o
                0x000000002015f688                zcl_zllTouchLinkNetworkStartDirectJoin
 .text.zcl_zllTouchLinkNetworkStartResponseHandler
                0x000000002015f758       0x60 /cygdrive/c/Users/huangli/AppData/Local/Temp/concurrent_sampleLight_b92.elf.SPZk6c.ltrans0.ltrans.o
 .text.zcl_zllTouchLinkNetwokJoinResponseHandler
                0x000000002015f7b8       0x14 /cygdrive/c/Users/huangli/AppData/Local/Temp/concurrent_sampleLight_b92.elf.SPZk6c.ltrans0.ltrans.o
 .text.zcl_zllTouchLinkTimeout
                0x000000002015f7cc       0x18 /cygdrive/c/Users/huangli/AppData/Local/Temp/concurrent_sampleLight_b92.elf.SPZk6c.ltrans0.ltrans.o
                0x000000002015f7cc                zcl_zllTouchLinkTimeout
 .text.zcl_register
                0x000000002015f7e4       0x52 /cygdrive/c/Users/huangli/AppData/Local/Temp/concurrent_sampleLight_b92.elf.SPZk6c.ltrans0.ltrans.o
                0x000000002015f7e4                zcl_register
 *fill*         0x000000002015f836        0x2 
 .text.zcl_registerCluster
                0x000000002015f838       0x72 /cygdrive/c/Users/huangli/AppData/Local/Temp/concurrent_sampleLight_b92.elf.SPZk6c.ltrans0.ltrans.o
                0x000000002015f838                zcl_registerCluster
 *fill*         0x000000002015f8aa        0x2 
 .text.zcl_basic_register
                0x000000002015f8ac       0x14 /cygdrive/c/Users/huangli/AppData/Local/Temp/concurrent_sampleLight_b92.elf.SPZk6c.ltrans0.ltrans.o
                0x000000002015f8ac                zcl_basic_register
 *fill*         0x000000002015f8c0        0x0 
 .text.zcl_gp_register
                0x000000002015f8c0       0x18 /cygdrive/c/Users/huangli/AppData/Local/Temp/concurrent_sampleLight_b92.elf.SPZk6c.ltrans0.ltrans.o
                0x000000002015f8c0                zcl_gp_register
 *fill*         0x000000002015f8d8        0x0 
 .text.zcl_group_register
                0x000000002015f8d8       0x14 /cygdrive/c/Users/huangli/AppData/Local/Temp/concurrent_sampleLight_b92.elf.SPZk6c.ltrans0.ltrans.o
                0x000000002015f8d8                zcl_group_register
 *fill*         0x000000002015f8ec        0x0 
 .text.zcl_identify_register
                0x000000002015f8ec       0x14 /cygdrive/c/Users/huangli/AppData/Local/Temp/concurrent_sampleLight_b92.elf.SPZk6c.ltrans0.ltrans.o
                0x000000002015f8ec                zcl_identify_register
 *fill*         0x000000002015f900        0x0 
 .text.zcl_getAttrSize
                0x000000002015f900       0xa8 /cygdrive/c/Users/huangli/AppData/Local/Temp/concurrent_sampleLight_b92.elf.SPZk6c.ltrans0.ltrans.o
                0x000000002015f900                zcl_getAttrSize
 .text.zcl_parseInWriteCmd
                0x000000002015f9a8       0xe6 /cygdrive/c/Users/huangli/AppData/Local/Temp/concurrent_sampleLight_b92.elf.SPZk6c.ltrans0.ltrans.o
 *fill*         0x000000002015fa8e        0x2 
 .text.zcl_findAttribute
                0x000000002015fa90       0x56 /cygdrive/c/Users/huangli/AppData/Local/Temp/concurrent_sampleLight_b92.elf.SPZk6c.ltrans0.ltrans.o
                0x000000002015fa90                zcl_findAttribute
 *fill*         0x000000002015fae6        0x2 
 .text.zcl_getAttrVal
                0x000000002015fae8       0x4e /cygdrive/c/Users/huangli/AppData/Local/Temp/concurrent_sampleLight_b92.elf.SPZk6c.ltrans0.ltrans.o
                0x000000002015fae8                zcl_getAttrVal
 *fill*         0x000000002015fb36        0x2 
 .text.zcl_lightColorCtrl_register
                0x000000002015fb38       0xd0 /cygdrive/c/Users/huangli/AppData/Local/Temp/concurrent_sampleLight_b92.elf.SPZk6c.ltrans0.ltrans.o
                0x000000002015fb38                zcl_lightColorCtrl_register
 *fill*         0x000000002015fc08        0x0 
 .text.zcl_lightColorCtrl_cmdHandler
                0x000000002015fc08      0x540 /cygdrive/c/Users/huangli/AppData/Local/Temp/concurrent_sampleLight_b92.elf.SPZk6c.ltrans0.ltrans.o
 .text.zcl_level_register
                0x0000000020160148       0xe4 /cygdrive/c/Users/huangli/AppData/Local/Temp/concurrent_sampleLight_b92.elf.SPZk6c.ltrans0.ltrans.o
                0x0000000020160148                zcl_level_register
 .text.zcl_level_cmdHandler
                0x000000002016022c      0x230 /cygdrive/c/Users/huangli/AppData/Local/Temp/concurrent_sampleLight_b92.elf.SPZk6c.ltrans0.ltrans.o
 .text.zcl_onOff_register
                0x000000002016045c      0x100 /cygdrive/c/Users/huangli/AppData/Local/Temp/concurrent_sampleLight_b92.elf.SPZk6c.ltrans0.ltrans.o
                0x000000002016045c                zcl_onOff_register
 .text.zcl_onOff_cmdHandler
                0x000000002016055c      0x106 /cygdrive/c/Users/huangli/AppData/Local/Temp/concurrent_sampleLight_b92.elf.SPZk6c.ltrans0.ltrans.o
 *fill*         0x0000000020160662        0x2 
 .text.zcl_scene_updateSceneCntAttr
                0x0000000020160664       0x8e /cygdrive/c/Users/huangli/AppData/Local/Temp/concurrent_sampleLight_b92.elf.SPZk6c.ltrans0.ltrans.o
 *fill*         0x00000000201606f2        0x2 
 .text.zcl_scene_register
                0x00000000201606f4       0xae /cygdrive/c/Users/huangli/AppData/Local/Temp/concurrent_sampleLight_b92.elf.SPZk6c.ltrans0.ltrans.o
                0x00000000201606f4                zcl_scene_register
 *fill*         0x00000000201607a2        0x2 
 .text.zcl_scene_removeAllSceneEntry
                0x00000000201607a4       0xc8 /cygdrive/c/Users/huangli/AppData/Local/Temp/concurrent_sampleLight_b92.elf.SPZk6c.ltrans0.ltrans.o
 *fill*         0x000000002016086c        0x0 
 .text.zcl_attrWrite
                0x000000002016086c       0x92 /cygdrive/c/Users/huangli/AppData/Local/Temp/concurrent_sampleLight_b92.elf.SPZk6c.ltrans0.ltrans.o
 *fill*         0x00000000201608fe        0x2 
 .text.zcl_writeHandler
                0x0000000020160900      0x18c /cygdrive/c/Users/huangli/AppData/Local/Temp/concurrent_sampleLight_b92.elf.SPZk6c.ltrans0.ltrans.o
 *fill*         0x0000000020160a8c        0x0 
 .text.zcl_sendCmd
                0x0000000020160a8c       0xd8 /cygdrive/c/Users/huangli/AppData/Local/Temp/concurrent_sampleLight_b92.elf.SPZk6c.ltrans0.ltrans.o
                0x0000000020160a8c                zcl_sendCmd
 .text.zcl_touchLinkCmdHandler
                0x0000000020160b64     0x103c /cygdrive/c/Users/huangli/AppData/Local/Temp/concurrent_sampleLight_b92.elf.SPZk6c.ltrans0.ltrans.o
                0x0000000020160b64                zcl_touchLinkCmdHandler
 *fill*         0x0000000020161ba0        0x0 
 .text.zcl_group_cmdHandler
                0x0000000020161ba0      0x772 /cygdrive/c/Users/huangli/AppData/Local/Temp/concurrent_sampleLight_b92.elf.SPZk6c.ltrans0.ltrans.o
 *fill*         0x0000000020162312        0x2 
 .text.zcl_identify_cmdHandler
                0x0000000020162314      0x178 /cygdrive/c/Users/huangli/AppData/Local/Temp/concurrent_sampleLight_b92.elf.SPZk6c.ltrans0.ltrans.o
 .text.zcl_scene_cmdHandler
                0x000000002016248c     0x10ca /cygdrive/c/Users/huangli/AppData/Local/Temp/concurrent_sampleLight_b92.elf.SPZk6c.ltrans0.ltrans.o
 *fill*         0x0000000020163556        0x2 
 .text.reportAttrTimerStart.part.0
                0x0000000020163558       0xb0 /cygdrive/c/Users/huangli/AppData/Local/Temp/concurrent_sampleLight_b92.elf.SPZk6c.ltrans0.ltrans.o
                0x0000000020163558                reportAttrTimerStart.part.0
 .text.zcl_configureReporting
                0x0000000020163608      0x2c6 /cygdrive/c/Users/huangli/AppData/Local/Temp/concurrent_sampleLight_b92.elf.SPZk6c.ltrans0.ltrans.o
                0x0000000020163608                zcl_configureReporting
 *fill*         0x00000000201638ce        0x2 
 .text.zcl_cmdHandler
                0x00000000201638d0     0x1a62 /cygdrive/c/Users/huangli/AppData/Local/Temp/concurrent_sampleLight_b92.elf.SPZk6c.ltrans0.ltrans.o
 *fill*         0x0000000020165332        0x2 
 .text.rf_reset
                0x0000000020165334       0xf2 /cygdrive/c/Users/huangli/AppData/Local/Temp/concurrent_sampleLight_b92.elf.SPZk6c.ltrans0.ltrans.o
                0x0000000020165334                rf_reset
 *fill*         0x0000000020165426        0x2 
 .text.gpChangleChannelReqCb
                0x0000000020165428        0x6 /cygdrive/c/Users/huangli/AppData/Local/Temp/concurrent_sampleLight_b92.elf.SPZk6c.ltrans1.ltrans.o
 *fill*         0x000000002016542e        0x2 
 .text.gpDataCnfPrc
                0x0000000020165430        0x2 /cygdrive/c/Users/huangli/AppData/Local/Temp/concurrent_sampleLight_b92.elf.SPZk6c.ltrans1.ltrans.o
 *fill*         0x0000000020165432        0x2 
 .text.gp_getProxyTabEntryLen
                0x0000000020165434       0xa2 /cygdrive/c/Users/huangli/AppData/Local/Temp/concurrent_sampleLight_b92.elf.SPZk6c.ltrans1.ltrans.o
 *fill*         0x00000000201654d6        0x2 
 .text.gp_buildProxyTabEntryFormat
                0x00000000201654d8      0x20e /cygdrive/c/Users/huangli/AppData/Local/Temp/concurrent_sampleLight_b92.elf.SPZk6c.ltrans1.ltrans.o
 *fill*         0x00000000201656e6        0x2 
 .text.gp_getProxyTabByGpdId
                0x00000000201656e8       0x9a /cygdrive/c/Users/huangli/AppData/Local/Temp/concurrent_sampleLight_b92.elf.SPZk6c.ltrans1.ltrans.o
 *fill*         0x0000000020165782        0x2 
 .text.zclGpProxyTabAttrUpdate.part.0
                0x0000000020165784       0xde /cygdrive/c/Users/huangli/AppData/Local/Temp/concurrent_sampleLight_b92.elf.SPZk6c.ltrans1.ltrans.o
 *fill*         0x0000000020165862        0x2 
 .text.bdb_findBindIdentifyQueryTimeout
                0x0000000020165864       0x5e /cygdrive/c/Users/huangli/AppData/Local/Temp/concurrent_sampleLight_b92.elf.SPZk6c.ltrans1.ltrans.o
 *fill*         0x00000000201658c2        0x2 
 .text.bdb_task_delay
                0x00000000201658c4       0x20 /cygdrive/c/Users/huangli/AppData/Local/Temp/concurrent_sampleLight_b92.elf.SPZk6c.ltrans1.ltrans.o
 .text.bdb_commssionUtilityCallback
                0x00000000201658e4        0x2 /cygdrive/c/Users/huangli/AppData/Local/Temp/concurrent_sampleLight_b92.elf.SPZk6c.ltrans1.ltrans.o
 *fill*         0x00000000201658e6        0x2 
 .text.ev_timer_nearestUpdate
                0x00000000201658e8       0x26 /cygdrive/c/Users/huangli/AppData/Local/Temp/concurrent_sampleLight_b92.elf.SPZk6c.ltrans1.ltrans.o
                0x00000000201658e8                ev_timer_nearestUpdate
 *fill*         0x000000002016590e        0x2 
 .text.flash_write
                0x0000000020165910        0x6 /cygdrive/c/Users/huangli/AppData/Local/Temp/concurrent_sampleLight_b92.elf.SPZk6c.ltrans1.ltrans.o
                0x0000000020165910                flash_write
 *fill*         0x0000000020165916        0x2 
 .text.drv_gpio_irq_process.part.0
                0x0000000020165918       0x22 /cygdrive/c/Users/huangli/AppData/Local/Temp/concurrent_sampleLight_b92.elf.SPZk6c.ltrans1.ltrans.o
 *fill*         0x000000002016593a        0x2 
 .text.drv_gpio_irq_process
                0x000000002016593c        0xe /cygdrive/c/Users/huangli/AppData/Local/Temp/concurrent_sampleLight_b92.elf.SPZk6c.ltrans1.ltrans.o
 *fill*         0x000000002016594a        0x2 
 .text.drv_gpio_irq_handler
                0x000000002016594c        0x6 /cygdrive/c/Users/huangli/AppData/Local/Temp/concurrent_sampleLight_b92.elf.SPZk6c.ltrans1.ltrans.o
 *fill*         0x0000000020165952        0x2 
 .text.drv_gpio_irq_risc0_handler
                0x0000000020165954        0x6 /cygdrive/c/Users/huangli/AppData/Local/Temp/concurrent_sampleLight_b92.elf.SPZk6c.ltrans1.ltrans.o
 *fill*         0x000000002016595a        0x2 
 .text.drv_gpio_irq_risc1_handler
                0x000000002016595c        0x6 /cygdrive/c/Users/huangli/AppData/Local/Temp/concurrent_sampleLight_b92.elf.SPZk6c.ltrans1.ltrans.o
 *fill*         0x0000000020165962        0x2 
 .text.randInit
                0x0000000020165964       0x8e /cygdrive/c/Users/huangli/AppData/Local/Temp/concurrent_sampleLight_b92.elf.SPZk6c.ltrans1.ltrans.o
 *fill*         0x00000000201659f2        0x2 
 .text.xcrc32   0x00000000201659f4       0x34 /cygdrive/c/Users/huangli/AppData/Local/Temp/concurrent_sampleLight_b92.elf.SPZk6c.ltrans1.ltrans.o
                0x00000000201659f4                xcrc32
 .text.timer_set_cap_tick
                0x0000000020165a28       0x16 /cygdrive/c/Users/huangli/AppData/Local/Temp/concurrent_sampleLight_b92.elf.SPZk6c.ltrans1.ltrans.o
 *fill*         0x0000000020165a3e        0x2 
 .text.hwTimerStop
                0x0000000020165a40       0x22 /cygdrive/c/Users/huangli/AppData/Local/Temp/concurrent_sampleLight_b92.elf.SPZk6c.ltrans1.ltrans.o
 *fill*         0x0000000020165a62        0x2 
 .text.drv_uart_rx_irq_handler
                0x0000000020165a64       0xa2 /cygdrive/c/Users/huangli/AppData/Local/Temp/concurrent_sampleLight_b92.elf.SPZk6c.ltrans1.ltrans.o
 *fill*         0x0000000020165b06        0x2 
 .text.uart_dma_send
                0x0000000020165b08       0x84 /cygdrive/c/Users/huangli/AppData/Local/Temp/concurrent_sampleLight_b92.elf.SPZk6c.ltrans1.ltrans.o
 .text.gpio_irq_handler
                0x0000000020165b8c       0x1a /cygdrive/c/Users/huangli/AppData/Local/Temp/concurrent_sampleLight_b92.elf.SPZk6c.ltrans1.ltrans.o
 *fill*         0x0000000020165ba6        0x2 
 .text.gpio_risc0_irq_handler
                0x0000000020165ba8       0x1a /cygdrive/c/Users/huangli/AppData/Local/Temp/concurrent_sampleLight_b92.elf.SPZk6c.ltrans1.ltrans.o
 *fill*         0x0000000020165bc2        0x2 
 .text.gpio_risc1_irq_handler
                0x0000000020165bc4       0x1a /cygdrive/c/Users/huangli/AppData/Local/Temp/concurrent_sampleLight_b92.elf.SPZk6c.ltrans1.ltrans.o
 *fill*         0x0000000020165bde        0x2 
 .text.spp_onReceiveData
                0x0000000020165be0        0x6 /cygdrive/c/Users/huangli/AppData/Local/Temp/concurrent_sampleLight_b92.elf.SPZk6c.ltrans1.ltrans.o
 *fill*         0x0000000020165be6        0x2 
 .text.app_host_event_callback
                0x0000000020165be8        0x6 /cygdrive/c/Users/huangli/AppData/Local/Temp/concurrent_sampleLight_b92.elf.SPZk6c.ltrans1.ltrans.o
 *fill*         0x0000000020165bee        0x2 
 .text.pwmSet   0x0000000020165bf0       0x56 /cygdrive/c/Users/huangli/AppData/Local/Temp/concurrent_sampleLight_b92.elf.SPZk6c.ltrans1.ltrans.o
                0x0000000020165bf0                pwmSet
 *fill*         0x0000000020165c46        0x2 
 .text.light_init
                0x0000000020165c48       0x60 /cygdrive/c/Users/huangli/AppData/Local/Temp/concurrent_sampleLight_b92.elf.SPZk6c.ltrans1.ltrans.o
 .text.gpCommissioningModeCb
                0x0000000020165ca8       0x30 /cygdrive/c/Users/huangli/AppData/Local/Temp/concurrent_sampleLight_b92.elf.SPZk6c.ltrans1.ltrans.o
 .text.bdb_nwkDiscCnfCb
                0x0000000020165cd8       0x72 /cygdrive/c/Users/huangli/AppData/Local/Temp/concurrent_sampleLight_b92.elf.SPZk6c.ltrans1.ltrans.o
 *fill*         0x0000000020165d4a        0x2 
 .text.gpAliasConflictTimeoutCb
                0x0000000020165d4c       0x78 /cygdrive/c/Users/huangli/AppData/Local/Temp/concurrent_sampleLight_b92.elf.SPZk6c.ltrans1.ltrans.o
 .text.drv_u32Rand
                0x0000000020165dc4        0xa /cygdrive/c/Users/huangli/AppData/Local/Temp/concurrent_sampleLight_b92.elf.SPZk6c.ltrans1.ltrans.o
                0x0000000020165dc4                drv_u32Rand
 *fill*         0x0000000020165dce        0x2 
 .text.uart0_irq_handler
                0x0000000020165dd0       0x84 /cygdrive/c/Users/huangli/AppData/Local/Temp/concurrent_sampleLight_b92.elf.SPZk6c.ltrans1.ltrans.o
 .text.gpCommissioningWindowTimeoutCb
                0x0000000020165e54       0x4e /cygdrive/c/Users/huangli/AppData/Local/Temp/concurrent_sampleLight_b92.elf.SPZk6c.ltrans1.ltrans.o
 *fill*         0x0000000020165ea2        0x2 
 .text.bdb_binding
                0x0000000020165ea4      0x1c4 /cygdrive/c/Users/huangli/AppData/Local/Temp/concurrent_sampleLight_b92.elf.SPZk6c.ltrans1.ltrans.o
 .text.bdb_ieeeAddrResp
                0x0000000020166068       0x56 /cygdrive/c/Users/huangli/AppData/Local/Temp/concurrent_sampleLight_b92.elf.SPZk6c.ltrans1.ltrans.o
 *fill*         0x00000000201660be        0x2 
 .text.bdb_simpleDescReqTimeoutCb
                0x00000000201660c0       0x88 /cygdrive/c/Users/huangli/AppData/Local/Temp/concurrent_sampleLight_b92.elf.SPZk6c.ltrans1.ltrans.o
 .text.bdb_findBindIdentifyTimeout
                0x0000000020166148       0x84 /cygdrive/c/Users/huangli/AppData/Local/Temp/concurrent_sampleLight_b92.elf.SPZk6c.ltrans1.ltrans.o
 .text.wd_turn_off_vbus_timer
                0x00000000201661cc       0x12 /cygdrive/c/Users/huangli/AppData/Local/Temp/concurrent_sampleLight_b92.elf.SPZk6c.ltrans1.ltrans.o
 *fill*         0x00000000201661de        0x2 
 .text.usb_get_vbus_detect_status
                0x00000000201661e0       0x1a /cygdrive/c/Users/huangli/AppData/Local/Temp/concurrent_sampleLight_b92.elf.SPZk6c.ltrans1.ltrans.o
 *fill*         0x00000000201661fa        0x2 
 .text.drv_vbusWatchdogClose
                0x00000000201661fc       0x66 /cygdrive/c/Users/huangli/AppData/Local/Temp/concurrent_sampleLight_b92.elf.SPZk6c.ltrans1.ltrans.o
 *fill*         0x0000000020166262        0x2 
 .text.internalFlashSizeCheck
                0x0000000020166264       0x90 /cygdrive/c/Users/huangli/AppData/Local/Temp/concurrent_sampleLight_b92.elf.SPZk6c.ltrans1.ltrans.o
 .text.blc_flash_read_mid_get_vendor_set_capacity
                0x00000000201662f4       0x12 /cygdrive/c/Users/huangli/AppData/Local/Temp/concurrent_sampleLight_b92.elf.SPZk6c.ltrans1.ltrans.o
 *fill*         0x0000000020166306        0x2 
 .text.platform_wakeup_init
                0x0000000020166308      0x3f6 /cygdrive/c/Users/huangli/AppData/Local/Temp/concurrent_sampleLight_b92.elf.SPZk6c.ltrans1.ltrans.o
 *fill*         0x00000000201666fe        0x2 
 .text.drv_enable_irq
                0x0000000020166700       0x16 /cygdrive/c/Users/huangli/AppData/Local/Temp/concurrent_sampleLight_b92.elf.SPZk6c.ltrans1.ltrans.o
 *fill*         0x0000000020166716        0x2 
 .text.hwTimerSet
                0x0000000020166718       0x22 /cygdrive/c/Users/huangli/AppData/Local/Temp/concurrent_sampleLight_b92.elf.SPZk6c.ltrans1.ltrans.o
 *fill*         0x000000002016673a        0x2 
 .text.private_lightNumCheckTimerCb.lto_priv.0
                0x000000002016673c       0x9a /cygdrive/c/Users/huangli/AppData/Local/Temp/concurrent_sampleLight_b92.elf.SPZk6c.ltrans1.ltrans.o
                0x000000002016673c                private_lightNumCheckTimerCb.lto_priv.0
 *fill*         0x00000000201667d6        0x2 
 .text.ikea_sceneTimerCb.lto_priv.0
                0x00000000201667d8       0x72 /cygdrive/c/Users/huangli/AppData/Local/Temp/concurrent_sampleLight_b92.elf.SPZk6c.ltrans1.ltrans.o
                0x00000000201667d8                ikea_sceneTimerCb.lto_priv.0
 *fill*         0x000000002016684a        0x2 
 .text.sampleLightAttrsStoreTimerCb
                0x000000002016684c       0x1e /cygdrive/c/Users/huangli/AppData/Local/Temp/concurrent_sampleLight_b92.elf.SPZk6c.ltrans1.ltrans.o
 *fill*         0x000000002016686a        0x2 
 .text.sampleLightSysException
                0x000000002016686c       0x12 /cygdrive/c/Users/huangli/AppData/Local/Temp/concurrent_sampleLight_b92.elf.SPZk6c.ltrans1.ltrans.o
 *fill*         0x000000002016687e        0x2 
 .text.app_gatt_data_handler
                0x0000000020166880       0xc6 /cygdrive/c/Users/huangli/AppData/Local/Temp/concurrent_sampleLight_b92.elf.SPZk6c.ltrans1.ltrans.o
 *fill*         0x0000000020166946        0x2 
 .text.zb_rfTxDoing
                0x0000000020166948        0xa /cygdrive/c/Users/huangli/AppData/Local/Temp/concurrent_sampleLight_b92.elf.SPZk6c.ltrans1.ltrans.o
                0x0000000020166948                zb_rfTxDoing
 *fill*         0x0000000020166952        0x2 
 .text.rf_edDetect.part.0.lto_priv.0
                0x0000000020166954       0x1a /cygdrive/c/Users/huangli/AppData/Local/Temp/concurrent_sampleLight_b92.elf.SPZk6c.ltrans1.ltrans.o
                0x0000000020166954                rf_edDetect.part.0.lto_priv.0
 *fill*         0x000000002016696e        0x2 
 .text.memcmp   0x0000000020166970       0x28 /cygdrive/c/Users/huangli/AppData/Local/Temp/concurrent_sampleLight_b92.elf.SPZk6c.ltrans1.ltrans.o
                0x0000000020166970                memcmp
 .text.blc_initMacAddress
                0x0000000020166998       0xc0 /cygdrive/c/Users/huangli/AppData/Local/Temp/concurrent_sampleLight_b92.elf.SPZk6c.ltrans1.ltrans.o
 .text.memset   0x0000000020166a58       0xac /cygdrive/c/Users/huangli/AppData/Local/Temp/concurrent_sampleLight_b92.elf.SPZk6c.ltrans1.ltrans.o
                0x0000000020166a58                memset
 .text.gpSecReqPrc
                0x0000000020166b04      0x3a2 /cygdrive/c/Users/huangli/AppData/Local/Temp/concurrent_sampleLight_b92.elf.SPZk6c.ltrans1.ltrans.o
 *fill*         0x0000000020166ea6        0x2 
 .text.ev_buf_reset
                0x0000000020166ea8       0xf0 /cygdrive/c/Users/huangli/AppData/Local/Temp/concurrent_sampleLight_b92.elf.SPZk6c.ltrans1.ltrans.o
 .text.drv_hwTmr_irq_process
                0x0000000020166f98       0xb6 /cygdrive/c/Users/huangli/AppData/Local/Temp/concurrent_sampleLight_b92.elf.SPZk6c.ltrans1.ltrans.o
 *fill*         0x000000002016704e        0x2 
 .text.timer0_irq_handler
                0x0000000020167050       0x1e /cygdrive/c/Users/huangli/AppData/Local/Temp/concurrent_sampleLight_b92.elf.SPZk6c.ltrans1.ltrans.o
 *fill*         0x000000002016706e        0x2 
 .text.timer1_irq_handler
                0x0000000020167070       0x1e /cygdrive/c/Users/huangli/AppData/Local/Temp/concurrent_sampleLight_b92.elf.SPZk6c.ltrans1.ltrans.o
 *fill*         0x000000002016708e        0x2 
 .text.aps_groupEntryDel.lto_priv.0
                0x0000000020167090       0x70 /cygdrive/c/Users/huangli/AppData/Local/Temp/concurrent_sampleLight_b92.elf.SPZk6c.ltrans1.ltrans.o
                0x0000000020167090                aps_groupEntryDel.lto_priv.0
 .text.aps_group_search_by_addr
                0x0000000020167100       0xbc /cygdrive/c/Users/huangli/AppData/Local/Temp/concurrent_sampleLight_b92.elf.SPZk6c.ltrans1.ltrans.o
                0x0000000020167100                aps_group_search_by_addr
 .text.aps_group_ep_find
                0x00000000201671bc       0xb6 /cygdrive/c/Users/huangli/AppData/Local/Temp/concurrent_sampleLight_b92.elf.SPZk6c.ltrans1.ltrans.o
                0x00000000201671bc                aps_group_ep_find
 *fill*         0x0000000020167272        0x2 
 .text.aps_me_group_add_req
                0x0000000020167274      0x13a /cygdrive/c/Users/huangli/AppData/Local/Temp/concurrent_sampleLight_b92.elf.SPZk6c.ltrans1.ltrans.o
                0x0000000020167274                aps_me_group_add_req
 *fill*         0x00000000201673ae        0x2 
 .text.af_clsuterIdMatched
                0x00000000201673b0       0x5a /cygdrive/c/Users/huangli/AppData/Local/Temp/concurrent_sampleLight_b92.elf.SPZk6c.ltrans1.ltrans.o
                0x00000000201673b0                af_clsuterIdMatched
 *fill*         0x000000002016740a        0x2 
 .text.ev_rtc_update
                0x000000002016740c      0x204 /cygdrive/c/Users/huangli/AppData/Local/Temp/concurrent_sampleLight_b92.elf.SPZk6c.ltrans1.ltrans.o
                0x000000002016740c                ev_rtc_update
 .text.flash_writeWithCheck
                0x0000000020167610       0x5c /cygdrive/c/Users/huangli/AppData/Local/Temp/concurrent_sampleLight_b92.elf.SPZk6c.ltrans1.ltrans.o
                0x0000000020167610                flash_writeWithCheck
 .text.nv_write_item
                0x000000002016766c      0x484 /cygdrive/c/Users/huangli/AppData/Local/Temp/concurrent_sampleLight_b92.elf.SPZk6c.ltrans1.ltrans.o
 .text.flash_read
                0x0000000020167af0        0x6 /cygdrive/c/Users/huangli/AppData/Local/Temp/concurrent_sampleLight_b92.elf.SPZk6c.ltrans1.ltrans.o
                0x0000000020167af0                flash_read
 *fill*         0x0000000020167af6        0x2 
 .text.generateIEEEAddr
                0x0000000020167af8      0x18a /cygdrive/c/Users/huangli/AppData/Local/Temp/concurrent_sampleLight_b92.elf.SPZk6c.ltrans1.ltrans.o
                0x0000000020167af8                generateIEEEAddr
 *fill*         0x0000000020167c82        0x2 
 .text.drv_calib_freq_offset
                0x0000000020167c84       0x54 /cygdrive/c/Users/huangli/AppData/Local/Temp/concurrent_sampleLight_b92.elf.SPZk6c.ltrans1.ltrans.o
 .text.drv_calibration
                0x0000000020167cd8       0xaa /cygdrive/c/Users/huangli/AppData/Local/Temp/concurrent_sampleLight_b92.elf.SPZk6c.ltrans1.ltrans.o
 *fill*         0x0000000020167d82        0x2 
 .text.rf_setChannel.part.0
                0x0000000020167d84       0x92 /cygdrive/c/Users/huangli/AppData/Local/Temp/concurrent_sampleLight_b92.elf.SPZk6c.ltrans1.ltrans.o
                0x0000000020167d84                rf_setChannel.part.0
 *fill*         0x0000000020167e16        0x2 
 .text.ev_on_timer
                0x0000000020167e18       0x7c /cygdrive/c/Users/huangli/AppData/Local/Temp/concurrent_sampleLight_b92.elf.SPZk6c.ltrans1.ltrans.o
 .text.drv_platform_init
                0x0000000020167e94       0xca /cygdrive/c/Users/huangli/AppData/Local/Temp/concurrent_sampleLight_b92.elf.SPZk6c.ltrans1.ltrans.o
 *fill*         0x0000000020167f5e        0x2 
 .text.ev_buf_allocate
                0x0000000020167f60       0x90 /cygdrive/c/Users/huangli/AppData/Local/Temp/concurrent_sampleLight_b92.elf.SPZk6c.ltrans1.ltrans.o
                0x0000000020167f60                ev_buf_allocate
 .text.gpCommissioningNotificationCmdSend
                0x0000000020167ff0      0x18a /cygdrive/c/Users/huangli/AppData/Local/Temp/concurrent_sampleLight_b92.elf.SPZk6c.ltrans1.ltrans.o
 *fill*         0x000000002016817a        0x2 
 .text.ev_unon_timer
                0x000000002016817c       0xce /cygdrive/c/Users/huangli/AppData/Local/Temp/concurrent_sampleLight_b92.elf.SPZk6c.ltrans1.ltrans.o
                0x000000002016817c                ev_unon_timer
 *fill*         0x000000002016824a        0x2 
 .text.bdb_SimpleDescResp
                0x000000002016824c      0x2a2 /cygdrive/c/Users/huangli/AppData/Local/Temp/concurrent_sampleLight_b92.elf.SPZk6c.ltrans1.ltrans.o
 *fill*         0x00000000201684ee        0x2 
 .text.bdb_nodeDescRespHandler
                0x00000000201684f0       0xae /cygdrive/c/Users/huangli/AppData/Local/Temp/concurrent_sampleLight_b92.elf.SPZk6c.ltrans1.ltrans.o
 *fill*         0x000000002016859e        0x2 
 .text.bdb_retrieveTcLinkKeyTimeout
                0x00000000201685a0      0x114 /cygdrive/c/Users/huangli/AppData/Local/Temp/concurrent_sampleLight_b92.elf.SPZk6c.ltrans1.ltrans.o
 .text.bdb_touchLinkCallback
                0x00000000201686b4       0xe0 /cygdrive/c/Users/huangli/AppData/Local/Temp/concurrent_sampleLight_b92.elf.SPZk6c.ltrans1.ltrans.o
 .text.ev_timer_taskPost
                0x0000000020168794       0xaa /cygdrive/c/Users/huangli/AppData/Local/Temp/concurrent_sampleLight_b92.elf.SPZk6c.ltrans1.ltrans.o
                0x0000000020168794                ev_timer_taskPost
 *fill*         0x000000002016883e        0x2 
 .text.gpDevAnnceCheckCb
                0x0000000020168840      0x1c6 /cygdrive/c/Users/huangli/AppData/Local/Temp/concurrent_sampleLight_b92.elf.SPZk6c.ltrans1.ltrans.o
                0x0000000020168840                gpDevAnnceCheckCb
 *fill*         0x0000000020168a06        0x2 
 .text.gpDataIndPrc
                0x0000000020168a08      0x83a /cygdrive/c/Users/huangli/AppData/Local/Temp/concurrent_sampleLight_b92.elf.SPZk6c.ltrans1.ltrans.o
 *fill*         0x0000000020169242        0x2 
 .text.bdb_simpleDescReqSend
                0x0000000020169244       0xb4 /cygdrive/c/Users/huangli/AppData/Local/Temp/concurrent_sampleLight_b92.elf.SPZk6c.ltrans1.ltrans.o
 .text.bdb_retrieveTcLinkKeyStart
                0x00000000201692f8       0xc6 /cygdrive/c/Users/huangli/AppData/Local/Temp/concurrent_sampleLight_b92.elf.SPZk6c.ltrans1.ltrans.o
 *fill*         0x00000000201693be        0x2 
 .text.bdb_commissioningFindBind.part.0
                0x00000000201693c0       0xd4 /cygdrive/c/Users/huangli/AppData/Local/Temp/concurrent_sampleLight_b92.elf.SPZk6c.ltrans1.ltrans.o
 .text.bdb_commissioningNetworkFormation
                0x0000000020169494      0x194 /cygdrive/c/Users/huangli/AppData/Local/Temp/concurrent_sampleLight_b92.elf.SPZk6c.ltrans1.ltrans.o
 .text.app_task
                0x0000000020169628      0x678 /cygdrive/c/Users/huangli/AppData/Local/Temp/concurrent_sampleLight_b92.elf.SPZk6c.ltrans1.ltrans.o
 .text.nv_itemLengthCheckAdd
                0x0000000020169ca0       0x6c /cygdrive/c/Users/huangli/AppData/Local/Temp/concurrent_sampleLight_b92.elf.SPZk6c.ltrans1.ltrans.o
                0x0000000020169ca0                nv_itemLengthCheckAdd
 .text.nv_index_read_op.lto_priv.0
                0x0000000020169d0c      0x148 /cygdrive/c/Users/huangli/AppData/Local/Temp/concurrent_sampleLight_b92.elf.SPZk6c.ltrans1.ltrans.o
                0x0000000020169d0c                nv_index_read_op.lto_priv.0
 .text.nv_flashReadByIndex
                0x0000000020169e54      0x22c /cygdrive/c/Users/huangli/AppData/Local/Temp/concurrent_sampleLight_b92.elf.SPZk6c.ltrans1.ltrans.o
                0x0000000020169e54                nv_flashReadByIndex
 .text.nv_flashWriteNewHandler.lto_priv.0
                0x000000002016a080      0x70a /cygdrive/c/Users/huangli/AppData/Local/Temp/concurrent_sampleLight_b92.elf.SPZk6c.ltrans1.ltrans.o
                0x000000002016a080                nv_flashWriteNewHandler.lto_priv.0
 *fill*         0x000000002016a78a        0x2 
 .text.nv_flashWriteNew
                0x000000002016a78c       0x62 /cygdrive/c/Users/huangli/AppData/Local/Temp/concurrent_sampleLight_b92.elf.SPZk6c.ltrans1.ltrans.o
                0x000000002016a78c                nv_flashWriteNew
 *fill*         0x000000002016a7ee        0x2 
 .text.matter_prepare2Jump
                0x000000002016a7f0      0x166 /cygdrive/c/Users/huangli/AppData/Local/Temp/concurrent_sampleLight_b92.elf.SPZk6c.ltrans1.ltrans.o
 *fill*         0x000000002016a956        0x2 
 .text.app_controller_event_callback
                0x000000002016a958       0xaa /cygdrive/c/Users/huangli/AppData/Local/Temp/concurrent_sampleLight_b92.elf.SPZk6c.ltrans1.ltrans.o
 *fill*         0x000000002016aa02        0x2 
 .text.zcl_gpCb
                0x000000002016aa04      0xc5c /cygdrive/c/Users/huangli/AppData/Local/Temp/concurrent_sampleLight_b92.elf.SPZk6c.ltrans1.ltrans.o
 .text.gp_proxyTabSave2Flash
                0x000000002016b660       0x44 /cygdrive/c/Users/huangli/AppData/Local/Temp/concurrent_sampleLight_b92.elf.SPZk6c.ltrans1.ltrans.o
 .text.aps_groupTblSave2Flash
                0x000000002016b6a4       0x3e /cygdrive/c/Users/huangli/AppData/Local/Temp/concurrent_sampleLight_b92.elf.SPZk6c.ltrans1.ltrans.o
                0x000000002016b6a4                aps_groupTblSave2Flash
 *fill*         0x000000002016b6e2        0x2 
 .text.nv_flashReadNew
                0x000000002016b6e4       0xf6 /cygdrive/c/Users/huangli/AppData/Local/Temp/concurrent_sampleLight_b92.elf.SPZk6c.ltrans1.ltrans.o
                0x000000002016b6e4                nv_flashReadNew
 *fill*         0x000000002016b7da        0x2 
 .text.bdb_zdoStartDevCnf
                0x000000002016b7dc      0x31a /cygdrive/c/Users/huangli/AppData/Local/Temp/concurrent_sampleLight_b92.elf.SPZk6c.ltrans1.ltrans.o
 *fill*         0x000000002016baf6        0x2 
 .text.nv_nwkFrameCountSaveToFlashHandler
                0x000000002016baf8      0x246 /cygdrive/c/Users/huangli/AppData/Local/Temp/concurrent_sampleLight_b92.elf.SPZk6c.ltrans1.ltrans.o
                0x000000002016baf8                nv_nwkFrameCountSaveToFlashHandler
 *fill*         0x000000002016bd3e        0x2 
 .text.bdb_commissioningInfoSave
                0x000000002016bd40       0xbc /cygdrive/c/Users/huangli/AppData/Local/Temp/concurrent_sampleLight_b92.elf.SPZk6c.ltrans1.ltrans.o
 .text.bdb_mgmtPermitJoiningConfirm
                0x000000002016bdfc      0x13a /cygdrive/c/Users/huangli/AppData/Local/Temp/concurrent_sampleLight_b92.elf.SPZk6c.ltrans1.ltrans.o
 *fill*         0x000000002016bf36        0x2 
 .text.bdb_task.lto_priv.0
                0x000000002016bf38      0x5e0 /cygdrive/c/Users/huangli/AppData/Local/Temp/concurrent_sampleLight_b92.elf.SPZk6c.ltrans1.ltrans.o
                0x000000002016bf38                bdb_task.lto_priv.0
 .text.nv_facrotyNewRstFlagCheck
                0x000000002016c518       0x2a /cygdrive/c/Users/huangli/AppData/Local/Temp/concurrent_sampleLight_b92.elf.SPZk6c.ltrans1.ltrans.o
                0x000000002016c518                nv_facrotyNewRstFlagCheck
 *fill*         0x000000002016c542        0x2 
 .text.nv_facrotyNewRstFlagSet
                0x000000002016c544       0x24 /cygdrive/c/Users/huangli/AppData/Local/Temp/concurrent_sampleLight_b92.elf.SPZk6c.ltrans1.ltrans.o
                0x000000002016c544                nv_facrotyNewRstFlagSet
 .text.strcpy   0x000000002016c568       0x16 /cygdrive/c/Users/huangli/AppData/Local/Temp/concurrent_sampleLight_b92.elf.SPZk6c.ltrans1.ltrans.o
                0x000000002016c568                strcpy
 *fill*         0x000000002016c57e        0x2 
 .text._write   0x000000002016c580       0x48 /cygdrive/c/Users/huangli/AppData/Local/Temp/concurrent_sampleLight_b92.elf.SPZk6c.ltrans1.ltrans.o
                0x000000002016c580                _write
 .text.startup.main
                0x000000002016c5c8     0x10bc /cygdrive/c/Users/huangli/AppData/Local/Temp/concurrent_sampleLight_b92.elf.SPZk6c.ltrans1.ltrans.o
                0x000000002016c5c8                main
 .text.zbdemo_bdbIdentifyCb
                0x000000002016d684        0x2 /cygdrive/c/Users/huangli/AppData/Local/Temp/concurrent_sampleLight_b92.elf.SPZk6c.ltrans2.ltrans.o
                0x000000002016d684                zbdemo_bdbIdentifyCb
 *fill*         0x000000002016d686        0x2 
 .text.sampleLight_leaveIndHandler
                0x000000002016d688        0x2 /cygdrive/c/Users/huangli/AppData/Local/Temp/concurrent_sampleLight_b92.elf.SPZk6c.ltrans2.ltrans.o
                0x000000002016d688                sampleLight_leaveIndHandler
 *fill*         0x000000002016d68a        0x2 
 .text.sampleLight_nwkUpdateIndicateHandler
                0x000000002016d68c        0x6 /cygdrive/c/Users/huangli/AppData/Local/Temp/concurrent_sampleLight_b92.elf.SPZk6c.ltrans2.ltrans.o
                0x000000002016d68c                sampleLight_nwkUpdateIndicateHandler
 *fill*         0x000000002016d692        0x2 
 .text.sampleLight_basicCb
                0x000000002016d694        0x6 /cygdrive/c/Users/huangli/AppData/Local/Temp/concurrent_sampleLight_b92.elf.SPZk6c.ltrans2.ltrans.o
                0x000000002016d694                sampleLight_basicCb
 *fill*         0x000000002016d69a        0x2 
 .text.blt_ll_getMaxAalCentralNumber
                0x000000002016d69c        0x6 /cygdrive/c/Users/huangli/AppData/Local/Temp/concurrent_sampleLight_b92.elf.SPZk6c.ltrans2.ltrans.o
 *fill*         0x000000002016d6a2        0x2 
 .text.blt_acl_slave_mainloop_task
                0x000000002016d6a4        0x6 /cygdrive/c/Users/huangli/AppData/Local/Temp/concurrent_sampleLight_b92.elf.SPZk6c.ltrans2.ltrans.o
 *fill*         0x000000002016d6aa        0x2 
 .text.blt_ll_reset_leg_adv
                0x000000002016d6ac       0x32 /cygdrive/c/Users/huangli/AppData/Local/Temp/concurrent_sampleLight_b92.elf.SPZk6c.ltrans2.ltrans.o
 *fill*         0x000000002016d6de        0x2 
 .text.l2cap_att_search
                0x000000002016d6e0       0xa4 /cygdrive/c/Users/huangli/AppData/Local/Temp/concurrent_sampleLight_b92.elf.SPZk6c.ltrans2.ltrans.o
 .text.blc_att_requestMtuSizeExchange
                0x000000002016d784       0x6e /cygdrive/c/Users/huangli/AppData/Local/Temp/concurrent_sampleLight_b92.elf.SPZk6c.ltrans2.ltrans.o
 *fill*         0x000000002016d7f2        0x2 
 .text.att_Find_end_group
                0x000000002016d7f4       0x8c /cygdrive/c/Users/huangli/AppData/Local/Temp/concurrent_sampleLight_b92.elf.SPZk6c.ltrans2.ltrans.o
 .text.att_find_by_type_value_search
                0x000000002016d880       0xd6 /cygdrive/c/Users/huangli/AppData/Local/Temp/concurrent_sampleLight_b92.elf.SPZk6c.ltrans2.ltrans.o
 *fill*         0x000000002016d956        0x2 
 .text.att_read_by_group_type_request_search
                0x000000002016d958       0xdc /cygdrive/c/Users/huangli/AppData/Local/Temp/concurrent_sampleLight_b92.elf.SPZk6c.ltrans2.ltrans.o
 .text.blt_gatt_requestServiceAccess
                0x000000002016da34       0x6c /cygdrive/c/Users/huangli/AppData/Local/Temp/concurrent_sampleLight_b92.elf.SPZk6c.ltrans2.ltrans.o
 .text.softTimer_getTimerValue
                0x000000002016daa0        0x6 /cygdrive/c/Users/huangli/AppData/Local/Temp/concurrent_sampleLight_b92.elf.SPZk6c.ltrans2.ltrans.o
 *fill*         0x000000002016daa6        0x2 
 .text.blt_gap_ble_hci_rever_handler
                0x000000002016daa8        0x6 /cygdrive/c/Users/huangli/AppData/Local/Temp/concurrent_sampleLight_b92.elf.SPZk6c.ltrans2.ltrans.o
 *fill*         0x000000002016daae        0x2 
 .text.blt_smp_llEncryptionPause
                0x000000002016dab0       0x12 /cygdrive/c/Users/huangli/AppData/Local/Temp/concurrent_sampleLight_b92.elf.SPZk6c.ltrans2.ltrans.o
 *fill*         0x000000002016dac2        0x2 
 .text.spList_insertNode
                0x000000002016dac4       0x88 /cygdrive/c/Users/huangli/AppData/Local/Temp/concurrent_sampleLight_b92.elf.SPZk6c.ltrans2.ltrans.o
 .text.blt_l2cap_get_s_tx_buff
                0x000000002016db4c       0x24 /cygdrive/c/Users/huangli/AppData/Local/Temp/concurrent_sampleLight_b92.elf.SPZk6c.ltrans2.ltrans.o
 .text.blm_l2cap_processConnParamUpdatePending
                0x000000002016db70       0x2e /cygdrive/c/Users/huangli/AppData/Local/Temp/concurrent_sampleLight_b92.elf.SPZk6c.ltrans2.ltrans.o
 *fill*         0x000000002016db9e        0x2 
 .text.blt_l2cap_para_pre_init
                0x000000002016dba0       0x54 /cygdrive/c/Users/huangli/AppData/Local/Temp/concurrent_sampleLight_b92.elf.SPZk6c.ltrans2.ltrans.o
 .text.blt_smp_pushPairingFailed
                0x000000002016dbf4       0x1e /cygdrive/c/Users/huangli/AppData/Local/Temp/concurrent_sampleLight_b92.elf.SPZk6c.ltrans2.ltrans.o
 *fill*         0x000000002016dc12        0x2 
 .text.light_blink_start
                0x000000002016dc14       0x4e /cygdrive/c/Users/huangli/AppData/Local/Temp/concurrent_sampleLight_b92.elf.SPZk6c.ltrans2.ltrans.o
 *fill*         0x000000002016dc62        0x2 
 .text.light_blink_stop
                0x000000002016dc64       0x9e /cygdrive/c/Users/huangli/AppData/Local/Temp/concurrent_sampleLight_b92.elf.SPZk6c.ltrans2.ltrans.o
 *fill*         0x000000002016dd02        0x2 
 .text.sampleLight_zclIdentifyTimerCb
                0x000000002016dd04       0x28 /cygdrive/c/Users/huangli/AppData/Local/Temp/concurrent_sampleLight_b92.elf.SPZk6c.ltrans2.ltrans.o
 .text.sampleLight_identifyCb
                0x000000002016dd2c      0x206 /cygdrive/c/Users/huangli/AppData/Local/Temp/concurrent_sampleLight_b92.elf.SPZk6c.ltrans2.ltrans.o
                0x000000002016dd2c                sampleLight_identifyCb
 *fill*         0x000000002016df32        0x2 
 .text.matterCommissionTimeoutCb
                0x000000002016df34       0x5e /cygdrive/c/Users/huangli/AppData/Local/Temp/concurrent_sampleLight_b92.elf.SPZk6c.ltrans2.ltrans.o
 *fill*         0x000000002016df92        0x2 
 .text.sampleLight_bdbNetworkSteerStart
                0x000000002016df94       0x5c /cygdrive/c/Users/huangli/AppData/Local/Temp/concurrent_sampleLight_b92.elf.SPZk6c.ltrans2.ltrans.o
 .text.zbdemo_bdbInitCb
                0x000000002016dff0      0x11a /cygdrive/c/Users/huangli/AppData/Local/Temp/concurrent_sampleLight_b92.elf.SPZk6c.ltrans2.ltrans.o
                0x000000002016dff0                zbdemo_bdbInitCb
 *fill*         0x000000002016e10a        0x2 
 .text.zbdemo_bdbCommissioningCb
                0x000000002016e10c      0x124 /cygdrive/c/Users/huangli/AppData/Local/Temp/concurrent_sampleLight_b92.elf.SPZk6c.ltrans2.ltrans.o
                0x000000002016e10c                zbdemo_bdbCommissioningCb
 .text.sampleLight_recoveryStart
                0x000000002016e230       0x12 /cygdrive/c/Users/huangli/AppData/Local/Temp/concurrent_sampleLight_b92.elf.SPZk6c.ltrans2.ltrans.o
 *fill*         0x000000002016e242        0x2 
 .text.sampleLight_leaveCnfHandler.part.0
                0x000000002016e244       0xb4 /cygdrive/c/Users/huangli/AppData/Local/Temp/concurrent_sampleLight_b92.elf.SPZk6c.ltrans2.ltrans.o
 .text.sampleLight_leaveCnfHandler
                0x000000002016e2f8        0xc /cygdrive/c/Users/huangli/AppData/Local/Temp/concurrent_sampleLight_b92.elf.SPZk6c.ltrans2.ltrans.o
                0x000000002016e2f8                sampleLight_leaveCnfHandler
 .text.sampleLight_zclProcessIncomingMsg
                0x000000002016e304      0x2b8 /cygdrive/c/Users/huangli/AppData/Local/Temp/concurrent_sampleLight_b92.elf.SPZk6c.ltrans2.ltrans.o
                0x000000002016e304                sampleLight_zclProcessIncomingMsg
 .text.sampleLight_groupCb
                0x000000002016e5bc       0xf6 /cygdrive/c/Users/huangli/AppData/Local/Temp/concurrent_sampleLight_b92.elf.SPZk6c.ltrans2.ltrans.o
                0x000000002016e5bc                sampleLight_groupCb
 *fill*         0x000000002016e6b2        0x2 
 .text.factoryRst_timerCb.lto_priv.0
                0x000000002016e6b4       0x5e /cygdrive/c/Users/huangli/AppData/Local/Temp/concurrent_sampleLight_b92.elf.SPZk6c.ltrans2.ltrans.o
                0x000000002016e6b4                factoryRst_timerCb.lto_priv.0
 *fill*         0x000000002016e712        0x2 
 .text.blt_acl_conn_mainloop_task
                0x000000002016e714      0x272 /cygdrive/c/Users/huangli/AppData/Local/Temp/concurrent_sampleLight_b92.elf.SPZk6c.ltrans2.ltrans.o
                0x000000002016e714                blt_acl_conn_mainloop_task
 *fill*         0x000000002016e986        0x2 
 .text.blt_ll_resolvGenerateRpa
                0x000000002016e988       0x7a /cygdrive/c/Users/huangli/AppData/Local/Temp/concurrent_sampleLight_b92.elf.SPZk6c.ltrans2.ltrans.o
 *fill*         0x000000002016ea02        0x2 
 .text.blt_signal_proc_connParamUpdateReq
                0x000000002016ea04      0x112 /cygdrive/c/Users/huangli/AppData/Local/Temp/concurrent_sampleLight_b92.elf.SPZk6c.ltrans2.ltrans.o
 *fill*         0x000000002016eb16        0x2 
 .text.blt_signal_proc_connParamUpdateRsp
                0x000000002016eb18       0x40 /cygdrive/c/Users/huangli/AppData/Local/Temp/concurrent_sampleLight_b92.elf.SPZk6c.ltrans2.ltrans.o
 .text.blt_gap_ll_enc_done_handler
                0x000000002016eb58      0x144 /cygdrive/c/Users/huangli/AppData/Local/Temp/concurrent_sampleLight_b92.elf.SPZk6c.ltrans2.ltrans.o
 .text.free_nonreten
                0x000000002016ec9c       0x12 /cygdrive/c/Users/huangli/AppData/Local/Temp/concurrent_sampleLight_b92.elf.SPZk6c.ltrans2.ltrans.o
 *fill*         0x000000002016ecae        0x2 
 .text.blt_gattc_clearAttr
                0x000000002016ecb0       0xac /cygdrive/c/Users/huangli/AppData/Local/Temp/concurrent_sampleLight_b92.elf.SPZk6c.ltrans2.ltrans.o
 .text.blt_gattc_aclStateChangeCb
                0x000000002016ed5c        0xe /cygdrive/c/Users/huangli/AppData/Local/Temp/concurrent_sampleLight_b92.elf.SPZk6c.ltrans2.ltrans.o
 *fill*         0x000000002016ed6a        0x2 
 .text.blt_gattc_attRequestTimerCb
                0x000000002016ed6c       0x32 /cygdrive/c/Users/huangli/AppData/Local/Temp/concurrent_sampleLight_b92.elf.SPZk6c.ltrans2.ltrans.o
 *fill*         0x000000002016ed9e        0x2 
 .text.blt_l2cap_processConnParamUpdateReq
                0x000000002016eda0       0x5a /cygdrive/c/Users/huangli/AppData/Local/Temp/concurrent_sampleLight_b92.elf.SPZk6c.ltrans2.ltrans.o
 *fill*         0x000000002016edfa        0x2 
 .text.light_colorUpdate.lto_priv.0
                0x000000002016edfc      0x7c8 /cygdrive/c/Users/huangli/AppData/Local/Temp/concurrent_sampleLight_b92.elf.SPZk6c.ltrans2.ltrans.o
                0x000000002016edfc                light_colorUpdate.lto_priv.0
 .text.sampleLight_colorTimerEvtCb.lto_priv.0
                0x000000002016f5c4      0x246 /cygdrive/c/Users/huangli/AppData/Local/Temp/concurrent_sampleLight_b92.elf.SPZk6c.ltrans2.ltrans.o
                0x000000002016f5c4                sampleLight_colorTimerEvtCb.lto_priv.0
 *fill*         0x000000002016f80a        0x2 
 .text.sampleLight_colorCtrlCb
                0x000000002016f80c      0x67e /cygdrive/c/Users/huangli/AppData/Local/Temp/concurrent_sampleLight_b92.elf.SPZk6c.ltrans2.ltrans.o
                0x000000002016f80c                sampleLight_colorCtrlCb
 *fill*         0x000000002016fe8a        0x2 
 .text.hwLight_onOffUpdate.lto_priv.0
                0x000000002016fe8c       0x6c /cygdrive/c/Users/huangli/AppData/Local/Temp/concurrent_sampleLight_b92.elf.SPZk6c.ltrans2.ltrans.o
                0x000000002016fe8c                hwLight_onOffUpdate.lto_priv.0
 .text.light_blink_TimerEvtCb
                0x000000002016fef8       0xf0 /cygdrive/c/Users/huangli/AppData/Local/Temp/concurrent_sampleLight_b92.elf.SPZk6c.ltrans2.ltrans.o
 .text.sampleLight_OnWithTimedOffTimerCb
                0x000000002016ffe8       0x8a /cygdrive/c/Users/huangli/AppData/Local/Temp/concurrent_sampleLight_b92.elf.SPZk6c.ltrans2.ltrans.o
 *fill*         0x0000000020170072        0x2 
 .text.sampleLight_colorInit
                0x0000000020170074      0x140 /cygdrive/c/Users/huangli/AppData/Local/Temp/concurrent_sampleLight_b92.elf.SPZk6c.ltrans2.ltrans.o
                0x0000000020170074                sampleLight_colorInit
 .text.sampleLight_coupleColorTemp.lto_priv.0
                0x00000000201701b4       0x40 /cygdrive/c/Users/huangli/AppData/Local/Temp/concurrent_sampleLight_b92.elf.SPZk6c.ltrans2.ltrans.o
                0x00000000201701b4                sampleLight_coupleColorTemp.lto_priv.0
 .text.sampleLight_levelTimerEvtCb.lto_priv.0
                0x00000000201701f4      0x14c /cygdrive/c/Users/huangli/AppData/Local/Temp/concurrent_sampleLight_b92.elf.SPZk6c.ltrans2.ltrans.o
                0x00000000201701f4                sampleLight_levelTimerEvtCb.lto_priv.0
 .text.sampleLight_levelCb
                0x0000000020170340      0x2f4 /cygdrive/c/Users/huangli/AppData/Local/Temp/concurrent_sampleLight_b92.elf.SPZk6c.ltrans2.ltrans.o
                0x0000000020170340                sampleLight_levelCb
 .text.sampleLight_onOffUpdate
                0x0000000020170634       0x5c /cygdrive/c/Users/huangli/AppData/Local/Temp/concurrent_sampleLight_b92.elf.SPZk6c.ltrans2.ltrans.o
                0x0000000020170634                sampleLight_onOffUpdate
 .text.sampleLight_onOffCb
                0x0000000020170690      0x130 /cygdrive/c/Users/huangli/AppData/Local/Temp/concurrent_sampleLight_b92.elf.SPZk6c.ltrans2.ltrans.o
                0x0000000020170690                sampleLight_onOffCb
 .text.sampleLight_sceneCb
                0x00000000201707c0      0x38c /cygdrive/c/Users/huangli/AppData/Local/Temp/concurrent_sampleLight_b92.elf.SPZk6c.ltrans2.ltrans.o
                0x00000000201707c0                sampleLight_sceneCb
 .text.blt_signal_proc_cmdRejectRsp
                0x0000000020170b4c        0x6 /cygdrive/c/Users/huangli/AppData/Local/Temp/concurrent_sampleLight_b92.elf.SPZk6c.ltrans2.ltrans.o
 *fill*         0x0000000020170b52        0x2 
 .text.blt_ll_legadv_direct_adv_timeout
                0x0000000020170b54      0x104 /cygdrive/c/Users/huangli/AppData/Local/Temp/concurrent_sampleLight_b92.elf.SPZk6c.ltrans2.ltrans.o
 .text.blt_smp_setAddress
                0x0000000020170c58      0x356 /cygdrive/c/Users/huangli/AppData/Local/Temp/concurrent_sampleLight_b92.elf.SPZk6c.ltrans2.ltrans.o
                0x0000000020170c58                blt_smp_setAddress
 *fill*         0x0000000020170fae        0x2 
 .text.blt_smp_pushSmpCmdPkt
                0x0000000020170fb0      0x39c /cygdrive/c/Users/huangli/AppData/Local/Temp/concurrent_sampleLight_b92.elf.SPZk6c.ltrans2.ltrans.o
 .text.crc16    0x000000002017134c       0x38 /cygdrive/c/Users/huangli/AppData/Local/Temp/concurrent_sampleLight_b92.elf.SPZk6c.ltrans2.ltrans.o
                0x000000002017134c                crc16
 .text.blc_ll_isBleTaskIdle
                0x0000000020171384       0x18 /cygdrive/c/Users/huangli/AppData/Local/Temp/concurrent_sampleLight_b92.elf.SPZk6c.ltrans2.ltrans.o
                0x0000000020171384                blc_ll_isBleTaskIdle
 .text.ble_radio_init
                0x000000002017139c       0x60 /cygdrive/c/Users/huangli/AppData/Local/Temp/concurrent_sampleLight_b92.elf.SPZk6c.ltrans2.ltrans.o
                0x000000002017139c                ble_radio_init
 .text.blt_acl_conn_rx_fifo_proc
                0x00000000201713fc       0x8c /cygdrive/c/Users/huangli/AppData/Local/Temp/concurrent_sampleLight_b92.elf.SPZk6c.ltrans2.ltrans.o
                0x00000000201713fc                blt_acl_conn_rx_fifo_proc
 .text.blt_ll_processFeatureExchange
                0x0000000020171488       0xec /cygdrive/c/Users/huangli/AppData/Local/Temp/concurrent_sampleLight_b92.elf.SPZk6c.ltrans2.ltrans.o
                0x0000000020171488                blt_ll_processFeatureExchange
 .text.blt_llmsPushLlCtrlPkt
                0x0000000020171574       0x22 /cygdrive/c/Users/huangli/AppData/Local/Temp/concurrent_sampleLight_b92.elf.SPZk6c.ltrans2.ltrans.o
                0x0000000020171574                blt_llmsPushLlCtrlPkt
 *fill*         0x0000000020171596        0x2 
 .text.blt_llms_rejectInd
                0x0000000020171598       0x58 /cygdrive/c/Users/huangli/AppData/Local/Temp/concurrent_sampleLight_b92.elf.SPZk6c.ltrans2.ltrans.o
                0x0000000020171598                blt_llms_rejectInd
 .text.blc_ll_getConnectionStartTick
                0x00000000201715f0       0x16 /cygdrive/c/Users/huangli/AppData/Local/Temp/concurrent_sampleLight_b92.elf.SPZk6c.ltrans2.ltrans.o
                0x00000000201715f0                blc_ll_getConnectionStartTick
 *fill*         0x0000000020171606        0x2 
 .text.blt_ll_isAclhdlInvalid
                0x0000000020171608       0x3a /cygdrive/c/Users/huangli/AppData/Local/Temp/concurrent_sampleLight_b92.elf.SPZk6c.ltrans2.ltrans.o
                0x0000000020171608                blt_ll_isAclhdlInvalid
 *fill*         0x0000000020171642        0x2 
 .text.blt_gattc_mtuSizeExchangeReq
                0x0000000020171644       0xa8 /cygdrive/c/Users/huangli/AppData/Local/Temp/concurrent_sampleLight_b92.elf.SPZk6c.ltrans2.ltrans.o
 .text.blt_ll_rspTimeoutLoopEvt
                0x00000000201716ec       0x3a /cygdrive/c/Users/huangli/AppData/Local/Temp/concurrent_sampleLight_b92.elf.SPZk6c.ltrans2.ltrans.o
                0x00000000201716ec                blt_ll_rspTimeoutLoopEvt
 *fill*         0x0000000020171726        0x2 
 .text.blt_ll_setEncryptionBusy
                0x0000000020171728       0x16 /cygdrive/c/Users/huangli/AppData/Local/Temp/concurrent_sampleLight_b92.elf.SPZk6c.ltrans2.ltrans.o
                0x0000000020171728                blt_ll_setEncryptionBusy
 *fill*         0x000000002017173e        0x2 
 .text.blt_ll_isEncryptionBusy
                0x0000000020171740       0x16 /cygdrive/c/Users/huangli/AppData/Local/Temp/concurrent_sampleLight_b92.elf.SPZk6c.ltrans2.ltrans.o
                0x0000000020171740                blt_ll_isEncryptionBusy
 *fill*         0x0000000020171756        0x2 
 .text.blt_ll_procDlePending
                0x0000000020171758       0x80 /cygdrive/c/Users/huangli/AppData/Local/Temp/concurrent_sampleLight_b92.elf.SPZk6c.ltrans2.ltrans.o
                0x0000000020171758                blt_ll_procDlePending
 .text.blt_att_procMtuExgPending
                0x00000000201717d8       0xa8 /cygdrive/c/Users/huangli/AppData/Local/Temp/concurrent_sampleLight_b92.elf.SPZk6c.ltrans2.ltrans.o
 .text.blc_ll_initAclPeriphrRole_module
                0x0000000020171880       0x6a /cygdrive/c/Users/huangli/AppData/Local/Temp/concurrent_sampleLight_b92.elf.SPZk6c.ltrans2.ltrans.o
                0x0000000020171880                blc_ll_initAclPeriphrRole_module
 *fill*         0x00000000201718ea        0x2 
 .text.blt_ll_sendPhyReq
                0x00000000201718ec       0x72 /cygdrive/c/Users/huangli/AppData/Local/Temp/concurrent_sampleLight_b92.elf.SPZk6c.ltrans2.ltrans.o
                0x00000000201718ec                blt_ll_sendPhyReq
 *fill*         0x000000002017195e        0x2 
 .text.blt_ll_sendPhyUpdateInd
                0x0000000020171960      0x102 /cygdrive/c/Users/huangli/AppData/Local/Temp/concurrent_sampleLight_b92.elf.SPZk6c.ltrans2.ltrans.o
                0x0000000020171960                blt_ll_sendPhyUpdateInd
 *fill*         0x0000000020171a62        0x2 
 .text.blt_ll_resolvRefreshRpa
                0x0000000020171a64       0x5e /cygdrive/c/Users/huangli/AppData/Local/Temp/concurrent_sampleLight_b92.elf.SPZk6c.ltrans2.ltrans.o
                0x0000000020171a64                blt_ll_resolvRefreshRpa
 *fill*         0x0000000020171ac2        0x2 
 .text.blc_gap_getMasterSlavePara
                0x0000000020171ac4       0x18 /cygdrive/c/Users/huangli/AppData/Local/Temp/concurrent_sampleLight_b92.elf.SPZk6c.ltrans2.ltrans.o
                0x0000000020171ac4                blc_gap_getMasterSlavePara
 .text.blt_gap_conn_complete_handler
                0x0000000020171adc       0x78 /cygdrive/c/Users/huangli/AppData/Local/Temp/concurrent_sampleLight_b92.elf.SPZk6c.ltrans2.ltrans.o
 .text.blt_gap_conn_terminate_handler
                0x0000000020171b54       0xd2 /cygdrive/c/Users/huangli/AppData/Local/Temp/concurrent_sampleLight_b92.elf.SPZk6c.ltrans2.ltrans.o
 *fill*         0x0000000020171c26        0x2 
 .text.bls_gap_getSlavePara
                0x0000000020171c28       0x12 /cygdrive/c/Users/huangli/AppData/Local/Temp/concurrent_sampleLight_b92.elf.SPZk6c.ltrans2.ltrans.o
                0x0000000020171c28                bls_gap_getSlavePara
 *fill*         0x0000000020171c3a        0x2 
 .text.blc_gap_init
                0x0000000020171c3c       0x66 /cygdrive/c/Users/huangli/AppData/Local/Temp/concurrent_sampleLight_b92.elf.SPZk6c.ltrans2.ltrans.o
                0x0000000020171c3c                blc_gap_init
 *fill*         0x0000000020171ca2        0x2 
 .text.blt_l2cap_pushData_2_controller
                0x0000000020171ca4      0x230 /cygdrive/c/Users/huangli/AppData/Local/Temp/concurrent_sampleLight_b92.elf.SPZk6c.ltrans2.ltrans.o
                0x0000000020171ca4                blt_l2cap_pushData_2_controller
 .text.blt_process_pendingPkt
                0x0000000020171ed4       0x3c /cygdrive/c/Users/huangli/AppData/Local/Temp/concurrent_sampleLight_b92.elf.SPZk6c.ltrans2.ltrans.o
 .text.bls_att_l2capAttCmdHandler
                0x0000000020171f10      0xb58 /cygdrive/c/Users/huangli/AppData/Local/Temp/concurrent_sampleLight_b92.elf.SPZk6c.ltrans2.ltrans.o
 .text.bls_smp_llGetLtkReq
                0x0000000020172a68      0x3c6 /cygdrive/c/Users/huangli/AppData/Local/Temp/concurrent_sampleLight_b92.elf.SPZk6c.ltrans2.ltrans.o
                0x0000000020172a68                bls_smp_llGetLtkReq
 *fill*         0x0000000020172e2e        0x2 
 .text.blt_smp_l2capSmpCmdHandler
                0x0000000020172e30      0xe8e /cygdrive/c/Users/huangli/AppData/Local/Temp/concurrent_sampleLight_b92.elf.SPZk6c.ltrans2.ltrans.o
                0x0000000020172e30                blt_smp_l2capSmpCmdHandler
 *fill*         0x0000000020173cbe        0x2 
 .text.blc_l2cap_pktHandler
                0x0000000020173cc0      0x3ca /cygdrive/c/Users/huangli/AppData/Local/Temp/concurrent_sampleLight_b92.elf.SPZk6c.ltrans2.ltrans.o
                0x0000000020173cc0                blc_l2cap_pktHandler
 *fill*         0x000000002017408a        0x2 
 .text.blc_ll_initBasicMCU
                0x000000002017408c       0xa6 /cygdrive/c/Users/huangli/AppData/Local/Temp/concurrent_sampleLight_b92.elf.SPZk6c.ltrans2.ltrans.o
                0x000000002017408c                blc_ll_initBasicMCU
 *fill*         0x0000000020174132        0x2 
 .text.blt_ll_reset_bSlot_idx
                0x0000000020174134       0xa6 /cygdrive/c/Users/huangli/AppData/Local/Temp/concurrent_sampleLight_b92.elf.SPZk6c.ltrans2.ltrans.o
 *fill*         0x00000000201741da        0x2 
 .text.blt_ll_proc_bSlot_idx_overflow
                0x00000000201741dc       0x2c /cygdrive/c/Users/huangli/AppData/Local/Temp/concurrent_sampleLight_b92.elf.SPZk6c.ltrans2.ltrans.o
 .text.blc_sdk_main_loop
                0x0000000020174208       0xbc /cygdrive/c/Users/huangli/AppData/Local/Temp/concurrent_sampleLight_b92.elf.SPZk6c.ltrans2.ltrans.o
                0x0000000020174208                blc_sdk_main_loop
 .text.blt_llms_pushTxfifo
                0x00000000201742c4      0x22a /cygdrive/c/Users/huangli/AppData/Local/Temp/concurrent_sampleLight_b92.elf.SPZk6c.ltrans2.ltrans.o
                0x00000000201742c4                blt_llms_pushTxfifo
 *fill*         0x00000000201744ee        0x2 
 .text.blt_ll_getRealTxFifoNumber
                0x00000000201744f0       0x40 /cygdrive/c/Users/huangli/AppData/Local/Temp/concurrent_sampleLight_b92.elf.SPZk6c.ltrans2.ltrans.o
 .text.blt_ll_smpSecurityProc
                0x0000000020174530      0x176 /cygdrive/c/Users/huangli/AppData/Local/Temp/concurrent_sampleLight_b92.elf.SPZk6c.ltrans2.ltrans.o
                0x0000000020174530                blt_ll_smpSecurityProc
 *fill*         0x00000000201746a6        0x2 
 .text.blt_smp_proc_pairing_loop
                0x00000000201746a8      0x29e /cygdrive/c/Users/huangli/AppData/Local/Temp/concurrent_sampleLight_b92.elf.SPZk6c.ltrans2.ltrans.o
 *fill*         0x0000000020174946        0x2 
 .text.blt_gap_mainloop
                0x0000000020174948      0x27a /cygdrive/c/Users/huangli/AppData/Local/Temp/concurrent_sampleLight_b92.elf.SPZk6c.ltrans2.ltrans.o
 *fill*         0x0000000020174bc2        0x2 
 .text.blc_ll_setAdvEnable
                0x0000000020174bc4      0x152 /cygdrive/c/Users/huangli/AppData/Local/Temp/concurrent_sampleLight_b92.elf.SPZk6c.ltrans2.ltrans.o
                0x0000000020174bc4                blc_ll_setAdvEnable
 *fill*         0x0000000020174d16        0x2 
 .text.blt_leg_adv_mainloop_task
                0x0000000020174d18       0x66 /cygdrive/c/Users/huangli/AppData/Local/Temp/concurrent_sampleLight_b92.elf.SPZk6c.ltrans2.ltrans.o
                0x0000000020174d18                blt_leg_adv_mainloop_task
 *fill*         0x0000000020174d7e        0x2 
 .text.blt_ll_procInitiateConnectionTimeout
                0x0000000020174d80       0xce /cygdrive/c/Users/huangli/AppData/Local/Temp/concurrent_sampleLight_b92.elf.SPZk6c.ltrans2.ltrans.o
 *fill*         0x0000000020174e4e        0x2 
 .text.blt_init_mainloop_task
                0x0000000020174e50       0x3a /cygdrive/c/Users/huangli/AppData/Local/Temp/concurrent_sampleLight_b92.elf.SPZk6c.ltrans2.ltrans.o
                0x0000000020174e50                blt_init_mainloop_task
 *fill*         0x0000000020174e8a        0x2 
 .text.zb_task  0x0000000020174e8c      0x1ba /cygdrive/c/Users/huangli/AppData/Local/Temp/concurrent_sampleLight_b92.elf.SPZk6c.ltrans2.ltrans.o
 *fill*         0x0000000020175046        0x2 
 .text.zb_ble_switch_proc
                0x0000000020175048      0x332 /cygdrive/c/Users/huangli/AppData/Local/Temp/concurrent_sampleLight_b92.elf.SPZk6c.ltrans2.ltrans.o
                0x0000000020175048                zb_ble_switch_proc
 *fill*         0x000000002017537a        0x2 
 .text          0x000000002017537c       0xe4 /cygdrive/c/Users/huangli/AppData/Local/Temp/concurrent_sampleLight_b92.elf.SPZk6c.ltrans3.ltrans.o
                0x000000002017537c                flash_dread
                0x00000000201753a4                flash_read_mid
                0x00000000201753d0                flash_page_program
                0x0000000020175438                start_reboot
 .text.blt_smp_setCertTimeoutTick
                0x0000000020175460        0xe /cygdrive/c/Users/huangli/AppData/Local/Temp/concurrent_sampleLight_b92.elf.SPZk6c.ltrans3.ltrans.o
                0x0000000020175460                blt_smp_setCertTimeoutTick
 *fill*         0x000000002017546e        0x2 
 .text.ota_save_data
                0x0000000020175470      0x170 /cygdrive/c/Users/huangli/AppData/Local/Temp/concurrent_sampleLight_b92.elf.SPZk6c.ltrans3.ltrans.o
 .text.tl_zbMacPendingDataSearch.part.0
                0x00000000201755e0       0x80 /cygdrive/c/Users/huangli/AppData/Local/Temp/concurrent_sampleLight_b92.elf.SPZk6c.ltrans3.ltrans.o
 .text.tl_zbMacPendingDataSearch
                0x0000000020175660       0x12 /cygdrive/c/Users/huangli/AppData/Local/Temp/concurrent_sampleLight_b92.elf.SPZk6c.ltrans3.ltrans.o
 *fill*         0x0000000020175672        0x2 
 .text.blt_ota_pushVersionRsp
                0x0000000020175674       0x48 /cygdrive/c/Users/huangli/AppData/Local/Temp/concurrent_sampleLight_b92.elf.SPZk6c.ltrans3.ltrans.o
 .text.otaWrite
                0x00000000201756bc      0x400 /cygdrive/c/Users/huangli/AppData/Local/Temp/concurrent_sampleLight_b92.elf.SPZk6c.ltrans3.ltrans.o
                0x00000000201756bc                otaWrite
 .text.zb_info_save
                0x0000000020175abc       0x3e /cygdrive/c/Users/huangli/AppData/Local/Temp/concurrent_sampleLight_b92.elf.SPZk6c.ltrans3.ltrans.o
                0x0000000020175abc                zb_info_save
 *fill*         0x0000000020175afa        0x2 
 .text.tl_zbMlmeCmdDisassociateNotifyRecvd
                0x0000000020175afc       0x32 /cygdrive/c/Users/huangli/AppData/Local/Temp/concurrent_sampleLight_b92.elf.SPZk6c.ltrans3.ltrans.o
 *fill*         0x0000000020175b2e        0x2 
 .text.tl_zbMlmeCmdAssociateReqRecvd
                0x0000000020175b30       0x40 /cygdrive/c/Users/huangli/AppData/Local/Temp/concurrent_sampleLight_b92.elf.SPZk6c.ltrans3.ltrans.o
 .text.tl_zbMlmeCmdCoordRealignRecvd
                0x0000000020175b70       0xbc /cygdrive/c/Users/huangli/AppData/Local/Temp/concurrent_sampleLight_b92.elf.SPZk6c.ltrans3.ltrans.o
 .text.tl_zbMlmeCmdOrphanNotifyRecvd
                0x0000000020175c2c       0x36 /cygdrive/c/Users/huangli/AppData/Local/Temp/concurrent_sampleLight_b92.elf.SPZk6c.ltrans3.ltrans.o
 *fill*         0x0000000020175c62        0x2 
 .text.tl_zbMlmeCmdBeaconReqRecvd
                0x0000000020175c64       0x96 /cygdrive/c/Users/huangli/AppData/Local/Temp/concurrent_sampleLight_b92.elf.SPZk6c.ltrans3.ltrans.o
 *fill*         0x0000000020175cfa        0x2 
 .text.tl_zbMacPollRequestHandler
                0x0000000020175cfc       0x94 /cygdrive/c/Users/huangli/AppData/Local/Temp/concurrent_sampleLight_b92.elf.SPZk6c.ltrans3.ltrans.o
                0x0000000020175cfc                tl_zbMacPollRequestHandler
 .text.tl_zbMacStartReqConfirm
                0x0000000020175d90       0x7a /cygdrive/c/Users/huangli/AppData/Local/Temp/concurrent_sampleLight_b92.elf.SPZk6c.ltrans3.ltrans.o
 *fill*         0x0000000020175e0a        0x2 
 .text.mac_waitTxIrqCb
                0x0000000020175e0c       0x3e /cygdrive/c/Users/huangli/AppData/Local/Temp/concurrent_sampleLight_b92.elf.SPZk6c.ltrans3.ltrans.o
                0x0000000020175e0c                mac_waitTxIrqCb
 *fill*         0x0000000020175e4a        0x2 
 .text.nwkMsgSendCb
                0x0000000020175e4c       0x42 /cygdrive/c/Users/huangli/AppData/Local/Temp/concurrent_sampleLight_b92.elf.SPZk6c.ltrans3.ltrans.o
                0x0000000020175e4c                nwkMsgSendCb
 *fill*         0x0000000020175e8e        0x2 
 .text.nwkMsgSendCbDelay
                0x0000000020175e90       0x12 /cygdrive/c/Users/huangli/AppData/Local/Temp/concurrent_sampleLight_b92.elf.SPZk6c.ltrans3.ltrans.o
 *fill*         0x0000000020175ea2        0x2 
 .text.nwk_nodeAddrInfoStore
                0x0000000020175ea4      0x126 /cygdrive/c/Users/huangli/AppData/Local/Temp/concurrent_sampleLight_b92.elf.SPZk6c.ltrans3.ltrans.o
                0x0000000020175ea4                nwk_nodeAddrInfoStore
 *fill*         0x0000000020175fca        0x2 
 .text.nwkBrcMsgPassiveAckTimeoutCb
                0x0000000020175fcc      0x182 /cygdrive/c/Users/huangli/AppData/Local/Temp/concurrent_sampleLight_b92.elf.SPZk6c.ltrans3.ltrans.o
                0x0000000020175fcc                nwkBrcMsgPassiveAckTimeoutCb
 *fill*         0x000000002017614e        0x2 
 .text.nwkBrcMsgAllDevicesCb
                0x0000000020176150       0xc6 /cygdrive/c/Users/huangli/AppData/Local/Temp/concurrent_sampleLight_b92.elf.SPZk6c.ltrans3.ltrans.o
                0x0000000020176150                nwkBrcMsgAllDevicesCb
 *fill*         0x0000000020176216        0x2 
 .text.tl_zbNwkNldeDataRequestHandler
                0x0000000020176218      0x1c6 /cygdrive/c/Users/huangli/AppData/Local/Temp/concurrent_sampleLight_b92.elf.SPZk6c.ltrans3.ltrans.o
                0x0000000020176218                tl_zbNwkNldeDataRequestHandler
 *fill*         0x00000000201763de        0x2 
 .text.blt_smp_param_pre_init
                0x00000000201763e0       0x2e /cygdrive/c/Users/huangli/AppData/Local/Temp/concurrent_sampleLight_b92.elf.SPZk6c.ltrans3.ltrans.o
                0x00000000201763e0                blt_smp_param_pre_init
 *fill*         0x000000002017640e        0x2 
 .text.blt_smp_sendSecurityRequest
                0x0000000020176410       0x5a /cygdrive/c/Users/huangli/AppData/Local/Temp/concurrent_sampleLight_b92.elf.SPZk6c.ltrans3.ltrans.o
                0x0000000020176410                blt_smp_sendSecurityRequest
 *fill*         0x000000002017646a        0x2 
 .text.blt_smp_procSlaveSecurityRequest
                0x000000002017646c       0x8c /cygdrive/c/Users/huangli/AppData/Local/Temp/concurrent_sampleLight_b92.elf.SPZk6c.ltrans3.ltrans.o
                0x000000002017646c                blt_smp_procSlaveSecurityRequest
 .text.blt_smp_procCentralPairingRequest
                0x00000000201764f8       0x70 /cygdrive/c/Users/huangli/AppData/Local/Temp/concurrent_sampleLight_b92.elf.SPZk6c.ltrans3.ltrans.o
                0x00000000201764f8                blt_smp_procCentralPairingRequest
 .text.blc_smp_isPairingBusy
                0x0000000020176568       0x12 /cygdrive/c/Users/huangli/AppData/Local/Temp/concurrent_sampleLight_b92.elf.SPZk6c.ltrans3.ltrans.o
                0x0000000020176568                blc_smp_isPairingBusy
 *fill*         0x000000002017657a        0x2 
 .text.blt_smp_getStkGenMethod
                0x000000002017657c       0x6e /cygdrive/c/Users/huangli/AppData/Local/Temp/concurrent_sampleLight_b92.elf.SPZk6c.ltrans3.ltrans.o
                0x000000002017657c                blt_smp_getStkGenMethod
 *fill*         0x00000000201765ea        0x2 
 .text.smp_write_flash_page
                0x00000000201765ec       0x7e /cygdrive/c/Users/huangli/AppData/Local/Temp/concurrent_sampleLight_b92.elf.SPZk6c.ltrans3.ltrans.o
                0x00000000201765ec                smp_write_flash_page
 *fill*         0x000000002017666a        0x2 
 .text.blt_smp_initBondingInfoFromFlash
                0x000000002017666c      0x354 /cygdrive/c/Users/huangli/AppData/Local/Temp/concurrent_sampleLight_b92.elf.SPZk6c.ltrans3.ltrans.o
                0x000000002017666c                blt_smp_initBondingInfoFromFlash
 .text.blc_smp_getBondingInfoCurStartAddr
                0x00000000201769c0        0x6 /cygdrive/c/Users/huangli/AppData/Local/Temp/concurrent_sampleLight_b92.elf.SPZk6c.ltrans3.ltrans.o
                0x00000000201769c0                blc_smp_getBondingInfoCurStartAddr
 *fill*         0x00000000201769c6        0x2 
 .text.blt_smp_procBondingInfoIndexAlarm
                0x00000000201769c8       0x36 /cygdrive/c/Users/huangli/AppData/Local/Temp/concurrent_sampleLight_b92.elf.SPZk6c.ltrans3.ltrans.o
                0x00000000201769c8                blt_smp_procBondingInfoIndexAlarm
 *fill*         0x00000000201769fe        0x2 
 .text.blt_smp_procPairingEnd
                0x0000000020176a00       0xba /cygdrive/c/Users/huangli/AppData/Local/Temp/concurrent_sampleLight_b92.elf.SPZk6c.ltrans3.ltrans.o
                0x0000000020176a00                blt_smp_procPairingEnd
 *fill*         0x0000000020176aba        0x2 
 .text.blt_smp_certTimeoutLoopEvt
                0x0000000020176abc       0x36 /cygdrive/c/Users/huangli/AppData/Local/Temp/concurrent_sampleLight_b92.elf.SPZk6c.ltrans3.ltrans.o
                0x0000000020176abc                blt_smp_certTimeoutLoopEvt
 *fill*         0x0000000020176af2        0x2 
 .text.blt_smp_saveBondingKey
                0x0000000020176af4      0x378 /cygdrive/c/Users/huangli/AppData/Local/Temp/concurrent_sampleLight_b92.elf.SPZk6c.ltrans3.ltrans.o
                0x0000000020176af4                blt_smp_saveBondingKey
 .text.tl_zbWaitForAssociationRespTimeout
                0x0000000020176e6c       0x3c /cygdrive/c/Users/huangli/AppData/Local/Temp/concurrent_sampleLight_b92.elf.SPZk6c.ltrans3.ltrans.o
 .text.macDataPending
                0x0000000020176ea8       0xb6 /cygdrive/c/Users/huangli/AppData/Local/Temp/concurrent_sampleLight_b92.elf.SPZk6c.ltrans3.ltrans.o
 *fill*         0x0000000020176f5e        0x2 
 .text.tl_zbMlmeCmdAssociateRespRecvd
                0x0000000020176f60       0xfe /cygdrive/c/Users/huangli/AppData/Local/Temp/concurrent_sampleLight_b92.elf.SPZk6c.ltrans3.ltrans.o
 *fill*         0x000000002017705e        0x2 
 .text.nwkBrcPeriodic
                0x0000000020177060       0x86 /cygdrive/c/Users/huangli/AppData/Local/Temp/concurrent_sampleLight_b92.elf.SPZk6c.ltrans3.ltrans.o
                0x0000000020177060                nwkBrcPeriodic
 *fill*         0x00000000201770e6        0x2 
 .text.blc_attc_sendMtuSizeExchangeRequest
                0x00000000201770e8       0x56 /cygdrive/c/Users/huangli/AppData/Local/Temp/concurrent_sampleLight_b92.elf.SPZk6c.ltrans3.ltrans.o
                0x00000000201770e8                blc_attc_sendMtuSizeExchangeRequest
 *fill*         0x000000002017713e        0x2 
 .text.aes_set_key_data
                0x0000000020177140       0x86 /cygdrive/c/Users/huangli/AppData/Local/Temp/concurrent_sampleLight_b92.elf.SPZk6c.ltrans3.ltrans.o
                0x0000000020177140                aes_set_key_data
 *fill*         0x00000000201771c6        0x2 
 .text.rf_set_zigbee_250K_mode
                0x00000000201771c8      0x126 /cygdrive/c/Users/huangli/AppData/Local/Temp/concurrent_sampleLight_b92.elf.SPZk6c.ltrans3.ltrans.o
                0x00000000201771c8                rf_set_zigbee_250K_mode
 *fill*         0x00000000201772ee        0x2 
 .text.efuse_read
                0x00000000201772f0       0x88 /cygdrive/c/Users/huangli/AppData/Local/Temp/concurrent_sampleLight_b92.elf.SPZk6c.ltrans3.ltrans.o
                0x00000000201772f0                efuse_read
 .text.nwk_linkStPeriodic
                0x0000000020177378       0x46 /cygdrive/c/Users/huangli/AppData/Local/Temp/concurrent_sampleLight_b92.elf.SPZk6c.ltrans3.ltrans.o
                0x0000000020177378                nwk_linkStPeriodic
 *fill*         0x00000000201773be        0x2 
 .text.generateRandomNum
                0x00000000201773c0       0x52 /cygdrive/c/Users/huangli/AppData/Local/Temp/concurrent_sampleLight_b92.elf.SPZk6c.ltrans3.ltrans.o
                0x00000000201773c0                generateRandomNum
 *fill*         0x0000000020177412        0x2 
 .text.zb_nwkKeySet
                0x0000000020177414       0x6e /cygdrive/c/Users/huangli/AppData/Local/Temp/concurrent_sampleLight_b92.elf.SPZk6c.ltrans3.ltrans.o
                0x0000000020177414                zb_nwkKeySet
 *fill*         0x0000000020177482        0x2 
 .text.mac_pibNvInit
                0x0000000020177484       0xca /cygdrive/c/Users/huangli/AppData/Local/Temp/concurrent_sampleLight_b92.elf.SPZk6c.ltrans3.ltrans.o
                0x0000000020177484                mac_pibNvInit
 *fill*         0x000000002017754e        0x2 
 .text.tl_zbMacHdrBuilder
                0x0000000020177550       0xe0 /cygdrive/c/Users/huangli/AppData/Local/Temp/concurrent_sampleLight_b92.elf.SPZk6c.ltrans3.ltrans.o
                0x0000000020177550                tl_zbMacHdrBuilder
 .text.tl_zbMacAssociateResponseHandler